02-23 09:39:25.909 10242 10263 I TestRunner: started: testAppLaunchAndStartRecording(com.innosage.androidagentictemplate.AppLaunchTest)
02-23 09:39:25.911 10242 10263 I UiAutomation: Initialized for user 0 on display 0
02-23 09:39:25.914  1665  2866 I AiAiEcho: Settings changed for uri: content://settings/secure/accessibility_enabled
02-23 09:39:25.915  1665  1892 I AiAiEcho: Predicting[0]:
02-23 09:39:25.915  1665  1892 I AiAiEcho: EchoTargets:
02-23 09:39:25.915  1665  1892 I AiAiEcho: Filtered by AiAi flag check:
02-23 09:39:25.915  1665  1892 I AiAiEcho: Ranked targets strategy: SORT, count: 0, ranking metadata:
02-23 09:39:25.915 10242 10265 V UiAutomation: Init UiAutomation@cea0ffc[id=2, displayId=0, flags=0]
02-23 09:39:25.915  1665  1892 I AiAiEcho: Predicting[0]:
02-23 09:39:25.915  1665  1892 I AiAiEcho: EchoTargets:
02-23 09:39:25.915  1665  1892 I AiAiEcho: Filtered by AiAi flag check:
02-23 09:39:25.915  1665  1892 I AiAiEcho: Ranked targets strategy: SORT, count: 0, ranking metadata:
02-23 09:39:25.915  1665  1892 I AiAiEcho: #postPredictionTargets: Sending updates to UISurface lockscreen with targets# 0 (types=[])
02-23 09:39:25.915  1665  1892 I AiAiEcho: #postPredictionTargets: Sending updates to UISurface home with targets# 0 (types=[])
02-23 09:39:25.919  1764  2184 I A       : NGA disabled due to not being eligible.
02-23 09:39:25.920 10242 10263 I UiAutomationShellCmd: Requesting permission: pm grant com.innosage.androidagentictemplate android.permission.RECORD_AUDIO
02-23 09:39:25.920 10242 10263 W UiAutomation: UiAutomation.grantRuntimePermission() is more robust and should be used instead of 'pm grant'
02-23 09:39:25.922   892   892 W PageIndicator: Total number of pages invalid: 0. Assuming 1 page.
02-23 09:39:25.937 10242 10263 I UiAutomationShellCmd: Requesting permission: pm grant com.innosage.androidagentictemplate android.permission.POST_NOTIFICATIONS
02-23 09:39:25.937 10242 10263 W UiAutomation: UiAutomation.grantRuntimePermission() is more robust and should be used instead of 'pm grant'
02-23 09:39:25.946 10242 10263 W Settings: Setting always_finish_activities has moved from android.provider.Settings.System to android.provider.Settings.Global, returning read-only value.
02-23 09:39:25.963   892   969 D SplashScreenView: Build android.window.SplashScreenView{f23479 V.E...... ......ID 0,0-0,0}
02-23 09:39:25.963   892   969 D SplashScreenView: Icon: view: null drawable: null size: 0
02-23 09:39:25.963   892   969 D SplashScreenView: Branding: view: android.view.View{1b365be G.ED..... ......I. 0,0-0,0 #10204ef android:id/splashscreen_branding_view} drawable: null size w: 0 h: 0
02-23 09:39:25.971   892   983 E OpenGLRenderer: Unable to match the desired swap behavior.
02-23 09:39:25.974 10242 10242 D AppCompatDelegate: Checking for metadata for AppLocalesMetadataHolderService : Service not found
02-23 09:39:25.978 10242 10242 D LifecycleMonitor: Lifecycle status change: com.innosage.androidagentictemplate.MainActivity@334d7d7 in: PRE_ON_CREATE
02-23 09:39:25.978 10242 10242 V ActivityScenario: Activity lifecycle changed event received but ignored because the reported transition was not ON_CREATE while the last known transition was PRE_ON_CREATE
02-23 09:39:25.981   392   392 I BpBinder: onLastStrongRef automatically unlinking death recipients:
02-23 09:39:25.984 10242 10282 D libEGL  : loaded /vendor/lib64/egl/libEGL_emulation.so
02-23 09:39:25.985 10242 10282 D libEGL  : loaded /vendor/lib64/egl/libGLESv1_CM_emulation.so
02-23 09:39:25.987 10242 10282 D libEGL  : loaded /vendor/lib64/egl/libGLESv2_emulation.so
02-23 09:39:26.000 10242 10242 W agentictemplate: Accessing hidden method Landroid/view/View;->computeFitSystemWindows(Landroid/graphics/Rect;Landroid/graphics/Rect;)Z (unsupported, reflection, allowed)
02-23 09:39:26.000 10242 10242 W agentictemplate: Accessing hidden method Landroid/view/ViewGroup;->makeOptionalFitsSystemWindows()V (unsupported, reflection, allowed)
02-23 09:39:26.000  1160  1982 D EGL_emulation: app_time_stats: avg=47.05ms min=14.93ms max=716.43ms count=23
02-23 09:39:26.001 10242 10242 D CompatibilityChangeReporter: Compat change id reported: 210923482; UID 10194; state: ENABLED
02-23 09:39:26.019 10242 10242 D LifecycleMonitor: Lifecycle status change: com.innosage.androidagentictemplate.MainActivity@334d7d7 in: CREATED
02-23 09:39:26.019 10242 10242 V ActivityScenario: Update currentActivityStage to CREATED, currentActivity=com.innosage.androidagentictemplate.MainActivity@334d7d7
02-23 09:39:26.021 10242 10242 D LifecycleMonitor: Lifecycle status change: com.innosage.androidagentictemplate.MainActivity@334d7d7 in: STARTED
02-23 09:39:26.021 10242 10242 V ActivityScenario: Update currentActivityStage to STARTED, currentActivity=com.innosage.androidagentictemplate.MainActivity@334d7d7
02-23 09:39:26.022 10242 10242 D LifecycleMonitor: Lifecycle status change: com.innosage.androidagentictemplate.MainActivity@334d7d7 in: RESUMED
02-23 09:39:26.022 10242 10242 V ActivityScenario: Update currentActivityStage to RESUMED, currentActivity=com.innosage.androidagentictemplate.MainActivity@334d7d7
02-23 09:39:26.025 10242 10242 D CompatibilityChangeReporter: Compat change id reported: 237531167; UID 10194; state: DISABLED
02-23 09:39:26.026 10242 10242 W OpenGLRenderer: Unknown dataspace 0
02-23 09:39:26.039   392   881 W ServiceManagerCppClient: Permission failure: android.permission.ROTATE_SURFACE_FLINGER from uid=10194 pid=10242
02-23 09:39:26.040   392   881 D PermissionCache: checking android.permission.ROTATE_SURFACE_FLINGER for uid=10194 => denied (163 us)
02-23 09:39:26.040   392   500 W ServiceManagerCppClient: Permission failure: android.permission.ROTATE_SURFACE_FLINGER from uid=10194 pid=0
02-23 09:39:26.040   392   500 D PermissionCache: checking android.permission.ROTATE_SURFACE_FLINGER for uid=10194 => denied (222 us)
02-23 09:39:26.040   392   500 W ServiceManagerCppClient: Permission failure: android.permission.INTERNAL_SYSTEM_WINDOW from uid=10194 pid=0
02-23 09:39:26.040   392   500 D PermissionCache: checking android.permission.INTERNAL_SYSTEM_WINDOW for uid=10194 => denied (167 us)
02-23 09:39:26.040   392   881 W ServiceManagerCppClient: Permission failure: android.permission.INTERNAL_SYSTEM_WINDOW from uid=10194 pid=10242
02-23 09:39:26.040   392   881 D PermissionCache: checking android.permission.INTERNAL_SYSTEM_WINDOW for uid=10194 => denied (397 us)
02-23 09:39:26.040   392   500 W ServiceManagerCppClient: Permission failure: android.permission.ACCESS_SURFACE_FLINGER from uid=10194 pid=0
02-23 09:39:26.040   392   500 D PermissionCache: checking android.permission.ACCESS_SURFACE_FLINGER for uid=10194 => denied (469 us)
02-23 09:39:26.041   392   881 W ServiceManagerCppClient: Permission failure: android.permission.ACCESS_SURFACE_FLINGER from uid=10194 pid=10242
02-23 09:39:26.041   392   881 D PermissionCache: checking android.permission.ACCESS_SURFACE_FLINGER for uid=10194 => denied (814 us)
02-23 09:39:26.045 10242 10280 W OpenGLRenderer: Failed to choose config with EGL_SWAP_BEHAVIOR_PRESERVED, retrying without...
02-23 09:39:26.045 10242 10280 W OpenGLRenderer: Failed to initialize 101010-2 format, error = EGL_SUCCESS
02-23 09:39:26.056   157   157 I hwservicemanager: getTransport: Cannot find entry android.hardware.graphics.mapper@4.0::IMapper/default in either framework or device VINTF manifest.
02-23 09:39:26.056 10242 10280 I Gralloc4: mapper 4.x is not supported
02-23 09:39:26.062 10242 10280 E OpenGLRenderer: Unable to match the desired swap behavior.
02-23 09:39:26.084   548  2347 W ServiceManagerCppClient: Permission failure: android.permission.ROTATE_SURFACE_FLINGER from uid=10194 pid=0
02-23 09:39:26.084   548  2347 D PermissionCache: checking android.permission.ROTATE_SURFACE_FLINGER for uid=10194 => denied (41 us)
02-23 09:39:26.085 10242 10242 D LifecycleMonitor: Lifecycle status change: com.innosage.androidagentictemplate.MainActivity@334d7d7 in: PAUSED
02-23 09:39:26.085   548  2347 W ServiceManagerCppClient: Permission failure: android.permission.INTERNAL_SYSTEM_WINDOW from uid=10194 pid=0
02-23 09:39:26.085   548  2347 D PermissionCache: checking android.permission.INTERNAL_SYSTEM_WINDOW for uid=10194 => denied (115 us)
02-23 09:39:26.085   548  2347 W ServiceManagerCppClient: Permission failure: android.permission.ACCESS_SURFACE_FLINGER from uid=10194 pid=0
02-23 09:39:26.085   548  2347 D PermissionCache: checking android.permission.ACCESS_SURFACE_FLINGER for uid=10194 => denied (11 us)
02-23 09:39:26.085 10242 10242 V ActivityScenario: Update currentActivityStage to PAUSED, currentActivity=com.innosage.androidagentictemplate.MainActivity@334d7d7
02-23 09:39:26.101   895   895 D AutofillManager: Fill dialog is enabled:false, hints=[]
02-23 09:39:26.142   548   565 I ActivityTaskManager: Displayed com.google.android.permissioncontroller/com.android.permissioncontroller.permission.ui.GrantPermissionsActivity for user 0: +189ms
02-23 09:39:26.157  1160  2380 D OneSearchSuggestProvider: Shut down the binder channel
02-23 09:39:26.157  1160  1211 I ImeTracker: com.google.android.apps.nexuslauncher:7b07f37d: onRequestHide at ORIGIN_CLIENT_HIDE_SOFT_INPUT reason HIDE_SOFT_INPUT
02-23 09:39:26.157  1160  1477 I IPCThreadState: oneway function results for code 2 on binder at 0xb4000072b2324570 will be dropped but finished with status UNKNOWN_TRANSACTION
02-23 09:39:26.158   548  2461 I ImeTracker: com.google.android.apps.nexuslauncher:7b07f37d: onCancelled at PHASE_SERVER_SHOULD_HIDE
02-23 09:39:26.161  1764  9926 I PBSessionCacheImpl: (REDACTED) Deleted sessionId[%d] from persistence.
02-23 09:39:26.169 10242 10242 D CompatibilityChangeReporter: Compat change id reported: 78294732; UID 10194; state: ENABLED
02-23 09:39:26.170 10242 10242 D LifecycleMonitor: Lifecycle status change: com.innosage.androidagentictemplate.MainActivity@334d7d7 in: RESUMED
02-23 09:39:26.170 10242 10242 V ActivityScenario: Update currentActivityStage to RESUMED, currentActivity=com.innosage.androidagentictemplate.MainActivity@334d7d7
02-23 09:39:26.174 10242 10263 W FileTestStorage: Output properties is not supported.
02-23 09:39:26.174  1764  2586 W SearchServiceCore: Abort, client detached.
02-23 09:39:26.175 10242 10263 I Tracing : Tracer added: class androidx.test.platform.tracing.AndroidXTracer
02-23 09:39:26.177 10242 10263 D CompatibilityChangeReporter: Compat change id reported: 247079863; UID 10194; state: ENABLED
02-23 09:39:26.178 10242 10263 D EventInjectionStrategy: Creating injection strategy with input manager.
02-23 09:39:26.179 10242 10263 W agentictemplate: Accessing hidden method Landroid/hardware/input/InputManager;->getInstance()Landroid/hardware/input/InputManager; (unsupported, reflection, allowed)
02-23 09:39:26.179 10242 10263 W agentictemplate: Accessing hidden method Landroid/hardware/input/InputManager;->injectInputEvent(Landroid/view/InputEvent;I)Z (unsupported, reflection, allowed)
02-23 09:39:26.179 10242 10263 W agentictemplate: Accessing hidden field Landroid/hardware/input/InputManager;->INJECT_INPUT_EVENT_MODE_WAIT_FOR_FINISH:I (unsupported, reflection, allowed)
02-23 09:39:26.179  1089  1394 D BtGatt.ScanManager: uid 10128 isForeground true scanMode -1
02-23 09:39:26.179  1089  1394 D BtGatt.ScanManager: uid 10128 isForeground true scanMode -1
02-23 09:39:26.184   895   895 W WindowOnBackDispatcher: sendCancelIfRunning: isInProgress=falsecallback=android.view.ViewRootImpl$$ExternalSyntheticLambda17@a72c0ef
02-23 09:39:26.185   548  2881 W InputManager-JNI: Input channel object '3a68c63 com.google.android.permissioncontroller/com.android.permissioncontroller.permission.ui.GrantPermissionsActivity (client)' was disposed without first being removed with the input manager!
02-23 09:39:26.186   548  2245 I ImeTracker: com.innosage.androidagentictemplate:8da8df22: onRequestHide at ORIGIN_SERVER_HIDE_INPUT reason HIDE_UNSPECIFIED_WINDOW
02-23 09:39:26.186   548  2245 I ImeTracker: com.innosage.androidagentictemplate:8da8df22: onCancelled at PHASE_SERVER_SHOULD_HIDE
02-23 09:39:26.188  1548  1548 I GoogleInputMethodService: GoogleInputMethodService.onFinishInput():3227
02-23 09:39:26.188  1548  1548 I GoogleInputMethodService: GoogleInputMethodService.updateDeviceLockedStatus():2087 repeatCheckTimes = 0, unlocked = true
02-23 09:39:26.189  1548  1548 I GoogleInputMethodService: GoogleInputMethodService.onStartInput():1877 onStartInput(EditorInfo{inputType=0x0(NULL) imeOptions=0x0 privateImeOptions=null actionName=UNSPECIFIED actionLabel=null actionId=0 initialSelStart=-1 initialSelEnd=-1 initialCapsMode=0x0 hintText=null label=null packageName=com.innosage.androidagentictemplate fieldId=0 fieldName=null extras=null}, false)
02-23 09:39:26.189  1548  1548 I GoogleInputMethodService: GoogleInputMethodService.shouldHideHeaderOnInitialState():4008 ShouldHideHeaderOnInitialState = false
02-23 09:39:26.189  1548  1548 I GoogleInputMethodService: GoogleInputMethodService.updateDeviceLockedStatus():2087 repeatCheckTimes = 2, unlocked = true
02-23 09:39:26.203 10242 10242 W agentictemplate: Accessing hidden method Landroid/os/MessageQueue;->next()Landroid/os/Message; (unsupported, reflection, allowed)
02-23 09:39:26.203 10242 10242 W agentictemplate: Accessing hidden field Landroid/os/MessageQueue;->mMessages:Landroid/os/Message; (unsupported, reflection, allowed)
02-23 09:39:26.203 10242 10242 W agentictemplate: Accessing hidden method Landroid/os/Message;->recycleUnchecked()V (unsupported, reflection, allowed)
02-23 09:39:26.218 10242 10242 W agentictemplate: Accessing hidden method Landroid/view/WindowManagerGlobal;->getInstance()Landroid/view/WindowManagerGlobal; (unsupported, reflection, allowed)
02-23 09:39:26.218 10242 10242 W agentictemplate: Accessing hidden field Landroid/view/WindowManagerGlobal;->mViews:Ljava/util/ArrayList; (unsupported, reflection, allowed)
02-23 09:39:26.218 10242 10242 W agentictemplate: Accessing hidden field Landroid/view/WindowManagerGlobal;->mParams:Ljava/util/ArrayList; (unsupported, reflection, allowed)
02-23 09:39:26.220 10242 10242 I ViewInteraction: Checking 'MatchesViewAssertion{viewMatcher=(view has effective visibility <VISIBLE> and view.getGlobalVisibleRect() to return non-empty rectangle)}' assertion on view view.getId() is <2131231104/com.innosage.androidagentictemplate:id/statusText>
02-23 09:39:26.221 10242 10242 I ViewInteraction: Checking 'MatchesViewAssertion{viewMatcher=an instance of android.widget.TextView and view.getText() with or without transformation to match: is "Ready to record"}' assertion on view view.getId() is <2131231104/com.innosage.androidagentictemplate:id/statusText>
02-23 09:39:26.222 10242 10242 I ViewInteraction: Checking 'MatchesViewAssertion{viewMatcher=(view has effective visibility <VISIBLE> and view.getGlobalVisibleRect() to return non-empty rectangle)}' assertion on view view.getId() is <2131231043/com.innosage.androidagentictemplate:id/recordButton>
02-23 09:39:26.223 10242 10263 W agentictemplate: Accessing hidden method Landroid/view/ViewConfiguration;->getDoubleTapMinTime()I (unsupported, reflection, allowed)
02-23 09:39:26.225 10242 10242 I ViewInteraction: Performing 'single click' action on view view.getId() is <2131231043/com.innosage.androidagentictemplate:id/recordButton>
02-23 09:39:26.226  1160  1160 D TaplEvents: TIS / TouchInteractionService.onInputEvent: MotionEvent { action=ACTION_DOWN, actionButton=0, id[0]=0, x[0]=73.5, y[0]=103.5, toolType[0]=TOOL_TYPE_UNKNOWN, buttonState=BUTTON_PRIMARY, classification=NONE, metaState=0, flags=0x0, edgeFlags=0x0, pointerCount=1, historySize=0, eventTime=44747762, downTime=44747762, deviceId=-1, source=0x1002, displayId=0, eventId=-139823546 }
02-23 09:39:26.228  1764  1788 W earchbox:search: Reducing the number of considered missed Gc histogram windows from 137 to 100
02-23 09:39:26.268  1160  1160 D TaplEvents: TIS / TouchInteractionService.onInputEvent: MotionEvent { action=ACTION_UP, actionButton=0, id[0]=0, x[0]=73.5, y[0]=103.5, toolType[0]=TOOL_TYPE_UNKNOWN, buttonState=BUTTON_PRIMARY, classification=NONE, metaState=0, flags=0x0, edgeFlags=0x0, pointerCount=1, historySize=0, eventTime=44747803, downTime=44747762, deviceId=-1, source=0x1002, displayId=0, eventId=-653441109 }
02-23 09:39:26.269   389  4285 D audioserver: FGS Logger Transaction failed
02-23 09:39:26.269   389  4285 D audioserver: -129
02-23 09:39:26.271   389   496 D AudioFlinger: mixer(0xb400007d5fd85930) throttle end: throttle time(34)
02-23 09:39:26.291 10242 10242 E WhisperLib: Native whisper library not found. Transcription will be disabled.
02-23 09:39:26.291 10242 10242 E WhisperLib: java.lang.UnsatisfiedLinkError: dlopen failed: library "libwhisper.so" not found
02-23 09:39:26.291 10242 10242 E WhisperLib: 	at java.lang.Runtime.loadLibrary0(Runtime.java:1082)
02-23 09:39:26.291 10242 10242 E WhisperLib: 	at java.lang.Runtime.loadLibrary0(Runtime.java:1003)
02-23 09:39:26.291 10242 10242 E WhisperLib: 	at java.lang.System.loadLibrary(System.java:1661)
02-23 09:39:26.291 10242 10242 E WhisperLib: 	at com.innosage.androidagentictemplate.whisper.WhisperLib.<clinit>(WhisperLib.kt:13)
02-23 09:39:26.291 10242 10242 E WhisperLib: 	at com.innosage.androidagentictemplate.TranscriptionEngine.<init>(TranscriptionEngine.kt:13)
02-23 09:39:26.291 10242 10242 E WhisperLib: 	at com.innosage.androidagentictemplate.AudioRecordService.onCreate(AudioRecordService.kt:56)
02-23 09:39:26.291 10242 10242 E WhisperLib: 	at android.app.ActivityThread.handleCreateService(ActivityThread.java:4651)
02-23 09:39:26.291 10242 10242 E WhisperLib: 	at android.app.ActivityThread.-$$Nest$mhandleCreateService(Unknown Source:0)
02-23 09:39:26.291 10242 10242 E WhisperLib: 	at android.app.ActivityThread$H.handleMessage(ActivityThread.java:2264)
02-23 09:39:26.291 10242 10242 E WhisperLib: 	at android.os.Handler.dispatchMessage(Handler.java:106)
02-23 09:39:26.291 10242 10242 E WhisperLib: 	at androidx.test.espresso.base.Interrogator.loopAndInterrogate(Interrogator.java:14)
02-23 09:39:26.291 10242 10242 E WhisperLib: 	at androidx.test.espresso.base.UiControllerImpl.loopUntil(UiControllerImpl.java:8)
02-23 09:39:26.291 10242 10242 E WhisperLib: 	at androidx.test.espresso.base.UiControllerImpl.loopUntil(UiControllerImpl.java:1)
02-23 09:39:26.291 10242 10242 E WhisperLib: 	at androidx.test.espresso.base.UiControllerImpl.injectMotionEvent(UiControllerImpl.java:5)
02-23 09:39:26.291 10242 10242 E WhisperLib: 	at androidx.test.espresso.action.MotionEvents.sendUp(MotionEvents.java:7)
02-23 09:39:26.291 10242 10242 E WhisperLib: 	at androidx.test.espresso.action.MotionEvents.sendUp(MotionEvents.java:1)
02-23 09:39:26.291 10242 10242 E WhisperLib: 	at androidx.test.espresso.action.Tap.sendSingleTap(Tap.java:5)
02-23 09:39:26.291 10242 10242 E WhisperLib: 	at androidx.test.espresso.action.Tap.-$$Nest$smsendSingleTap(Unknown Source:0)
02-23 09:39:26.291 10242 10242 E WhisperLib: 	at androidx.test.espresso.action.Tap$1.sendTap(Tap.java:3)
02-23 09:39:26.291 10242 10242 E WhisperLib: 	at androidx.test.espresso.action.GeneralClickAction.perform(GeneralClickAction.java:6)
02-23 09:39:26.291 10242 10242 E WhisperLib: 	at androidx.test.espresso.ViewInteraction$SingleExecutionViewAction.perform(ViewInteraction.java:2)
02-23 09:39:26.291 10242 10242 E WhisperLib: 	at androidx.test.espresso.ViewInteraction.doPerform(ViewInteraction.java:25)
02-23 09:39:26.291 10242 10242 E WhisperLib: 	at androidx.test.espresso.ViewInteraction.-$$Nest$mdoPerform(Unknown Source:0)
02-23 09:39:26.291 10242 10242 E WhisperLib: 	at androidx.test.espresso.ViewInteraction$1.call(ViewInteraction.java:7)
02-23 09:39:26.291 10242 10242 E WhisperLib: 	at androidx.test.espresso.ViewInteraction$1.call(ViewInteraction.java:1)
02-23 09:39:26.291 10242 10242 E WhisperLib: 	at java.util.concurrent.FutureTask.run(FutureTask.java:264)
02-23 09:39:26.291 10242 10242 E WhisperLib: 	at android.os.Handler.handleCallback(Handler.java:958)
02-23 09:39:26.291 10242 10242 E WhisperLib: 	at android.os.Handler.dispatchMessage(Handler.java:99)
02-23 09:39:26.291 10242 10242 E WhisperLib: 	at android.os.Looper.loopOnce(Looper.java:205)
02-23 09:39:26.291 10242 10242 E WhisperLib: 	at android.os.Looper.loop(Looper.java:294)
02-23 09:39:26.291 10242 10242 E WhisperLib: 	at android.app.ActivityThread.main(ActivityThread.java:8177)
02-23 09:39:26.291 10242 10242 E WhisperLib: 	at java.lang.reflect.Method.invoke(Native Method)
02-23 09:39:26.291 10242 10242 E WhisperLib: 	at com.android.internal.os.RuntimeInit$MethodAndArgsCaller.run(RuntimeInit.java:552)
02-23 09:39:26.291 10242 10242 E WhisperLib: 	at com.android.internal.os.ZygoteInit.main(ZygoteInit.java:971)
02-23 09:39:26.291 10242 10295 E TranscriptionEngine: Model file not found: /storage/emulated/0/Android/data/com.innosage.androidagentictemplate/files/whisper-small.q8_0.bin
02-23 09:39:26.292 10242 10242 D CompatibilityChangeReporter: Compat change id reported: 160794467; UID 10194; state: ENABLED
02-23 09:39:26.296 10242 10242 D AudioRecordService: Started VAD-enabled recording thread
02-23 09:39:26.303   389  4285 W ServiceManagerCppClient: Permission failure: android.permission.CALL_AUDIO_INTERCEPTION from uid=10194 pid=10242
02-23 09:39:26.303   389  4285 D PermissionCache: checking android.permission.CALL_AUDIO_INTERCEPTION for uid=10194 => denied (114 us)
02-23 09:39:26.306   389 10299 I AudioFlinger: AudioFlinger's thread 0xb400007d5fbc5bb0 tid=10299 ready to run
02-23 09:39:26.310   389 10299 D audioserver: FGS Logger Transaction failed
02-23 09:39:26.310   389 10299 D audioserver: -129
02-23 09:39:26.310   389 10299 D audioserver: FGS Logger Transaction failed
02-23 09:39:26.310   389 10299 D audioserver: -129
02-23 09:39:26.311   357   357 E android.hardware.audio@7.1-impl.ranchu: updateSinkMetadata:364 failure: Result::NOT_SUPPORTED
02-23 09:39:26.312   389  1994 D audioserver: FGS Logger Transaction failed
02-23 09:39:26.312   389  1994 D audioserver: -129
02-23 09:39:26.313 10242 10296 D AudioRecordService: Recording to: /storage/emulated/0/Android/data/com.innosage.androidagentictemplate/files/rec_1771810766312.pcm
02-23 09:39:26.316   389   496 D AudioFlinger: mixer(0xb400007d5fd85930) throttle end: throttle time(33)
02-23 09:39:26.345   892   892 D StatusBarIconController: ignoring old pipeline callbacks, because the new mobile icons are enabled
02-23 09:39:26.369   892   968 W WindowOnBackDispatcher: sendCancelIfRunning: isInProgress=falsecallback=android.view.ViewRootImpl$$ExternalSyntheticLambda17@7589f35
02-23 09:39:26.370   548  2245 W InputManager-JNI: Input channel object '4f81bd2 Splash Screen com.innosage.androidagentictemplate (client)' was disposed without first being removed with the input manager!
02-23 09:39:26.417   892   983 D EGL_emulation: app_time_stats: avg=20068.11ms min=20068.11ms max=20068.11ms count=1
02-23 09:39:26.420   892   968 W FrameTracker: Missing HWUI jank callback for vsyncId: 28902, CUJ=J<SPLASHSCREEN_EXIT_ANIM>
02-23 09:39:26.420   892   968 W FrameTracker: Missed SF frame:PREDICTION_ERROR, 28931, 4984619, CUJ=J<SPLASHSCREEN_EXIT_ANIM>
02-23 09:39:26.420   892   968 W FrameTracker: Missing HWUI jank callback for vsyncId: 29232, CUJ=J<SPLASHSCREEN_EXIT_ANIM>
02-23 09:39:26.420   892   968 W FrameTracker: Missing HWUI jank callback for vsyncId: 29385, CUJ=J<SPLASHSCREEN_EXIT_ANIM>
02-23 09:39:26.420   892   968 W FrameTracker: Missing SF jank callback for vsyncId: 29428, CUJ=J<SPLASHSCREEN_EXIT_ANIM>
02-23 09:39:26.430   389   496 D audioserver: FGS Logger Transaction failed
02-23 09:39:26.430   389   496 D audioserver: -129
02-23 09:39:26.478  1590 10117 I Icing   : Indexing com.google.android.gms-apps from com.google.android.gms
02-23 09:39:26.485  1590 10117 I Icing   : Indexing com.google.android.gms-internal.3p:MobileApplication from com.google.android.gms
02-23 09:39:26.487  1590 10117 I Icing   : Indexing done com.google.android.gms-apps
02-23 09:39:26.487  1590 10117 I Icing   : Indexing done com.google.android.gms-internal.3p:MobileApplication
02-23 09:39:26.487  1590 10117 I Icing   : Indexing com.google.android.gms-apps from com.google.android.gms
02-23 09:39:26.488  1590 10117 I Icing   : Indexing done com.google.android.gms-apps
02-23 09:39:26.488  1590 10117 I Icing   : Indexing com.google.android.gms-apps from com.google.android.gms
02-23 09:39:26.489  1590 10117 I Icing   : Indexing done com.google.android.gms-apps
02-23 09:39:26.499   548   548 D FlashNotifController: requestStartFlashNotification
02-23 09:39:26.499   548   548 I FlashNotifController: startFlashNotification: type=1, tag=android
02-23 09:39:26.499   548   548 D FlashNotifController: Flash notification is disabled
02-23 09:39:26.504  1665  2032 W AiAiEcho: LyftNotificationParser Ridesharing ETA not enabled
02-23 09:39:26.504  1665  2032 W AiAiEcho: SmartspaceNotificationPredictor no parser can handle this notification or notification is invalid
02-23 09:39:26.512   441  2965 D NuPlayerDriver: NuPlayerDriver(0xb40000749ad4efd0) created, clientPid(892)
02-23 09:39:26.513   157   157 I hwservicemanager: getTransport: Cannot find entry android.hardware.media.omx@1.0::IOmx/default in either framework or device VINTF manifest.
02-23 09:39:26.513   441  2965 D MediaPlayerService: OMX service is not available
02-23 09:39:26.525 10242 10242 I ViewInteraction: Checking 'MatchesViewAssertion{viewMatcher=an instance of android.widget.TextView and view.getText() with or without transformation to match: is "Service Started: Recording 24/7"}' assertion on view view.getId() is <2131231104/com.innosage.androidagentictemplate:id/statusText>
02-23 09:39:26.527  1089  1394 D BtGatt.ScanManager: uid 10128 isForeground true scanMode -1
02-23 09:39:26.527  1089  1394 D BtGatt.ScanManager: uid 10128 isForeground true scanMode -1
02-23 09:39:26.529  1503  2204 I FontLog : Received query Noto Color Emoji Compat, URI content://com.google.android.gms.fonts [CONTEXT service_id=132 ]
02-23 09:39:26.529  1503  2204 I FontLog : Query [emojicompat-emoji-font] resolved to {Noto Color Emoji Compat, wdth 100.0, wght 400, ital 0.0, bestEffort false} [CONTEXT service_id=132 ]
02-23 09:39:26.530  1503  2204 I FontLog : Fetch {Noto Color Emoji Compat, wdth 100.0, wght 400, ital 0.0, bestEffort false} end status Status{statusCode=SUCCESS, resolution=null} [CONTEXT service_id=132 ]
02-23 09:39:26.534  1503  2204 I FontLog : Pulling font file for id = 11, cache size = 7 [CONTEXT service_id=132 ]
02-23 09:39:26.539  1503  2204 I FontLog : Pulling font file for id = 11, cache size = 7 [CONTEXT service_id=132 ]
02-23 09:39:26.542   892   969 D SplashScreenView: Build android.window.SplashScreenView{15fa7f3 V.E...... ......ID 0,0-0,0}
02-23 09:39:26.542   892   969 D SplashScreenView: Icon: view: null drawable: null size: 0
02-23 09:39:26.542   892   969 D SplashScreenView: Branding: view: android.view.View{3d8bcb0 G.ED..... ......I. 0,0-0,0 #10204ef android:id/splashscreen_branding_view} drawable: null size w: 0 h: 0
02-23 09:39:26.543 10242 10242 D LifecycleMonitor: Lifecycle status change: com.innosage.androidagentictemplate.MainActivity@334d7d7 in: PAUSED
02-23 09:39:26.543 10242 10242 V ActivityScenario: Update currentActivityStage to PAUSED, currentActivity=com.innosage.androidagentictemplate.MainActivity@334d7d7
02-23 09:39:26.547   355   355 D Zygote  : Forked child process 10311
02-23 09:39:26.552   441 10312 D GenericSource: FileSource remote
02-23 09:39:26.564   392   392 I BpBinder: onLastStrongRef automatically unlinking death recipients:
02-23 09:39:26.581 10311 10311 I ictemplate.test: Late-enabling -Xcheck:jni
02-23 09:39:26.588   357 10300 D android.hardware.audio@7.1-impl.ranchu: TinyalsaSource::read:143 pcm_readi was late delivering frames, inserting 16000 us of silence
02-23 09:39:26.591 10311 10311 I ictemplate.test: Using CollectorTypeCC GC.
02-23 09:39:26.596   420   461 I adbd    : jdwp connection from 10311
02-23 09:39:26.603   892 10325 W OpenGLRenderer: Failed to choose config with EGL_SWAP_BEHAVIOR_PRESERVED, retrying without...
02-23 09:39:26.603   892 10325 W OpenGLRenderer: Failed to initialize 101010-2 format, error = EGL_SUCCESS
02-23 09:39:26.609   548  2245 I MediaFocusControl: requestAudioFocus() from uid/pid 10169/892 AA=USAGE_NOTIFICATION/CONTENT_TYPE_SONIFICATION clientId=android.media.AudioManager@cb7f955 callingPack=com.android.systemui req=3 flags=0x0 sdk=34
02-23 09:39:26.610   548  2245 I AudioService.FadeOutManager: unfadeOutUid() uid:10169
02-23 09:39:26.633 10311 10311 D CompatibilityChangeReporter: Compat change id reported: 171979766; UID 10195; state: ENABLED
02-23 09:39:26.633 10311 10311 D CompatibilityChangeReporter: Compat change id reported: 242716250; UID 10195; state: ENABLED
02-23 09:39:26.635   892   983 E OpenGLRenderer: Unable to match the desired swap behavior.
02-23 09:39:26.637 10311 10311 D ApplicationLoaders: Returning zygote-cached class loader: /system/framework/android.test.base.jar
02-23 09:39:26.639 10311 10311 D nativeloader: Configuring clns-6 for other apk /system/framework/android.test.mock.jar. target_sdk_version=34, uses_libraries=ALL, library_path=/data/app/~~FLOA0_hQHI-vUEezj_OiOA==/com.innosage.androidagentictemplate.test-W2yDrPxR3rNWoNkBLJY4vw==/lib/arm64, permitted_path=/data:/mnt/expand:/data/user/0/com.innosage.androidagentictemplate.test
02-23 09:39:26.639 10311 10311 D ApplicationLoaders: Returning zygote-cached class loader: /system/framework/android.test.base.jar
02-23 09:39:26.640 10311 10311 D nativeloader: Configuring clns-7 for other apk /system/framework/android.test.runner.jar. target_sdk_version=34, uses_libraries=ALL, library_path=/data/app/~~FLOA0_hQHI-vUEezj_OiOA==/com.innosage.androidagentictemplate.test-W2yDrPxR3rNWoNkBLJY4vw==/lib/arm64, permitted_path=/data:/mnt/expand:/data/user/0/com.innosage.androidagentictemplate.test
02-23 09:39:26.640 10311 10311 W ziparchive: Unable to open '/data/app/~~FLOA0_hQHI-vUEezj_OiOA==/com.innosage.androidagentictemplate.test-W2yDrPxR3rNWoNkBLJY4vw==/base.dm': No such file or directory
02-23 09:39:26.640 10311 10311 W ziparchive: Unable to open '/data/app/~~FLOA0_hQHI-vUEezj_OiOA==/com.innosage.androidagentictemplate.test-W2yDrPxR3rNWoNkBLJY4vw==/base.dm': No such file or directory
02-23 09:39:26.650 10311 10311 D nativeloader: Configuring clns-8 for other apk /data/app/~~FLOA0_hQHI-vUEezj_OiOA==/com.innosage.androidagentictemplate.test-W2yDrPxR3rNWoNkBLJY4vw==/base.apk. target_sdk_version=34, uses_libraries=, library_path=/data/app/~~FLOA0_hQHI-vUEezj_OiOA==/com.innosage.androidagentictemplate.test-W2yDrPxR3rNWoNkBLJY4vw==/lib/arm64, permitted_path=/data:/mnt/expand:/data/user/0/com.innosage.androidagentictemplate.test
02-23 09:39:26.660 10311 10311 V GraphicsEnvironment: Currently set values for:
02-23 09:39:26.660 10311 10311 V GraphicsEnvironment:   angle_gl_driver_selection_pkgs=[]
02-23 09:39:26.660 10311 10311 V GraphicsEnvironment:   angle_gl_driver_selection_values=[]
02-23 09:39:26.660 10311 10311 V GraphicsEnvironment: ANGLE GameManagerService for com.innosage.androidagentictemplate.test: false
02-23 09:39:26.660 10311 10311 V GraphicsEnvironment: com.innosage.androidagentictemplate.test is not listed in per-application setting
02-23 09:39:26.660 10311 10311 V GraphicsEnvironment: Neither updatable production driver nor prerelease driver is supported.
02-23 09:39:26.669 10311 10336 D libEGL  : loaded /vendor/lib64/egl/libEGL_emulation.so
02-23 09:39:26.670 10311 10336 D libEGL  : loaded /vendor/lib64/egl/libGLESv1_CM_emulation.so
02-23 09:39:26.671 10311 10336 D libEGL  : loaded /vendor/lib64/egl/libGLESv2_emulation.so
02-23 09:39:26.678  1089  1394 D BtGatt.ScanManager: uid 10128 isForeground true scanMode -1
02-23 09:39:26.678  1089  1394 D BtGatt.ScanManager: uid 10128 isForeground true scanMode -1
02-23 09:39:26.679 10311 10311 D CompatibilityChangeReporter: Compat change id reported: 237531167; UID 10195; state: DISABLED
02-23 09:39:26.680 10311 10311 W OpenGLRenderer: Unknown dataspace 0
02-23 09:39:26.702   392  1170 W ServiceManagerCppClient: Permission failure: android.permission.ROTATE_SURFACE_FLINGER from uid=10195 pid=0
02-23 09:39:26.702   392  1170 D PermissionCache: checking android.permission.ROTATE_SURFACE_FLINGER for uid=10195 => denied (260 us)
02-23 09:39:26.702   392   500 W ServiceManagerCppClient: Permission failure: android.permission.ROTATE_SURFACE_FLINGER from uid=10195 pid=10311
02-23 09:39:26.702   392   500 D PermissionCache: checking android.permission.ROTATE_SURFACE_FLINGER for uid=10195 => denied (287 us)
02-23 09:39:26.702   392  1170 W ServiceManagerCppClient: Permission failure: android.permission.INTERNAL_SYSTEM_WINDOW from uid=10195 pid=0
02-23 09:39:26.702   392  1170 D PermissionCache: checking android.permission.INTERNAL_SYSTEM_WINDOW for uid=10195 => denied (263 us)
02-23 09:39:26.703   392   500 W ServiceManagerCppClient: Permission failure: android.permission.INTERNAL_SYSTEM_WINDOW from uid=10195 pid=10311
02-23 09:39:26.703   392   500 D PermissionCache: checking android.permission.INTERNAL_SYSTEM_WINDOW for uid=10195 => denied (188 us)
02-23 09:39:26.703   392  1170 W ServiceManagerCppClient: Permission failure: android.permission.ACCESS_SURFACE_FLINGER from uid=10195 pid=0
02-23 09:39:26.703   392  1170 D PermissionCache: checking android.permission.ACCESS_SURFACE_FLINGER for uid=10195 => denied (154 us)
02-23 09:39:26.703   392   500 W ServiceManagerCppClient: Permission failure: android.permission.ACCESS_SURFACE_FLINGER from uid=10195 pid=10311
02-23 09:39:26.703   392   500 D PermissionCache: checking android.permission.ACCESS_SURFACE_FLINGER for uid=10195 => denied (188 us)
02-23 09:39:26.707 10311 10334 W OpenGLRenderer: Failed to choose config with EGL_SWAP_BEHAVIOR_PRESERVED, retrying without...
02-23 09:39:26.707 10311 10334 W OpenGLRenderer: Failed to initialize 101010-2 format, error = EGL_SUCCESS
02-23 09:39:26.712   157   157 I hwservicemanager: getTransport: Cannot find entry android.hardware.graphics.mapper@4.0::IMapper/default in either framework or device VINTF manifest.
02-23 09:39:26.712 10311 10334 I Gralloc4: mapper 4.x is not supported
02-23 09:39:26.718 10311 10334 E OpenGLRenderer: Unable to match the desired swap behavior.
02-23 09:39:26.724   548  2245 W ServiceManagerCppClient: Permission failure: android.permission.ROTATE_SURFACE_FLINGER from uid=10195 pid=0
02-23 09:39:26.724   548  2245 D PermissionCache: checking android.permission.ROTATE_SURFACE_FLINGER for uid=10195 => denied (52 us)
02-23 09:39:26.724   548  2245 W ServiceManagerCppClient: Permission failure: android.permission.INTERNAL_SYSTEM_WINDOW from uid=10195 pid=0
02-23 09:39:26.724   548  2245 D PermissionCache: checking android.permission.INTERNAL_SYSTEM_WINDOW for uid=10195 => denied (5 us)
02-23 09:39:26.724   548  2245 W ServiceManagerCppClient: Permission failure: android.permission.ACCESS_SURFACE_FLINGER from uid=10195 pid=0
02-23 09:39:26.724   548  2245 D PermissionCache: checking android.permission.ACCESS_SURFACE_FLINGER for uid=10195 => denied (3 us)
02-23 09:39:26.729  1089  1394 D BtGatt.ScanManager: uid 10128 isForeground true scanMode -1
02-23 09:39:26.729  1089  1394 D BtGatt.ScanManager: uid 10128 isForeground true scanMode -1
02-23 09:39:26.729   548  1717 W AppSearchIcing: icing-search-engine.cc:283: Error: 5, Message: Document (com.google.android.googlequicksearchbox$OneSearchZeroStateGoogleSuggestions/default, zp) not found.
02-23 09:39:26.730  1160  2380 D OneSearchSuggestProvider: Created the binder channel successfully for end point service =com.google.android.apps.search.googleapp.search.suggest.plugins.onesearch.server.OneSearchSuggestService , mChannel=z1{delegate=s1{logId=13, target=directaddress:///AndroidComponentAddress%5BIntent%20%7B%20act=grpc.io.action.BIND%20cmp=com.google.android.googlequicksearchbox/com.google.android.apps.search.googleapp.search.suggest.plugins.onesearch.server.OneSearchSuggestService%20%7D%5D}} , mOneSearchConnection=X1.T@3067d8d
02-23 09:39:26.732  1665  1892 I AiAiEcho: Predicting[0]:
02-23 09:39:26.732  1665  1892 I AiAiEcho: EchoTargets:
02-23 09:39:26.732  1665  1892 I AiAiEcho: Filtered by AiAi flag check:
02-23 09:39:26.733  1665  1892 I AiAiEcho: Ranked targets strategy: SORT, count: 0, ranking metadata:
02-23 09:39:26.733  1665  1892 I AiAiEcho: #postPredictionTargets: Sending updates to UISurface home with targets# 0 (types=[])
02-23 09:39:26.734  1160  1982 E OpenGLRenderer: Unable to match the desired swap behavior.
02-23 09:39:26.751   548  2245 I ImeTracker: com.google.android.apps.nexuslauncher:6fc01c76: onRequestHide at ORIGIN_SERVER_HIDE_INPUT reason HIDE_UNSPECIFIED_WINDOW
02-23 09:39:26.751   548  2245 I ImeTracker: com.google.android.apps.nexuslauncher:6fc01c76: onCancelled at PHASE_SERVER_SHOULD_HIDE
02-23 09:39:26.752 10242 10280 D OpenGLRenderer: endAllActiveAnimators on 0xb4000073222c5430 (RippleDrawable) with handle 0xb4000072b22e8780
02-23 09:39:26.752  1548  1548 I GoogleInputMethodService: GoogleInputMethodService.onFinishInput():3227
02-23 09:39:26.756  1764  2559 E OpenGLRenderer: Unable to match the desired swap behavior.
02-23 09:39:26.756  1548  1548 I GoogleInputMethodService: GoogleInputMethodService.updateDeviceLockedStatus():2087 repeatCheckTimes = 0, unlocked = true
02-23 09:39:26.756  1548  1548 I GoogleInputMethodService: GoogleInputMethodService.onStartInput():1877 onStartInput(EditorInfo{inputType=0x0(NULL) imeOptions=0x0 privateImeOptions=null actionName=UNSPECIFIED actionLabel=null actionId=0 initialSelStart=-1 initialSelEnd=-1 initialCapsMode=0x0 hintText=null label=null packageName=com.google.android.apps.nexuslauncher fieldId=0 fieldName=null extras=null}, false)
02-23 09:39:26.756  1548  1548 I GoogleInputMethodService: GoogleInputMethodService.shouldHideHeaderOnInitialState():4008 ShouldHideHeaderOnInitialState = false
02-23 09:39:26.757  1548  1548 I GoogleInputMethodService: GoogleInputMethodService.updateDeviceLockedStatus():2087 repeatCheckTimes = 2, unlocked = true
02-23 09:39:26.759  1764  1764 I A       : (REDACTED) Created gRPC endpoint for service %s
02-23 09:39:26.759 10242 10242 D LifecycleMonitor: Lifecycle status change: com.innosage.androidagentictemplate.MainActivity@334d7d7 in: STOPPED
02-23 09:39:26.759 10242 10242 V ActivityScenario: Update currentActivityStage to STOPPED, currentActivity=com.innosage.androidagentictemplate.MainActivity@334d7d7
02-23 09:39:26.760 10242 10242 D LifecycleMonitor: Lifecycle status change: com.innosage.androidagentictemplate.MainActivity@334d7d7 in: DESTROYED
02-23 09:39:26.760 10242 10242 V ActivityScenario: Update currentActivityStage to DESTROYED, currentActivity=null
02-23 09:39:26.760 10242 10242 W WindowOnBackDispatcher: sendCancelIfRunning: isInProgress=falsecallback=android.view.ViewRootImpl$$ExternalSyntheticLambda17@a5cb0d9
02-23 09:39:26.760 10242 10263 I TestRunner: finished: testAppLaunchAndStartRecording(com.innosage.androidagentictemplate.AppLaunchTest)
