02-23 09:39:26.754  6873  6883 D InputTransport: Input channel constructed: 'ClientS', fd=138
02-23 09:39:26.756 30951 30951 I VRI[GrantPermissionsActivity]@14cb316: handleAppVisibility mAppVisible = true visible = false
02-23 09:39:26.756 30951 30951 D VRI[GrantPermissionsActivity]@14cb316: visibilityChanged oldVisibility=true newVisibility=false
02-23 09:39:26.756  1478  7091 D InputTransport: Input channel constructed: 'ClientS', fd=1226
02-23 09:39:26.756  1478  7091 D InputTransport: Input channel destroyed: 'ClientS', fd=1226
02-23 09:39:26.757  1084  1084 I SurfaceFlinger: RequestedLayer [Transition Root: ActivityRecord{9342[...]ntPermissionsActivity t14130 f}}#397] hidden!! flag  from(1) --> to(0)
02-23 09:39:26.757  1084  1084 I SurfaceFlinger: RequestedLayer [ActivityRecord{93429757 u0 com.googl[...]GrantPermissionsActivity t14130}#379] hidden!! flag  from(0) --> to(1)
02-23 09:39:26.757  1084  1084 I SurfaceFlinger: [Display 0 name="Built-in Screen"#49] setFrameRateCategory: Default
02-23 09:39:26.757  6873  6873 I GoogleInputMethodService: GoogleInputMethodService.onFinishInput():2092
02-23 09:39:26.757  1084  1084 I SurfaceFlinger: [LayerHierarchy{RequestedLayerState{Transition Root: ActivityRecord{93429757 u0 com.google.android.permissioncontroller/com.android.permissioncontroller.permission.ui.GrantPermissionsActivity t14130 f}}#397 z=1} no children}] reparent to OffscreenRoot
02-23 09:39:26.757  1084  1084 I SurfaceFlinger: [LayerHierarchy{RequestedLayerState{Transition Root: ActivityRecord{93429757 u0 com.google.android.permissioncontroller/com.android.permissioncontroller.permission.ui.GrantPermissionsActivity t14130 f}}#397 z=1} no children}] RelativeParent to null
02-23 09:39:26.757  1084  1084 I SurfaceFlinger: [LayerHierarchy{RequestedLayerState{ActivityRecord{93429757 u0 com.google.android.permissioncontroller/com.android.permissioncontroller.permission.ui.GrantPermissionsActivity t14130}#379 parentId=373 z=1} 2 children}] reparent to LayerHierarchy{RequestedLayerState{Task=14130#373 parentId=10 z=5} 2 children}
02-23 09:39:26.757 32337 32348 D InputTransport: Input channel constructed: 'ClientS', fd=143
02-23 09:39:26.757  6873  6873 I Module  : DeviceLockedStatusModuleProvider$Module.updateDeviceLockedStatus():103 repeatCheckTimes = 0, locked = false
02-23 09:39:26.758  6873  6873 D InputMethodService: unregisterCompatOnBackInvokedCallback return because registered : false
02-23 09:39:26.758  6873  6873 D InputMethodService: updateClientDisplayId: displayId=0, mClientDisplayId=0
02-23 09:39:26.758  6873  6873 I GoogleInputMethodService: GoogleInputMethodService.onStartInput():1349 onStartInput(EditorInfo{EditorInfo{packageName=com.innosage.androidagentictemplate, inputType=0, inputTypeString=NULL, enableLearning=false, autoCorrection=false, autoComplete=false, imeOptions=0, privateImeOptions=null, actionName=UNSPECIFIED, actionLabel=null, initialSelStart=-1, initialSelEnd=-1, initialCapsMode=0, label=null, fieldId=0, fieldName=null, extras=Bundle[{appShowRequested=false, isTextEditor=false, displayId=0}], hintText=null, hintLocales=[]}}, false)
02-23 09:39:26.758  6873  6873 I Module  : DeviceLockedStatusModuleProvider$Module.updateDeviceLockedStatus():103 repeatCheckTimes = 1, locked = false
02-23 09:39:26.759  1084  2537 I SurfaceFlinger: id=398 createSurf, flag=24004, Surface(name=76e497c InputMethod)/@0xc4d25a - animation-leash of insets_animation#398
02-23 09:39:26.760  1478  7027 I ImeTracker: system_server:c51b6c10: onRequestHide at ORIGIN_SERVER reason IME_REQUESTED_CHANGED_LISTENER fromUser false
02-23 09:39:26.761  1952  1952 D SystemUIService: SYSUI_RAM_OPTIMIZATION onTrimMemory=20
02-23 09:39:26.762  1952  1952 D CentralSurfaces: SYSUI_RAM_OPTIMIZATION onTrimMemory=20
02-23 09:39:26.762  1952  2088 D HWUI    : CacheManager::trimMemory(20)
02-23 09:39:26.763  1478  1544 D SurfaceComposerClient: setCornerRadius ## b1c9897 com.innosage.androidagentictemplate/com.innosage.androidagentictemplate.MainActivity#380 cornerRadius=0.000000
02-23 09:39:26.764  1478  1544 D SurfaceComposerClient: setCornerRadius ## b1c9897 com.innosage.androidagentictemplate/com.innosage.androidagentictemplate.MainActivity#380 cornerRadius=0.000000
02-23 09:39:26.765  1084  1084 D SurfaceFlinger: Display 4633128672291735999 HWC layers:
02-23 09:39:26.765  1084  1084 D SurfaceFlinger:        DEVICE |          138886357450754 | 00002102 | RGBA_8888    |    0.0    0.0 1080.0 2340.0 |    0    0 1080 2340 | com.innosage.androidagentictemplate/[...]ntictemplate.MainActivity$_32337#381 (3)
02-23 09:39:26.765  1084  1084 D SurfaceFlinger:        DEVICE |            8383776161842 | 00002100 | RGBA_8888    |    0.0    0.0 1080.0   74.0 |    0    0 1080   74 | StatusBar$_1952#104 (8659)
02-23 09:39:26.765  1084  1084 D SurfaceFlinger:        DEVICE |           10402410790924 | 00002100 | RGBA_8888    |    0.0    0.0   67.0  332.0 | 1013  898 1080 1230 | com.sec.android.app.launcher/com.sam[...]nel.app.CocktailBarService$_2422#215 (7)
02-23 09:39:26.765  1084  1084 D SurfaceFlinger:        DEVICE |            8383776161848 | 00002100 | RGBA_8888    |    0.0    0.0 1080.0  135.0 |    0 2205 1080 2340 | NavigationBar0$_1952#100 (307)
02-23 09:39:26.765  1084  1084 D SurfaceFlinger:
02-23 09:39:26.765  1084  1084 I SurfaceFlinger: RequestedLayer [com.google.android.permissioncontrol[...].GrantPermissionsActivity$_30951#390] hidden!! flag  from(0) --> to(1)
02-23 09:39:26.765  1084  1084 I SurfaceFlinger: [LayerHierarchy{RequestedLayerState{com.sec.android.app.launcher/com.sec.android.app.launcher.activities.LauncherActivity$_2422#360} no children}] reparent to OffscreenRoot
02-23 09:39:26.765  1084  1084 I SurfaceFlinger: [LayerHierarchy{RequestedLayerState{com.sec.android.app.launcher/com.sec.android.app.launcher.activities.LauncherActivity$_2422#360} no children}] RelativeParent to null
02-23 09:39:26.765  1084  1084 I SurfaceFlinger: [Surface(name=76e497c InputMethod)/@0xc4d25a - animation-leash of insets_animation#398] attach to parent LayerHierarchy{RequestedLayerState{WindowToken{ac53124 type=2011 android.os.Binder@b6415b7}#144 parentId=15} 2 children}
02-23 09:39:26.765  1084  1084 I SurfaceFlinger: id=360 Removed com.sec.android.app.launcher/com.sec.android.app.launcher.activities.LauncherActivity$_2422#360 (141)
02-23 09:39:26.770 30951 31367 D HWUI    : CacheManager::trimMemory(20)
02-23 09:39:26.771  1952  1952 D SystemUIService: SYSUI_RAM_OPTIMIZATION onTrimMemory=20
02-23 09:39:26.771  1952  1952 D CentralSurfaces: SYSUI_RAM_OPTIMIZATION onTrimMemory=20
02-23 09:39:26.771  1952  1952 D SystemUIService: SYSUI_RAM_OPTIMIZATION onTrimMemory=20
02-23 09:39:26.771  1952  1952 D CentralSurfaces: SYSUI_RAM_OPTIMIZATION onTrimMemory=20
02-23 09:39:26.772  1952  2088 D HWUI    : CacheManager::trimMemory(20)
02-23 09:39:26.772  1478  1541 D PkgPredictorService-SecIpmManagerServiceImpl: bg information pid:2422 uid:10144 pkgName:com.sec.android.app.launcher
02-23 09:39:26.772 30975 31251 I Routine@Core[4.9.04.13]: MetaUpdater: updateMeta: newMeta=appfunction://com.sec.android.app.clockpackage.crossappactions#StopwatchCrossAppFunctions_startStopwatch(id=-1)
02-23 09:39:26.773  1084  1084 I SurfaceFlinger: RequestedLayer [Surface(name=76e497c InputMethod)/@0[...]mation-leash of insets_animation#398] hidden!! flag  from(1) --> to(0)
02-23 09:39:26.773  1084  1084 E SurfaceFlinger: alpha changed 1.000 -> 0.000 - Surface(name=76e497c InputMethod)/@0xc4d25a - animation-leash of insets_animation#398
02-23 09:39:26.773  1084  1084 I SurfaceFlinger: destroyed com.sec.android.app.launcher/com.sec.android.app.launcher.activities.LauncherActivity$_2422#360
02-23 09:39:26.773  1084  1084 I SurfaceFlinger: [LayerHierarchy{RequestedLayerState{ImeContainer#15 parentId=374 relativeParentId=380 z=1} 1 children}] reparent to LayerHierarchy{RequestedLayerState{ActivityRecord{148026395 u0 com.innosage.androidagentictemplate/.MainActivity t14130}#374 parentId=373} 3 children}
02-23 09:39:26.773  1084  1084 I SurfaceFlinger: [LayerHierarchy{RequestedLayerState{ImeContainer#15 parentId=374 relativeParentId=380 z=1} 1 children}] RelativeParent to LayerHierarchy{RequestedLayerState{b1c9897 com.innosage.androidagentictemplate/com.innosage.androidagentictemplate.MainActivity#380 parentId=374} 2 children}
02-23 09:39:26.773  1084  1084 I SurfaceFlinger: [LayerHierarchy{RequestedLayerState{76e497c InputMethod#145 parentId=398} no children}] reparent to LayerHierarchy{RequestedLayerState{Surface(name=76e497c InputMethod)/@0xc4d25a - animation-leash of insets_animation#398 parentId=144} 1 children}
02-23 09:39:26.773  1084  1084 I SurfaceFlinger: [LayerHierarchy{RequestedLayerState{Surface(name=76e497c InputMethod)/@0xc4d25a - animation-leash of insets_animation#370} no children}] reparent to OffscreenRoot
02-23 09:39:26.773  1084  1084 I SurfaceFlinger: [LayerHierarchy{RequestedLayerState{Surface(name=76e497c InputMethod)/@0xc4d25a - animation-leash of insets_animation#370} no children}] RelativeParent to null
02-23 09:39:26.774 30975 31251 I Routine@Core[4.9.04.13]: MetaUpdater: updateMeta: newMeta=appfunction://com.samsung.android.app.reminder.data.crossappactions#TaskFunctions_showTask(id=-1)
02-23 09:39:26.774  1084  1149 I SurfaceFlinger: id=397 Removed Transition Root: ActivityRecord{93429757 u0 com.google.android.permissioncontroller/com.android.permissioncontroller.permission.ui.GrantPermissionsActivity t14130 f}}#397 (141)
02-23 09:39:26.774  1084  1084 I Layer   : id=360 Destroyed com.sec.android.app.launcher/com.sec.android.app.launcher.activities.LauncherActivity$_2422#360
02-23 09:39:26.774 30975 31251 I Routine@Core[4.9.04.13]: MetaUpdater: updateMeta: newMeta=appfunction://com.sec.android.app.clockpackage.crossappactions#AlarmCrossAppActions_createAlarm(id=-1)
02-23 09:39:26.775  1084  1148 I SurfaceFlinger: id=370 Removed Surface(name=76e497c InputMethod)/@0xc4d25a - animation-leash of insets_animation#370 (140)
02-23 09:39:26.775 30975 31251 I Routine@Core[4.9.04.13]: MetaUpdater: updateMeta: newMeta=appfunction://com.sec.android.app.clockpackage.crossappactions#AlarmCrossAppActions_updateAlarm(id=-1)
02-23 09:39:26.775  1952  2088 D HWUI    : CacheManager::trimMemory(20)
02-23 09:39:26.776 30975 31251 I Routine@Core[4.9.04.13]: MetaUpdater: updateMeta: newMeta=appfunction://com.sec.android.app.clockpackage.crossappactions#StopwatchCrossAppFunctions_resetStopwatch(id=-1)
02-23 09:39:26.777 30975 31251 I Routine@Core[4.9.04.13]: MetaUpdater: updateMeta: newMeta=appfunction://com.sec.android.app.clockpackage.crossappactions#AlarmCrossAppActions_findAlarms(id=-1)
02-23 09:39:26.777 30975 31251 I Routine@Core[4.9.04.13]: MetaUpdater: updateMeta: newMeta=appfunction://com.sec.android.app.clockpackage.crossappactions#StopwatchCrossAppFunctions_stopStopwatch(id=-1)
02-23 09:39:26.778  1478  7027 I WindowManager: Relayout Window{8e96602 u0 com.google.android.permissioncontroller/com.android.permissioncontroller.permission.ui.GrantPermissionsActivity}: viewVisibility=8 req=1068x90 ty=1 d0
02-23 09:39:26.778  1478  7027 D SurfaceComposerClient: setCornerRadius ## b1c9897 com.innosage.androidagentictemplate/com.innosage.androidagentictemplate.MainActivity#380 cornerRadius=0.000000
02-23 09:39:26.778 30975 31251 I Routine@Core[4.9.04.13]: MetaUpdater: updateMeta: newMeta=appfunction://com.samsung.android.gallery.crossapp.function#PhotoFunctions_findMediaItems(id=-1)
02-23 09:39:26.778  1478  7027 D SurfaceComposerClient: setCornerRadius ## b1c9897 com.innosage.androidagentictemplate/com.innosage.androidagentictemplate.MainActivity#380 cornerRadius=0.000000
02-23 09:39:26.779 30975 31251 I Routine@Core[4.9.04.13]: MetaUpdater: updateMeta: newMeta=appfunction://com.samsung.android.app.calendar.crossapp#CrossAppEvent_findEvents(id=-1)
02-23 09:39:26.779 30975 31251 I Routine@Core[4.9.04.13]: MetaUpdater: updateMeta: newMeta=appfunction://com.samsung.android.app.calendar.crossapp#CrossAppEvent_createEvent(id=-1)
02-23 09:39:26.779  1478  7027 I WindowManager: Relayout hash=8e96602, pid=30951, syncId=-1: mAttrs={(0,0)(wrapxwrap) gr=BOTTOM CENTER sim={state=always_hidden adjust=nothing forwardNavigation} ty=BASE_APPLICATION fmt=TRANSLUCENT wanim=0x1030309 surfaceInsets=Rect(6, 6 - 6, 6)
02-23 09:39:26.779  1478  7027 I WindowManager:   fl=1800002
02-23 09:39:26.779  1478  7027 I WindowManager:   pfl=40080880
02-23 09:39:26.779  1478  7027 I WindowManager:   apr=10
02-23 09:39:26.779  1478  7027 I WindowManager:   bhv=1
02-23 09:39:26.779  1478  7027 I WindowManager:   fitTypes=207
02-23 09:39:26.779  1478  7027 I WindowManager:   frameRateBoostOnTouch=true
02-23 09:39:26.779  1478  7027 I WindowManager:   dvrrWindowFrameRateHint=true
02-23 09:39:26.779  1478  7027 I WindowManager:  dimAmount=0.0 naviIconColor=0
02-23 09:39:26.779  1478  7027 I WindowManager:   sfl=100000}
02-23 09:39:26.780  1478  1543 I ImeTracker: system_server:c51b6c10: onCancelled at PHASE_SERVER_SHOULD_HIDE
02-23 09:39:26.781 30975 31251 I Routine@Core[4.9.04.13]: MetaUpdater: updateMeta: newMeta=appfunction://com.samsung.android.app.calendar.crossapp#CrossAppEvent_updateEvent(id=-1)
02-23 09:39:26.781  1952  1952 D NavigationBar: onSystemBarAttributesChanged() -  displayId:0, appearance:16, packageName: com.innosage.androidagentictemplate (APPEARANCE_LIGHT_NAVIGATION_BARS ), navbarColorManagedByIme:false
02-23 09:39:26.781  1084  1084 I SurfaceFlinger: destroyed Surface(name=76e497c InputMethod)/@0xc4d25a - animation-leash of insets_animation#370
02-23 09:39:26.781  1084  1084 I SurfaceFlinger: destroyed Transition Root: ActivityRecord{93429757 u0 com.google.android.permissioncontroller/com.android.permissioncontroller.permission.ui.GrantPermissionsActivity t14130 f}}#397
02-23 09:39:26.782 30975 31251 I Routine@Core[4.9.04.13]: MetaUpdater: updateMeta: newMeta=appfunction://com.samsung.android.app.calendar.crossapp#CrossAppEvent_showEvent(id=-1)
02-23 09:39:26.782  1084  1084 I Layer   : id=370 Destroyed Surface(name=76e497c InputMethod)/@0xc4d25a - animation-leash of insets_animation#370
02-23 09:39:26.782  1084  1084 I Layer   : id=397 Destroyed Transition Root: ActivityRecord{93429757 u0 com.google.android.permissioncontroller/com.android.permissioncontroller.permission.ui.GrantPermissionsActivity t14130 f}}#397
02-23 09:39:26.782 30975 31251 I Routine@Core[4.9.04.13]: MetaUpdater: updateMeta: newMeta=appfunction://com.samsung.android.app.reminder.data.crossappactions#TaskFunctions_updateTask(id=-1)
02-23 09:39:26.783 30975 31251 I Routine@Core[4.9.04.13]: MetaUpdater: updateMeta: newMeta=appfunction://com.samsung.android.app.reminder.data.crossappactions#TaskFunctions_findTasks(id=-1)
02-23 09:39:26.784  6873  6873 I InputMethodService: scheduleImeSurfaceRemoval: removeImeSurface is posted.
02-23 09:39:26.784  1478  1544 D SurfaceComposerClient: setCornerRadius ## b1c9897 com.innosage.androidagentictemplate/com.innosage.androidagentictemplate.MainActivity#380 cornerRadius=0.000000
02-23 09:39:26.784  1952  2059 D StackScroller: onDisplayChanged for predraw skip to 2
02-23 09:39:26.785 32337 32342 I agentictemplate: Compiler allocated 5101KB to compile void android.view.ViewRootImpl.performTraversals()
02-23 09:39:26.785  1478  1541 D PkgPredictorService-SecIpmManagerServiceImpl: bg information pid:30951 uid:10265 pkgName:com.google.android.permissioncontroller
02-23 09:39:26.786  2422 28753 I HoneySpace.Memory-Monitor: current state = 2, didTrim = false
02-23 09:39:26.786 30975 31251 I Routine@Core[4.9.04.13]: MetaUpdater: updateMeta: newMeta=appfunction://com.samsung.android.app.reminder.data.crossappactions#TaskFunctions_createTask(id=-1)
02-23 09:39:26.786  1478  1544 D SurfaceComposerClient: setCornerRadius ## b1c9897 com.innosage.androidagentictemplate/com.innosage.androidagentictemplate.MainActivity#380 cornerRadius=0.000000
02-23 09:39:26.788 30975 31251 I Routine@Core[4.9.04.13]: SupportStateUpdater: update
02-23 09:39:26.790  1952  1952 D DisplayLifecycle: updateDisplay id = 0
02-23 09:39:26.790 30975 31251 I Routine@Core[4.9.04.13]: TASKD/ActionTaskAdapterFactoryImpl: getAdapter - metaId=appfunction://com.sec.android.app.clockpackage.crossappactions#StopwatchCrossAppFunctions_startStopwatch(id=285)
02-23 09:39:26.793 30951 30951 I VRI[GrantPermissionsActivity]@14cb316: Relayout returned: old=(6,2208,1074,2298) new=(6,2208,1074,2298) relayoutAsync=false req=(1068,90)8 dur=19 res=0x2 s={false 0x0} ch=true seqId=0
02-23 09:39:26.793 30951 30951 D VRI[GrantPermissionsActivity]@14cb316: Not drawing due to not visible. Reason=!mAppVisible && !mForceDecorViewVisibility
02-23 09:39:26.794 30951 30951 I VRI[GrantPermissionsActivity]@14cb316: stopped(true) old = false
02-23 09:39:26.794 30951 30951 D VRI[GrantPermissionsActivity]@14cb316: WindowStopped on com.google.android.permissioncontroller/com.android.permissioncontroller.permission.ui.GrantPermissionsActivity set to true
02-23 09:39:26.794 30951 31367 D HWUI    : CacheManager::trimMemory(20)
02-23 09:39:26.795 30951 30951 W WindowOnBackDispatcher: sendCancelIfRunning: isInProgress=false callback=android.app.Activity$$ExternalSyntheticLambda0@2257333
02-23 09:39:26.796 30951 31367 D HWUI    : CacheManager::trimMemory(20)
02-23 09:39:26.797 30951 30951 D ViewRootImpl: Skipping stats log for color mode
02-23 09:39:26.797 30951 30951 I VRI[GrantPermissionsActivity]@14cb316: dispatchDetachedFromWindow
02-23 09:39:26.797  1478  7027 D InputTransport: Input channel destroyed: '8e96602', fd=1220
02-23 09:39:26.798  1478  7027 D SurfaceComposerClient: setCornerRadius ## b1c9897 com.innosage.androidagentictemplate/com.innosage.androidagentictemplate.MainActivity#380 cornerRadius=0.000000
02-23 09:39:26.798 32337 32353 W FileTestStorage: Output properties is not supported.
02-23 09:39:26.798  1478  7027 D SurfaceComposerClient: setCornerRadius ## b1c9897 com.innosage.androidagentictemplate/com.innosage.androidagentictemplate.MainActivity#380 cornerRadius=0.000000
02-23 09:39:26.798 32337 32353 I Tracing : Tracer added: class androidx.test.platform.tracing.AndroidXTracer
02-23 09:39:26.799 32337 32353 D CompatChangeReporter: Compat change id reported: 247079863; UID 10339; state: ENABLED
02-23 09:39:26.800 32337 32353 D EventInjectionStrategy: Creating injection strategy with input manager.
02-23 09:39:26.800 32337 32353 I agentictemplate: hiddenapi: Accessing hidden method Landroid/hardware/input/InputManager;->getInstance()Landroid/hardware/input/InputManager; (runtime_flags=0, domain=platform, api=unsupported) from Landroidx/test/espresso/base/InputManagerEventInjectionStrategy; (domain=app) using reflection: allowed
02-23 09:39:26.799 30951 30951 D InputTransport: Input channel destroyed: '8e96602', fd=118
02-23 09:39:26.801 32337 32353 I agentictemplate: hiddenapi: Accessing hidden method Landroid/hardware/input/InputManager;->injectInputEvent(Landroid/view/InputEvent;I)Z (runtime_flags=0, domain=platform, api=unsupported) from Landroidx/test/espresso/base/InputManagerEventInjectionStrategy; (domain=app) using reflection: allowed
02-23 09:39:26.801 32337 32353 I agentictemplate: hiddenapi: Accessing hidden field Landroid/hardware/input/InputManager;->INJECT_INPUT_EVENT_MODE_WAIT_FOR_FINISH:I (runtime_flags=0, domain=platform, api=unsupported) from Landroidx/test/espresso/base/InputManagerEventInjectionStrategy; (domain=app) using reflection: allowed
02-23 09:39:26.802  1084  1148 I SurfaceFlinger: id=394 Removed 86e64f2 ActivityRecordInputSink com.google.android.permissioncontroller/com.android.permissioncontroller.permission.ui.GrantPermissionsActivity#394 (138)
02-23 09:39:26.806  1084  1084 I SurfaceFlinger: [LayerHierarchy{RequestedLayerState{8e96602 com.google.android.permissioncontroller/com.android.permissioncontroller.permission.ui.GrantPermissionsActivity#389} 1 children}] reparent to OffscreenRoot
02-23 09:39:26.806  1084  1084 I SurfaceFlinger: [LayerHierarchy{RequestedLayerState{8e96602 com.google.android.permissioncontroller/com.android.permissioncontroller.permission.ui.GrantPermissionsActivity#389} 1 children}] RelativeParent to null
02-23 09:39:26.806  1084  1084 I SurfaceFlinger: [LayerHierarchy{RequestedLayerState{com.google.android.permissioncontroller/com.android.permissioncontroller.permission.ui.GrantPermissionsActivity$_30951#390} no children}] reparent to OffscreenRoot
02-23 09:39:26.806  1084  1084 I SurfaceFlinger: [LayerHierarchy{RequestedLayerState{com.google.android.permissioncontroller/com.android.permissioncontroller.permission.ui.GrantPermissionsActivity$_30951#390} no children}] RelativeParent to null
02-23 09:39:26.806  1084  1084 I SurfaceFlinger: id=389 Removed 8e96602 com.google.android.permissioncontroller/com.android.permissioncontroller.permission.ui.GrantPermissionsActivity#389 (138)
02-23 09:39:26.806  1084  1084 I SurfaceFlinger: id=390 Removed com.google.android.permissioncontroller/com.android.permissioncontroller.permission.ui.GrantPermissionsActivity$_30951#390 (138)
02-23 09:39:26.808 32337 32337 I agentictemplate: hiddenapi: Accessing hidden method Landroid/os/MessageQueue;->next()Landroid/os/Message; (runtime_flags=0, domain=platform, api=unsupported) from Landroidx/test/espresso/base/Interrogator; (domain=app) using reflection: allowed
02-23 09:39:26.808 32337 32337 I agentictemplate: hiddenapi: Accessing hidden field Landroid/os/MessageQueue;->mMessages:Landroid/os/Message; (runtime_flags=0, domain=platform, api=unsupported) from Landroidx/test/espresso/base/Interrogator; (domain=app) using reflection: allowed
02-23 09:39:26.808 32337 32337 I agentictemplate: hiddenapi: Accessing hidden method Landroid/os/Message;->recycleUnchecked()V (runtime_flags=0, domain=platform, api=unsupported) from Landroidx/test/espresso/base/Interrogator; (domain=app) using reflection: allowed
02-23 09:39:26.811 32337 32337 I agentictemplate: hiddenapi: Accessing hidden method Landroid/view/WindowManagerGlobal;->getInstance()Landroid/view/WindowManagerGlobal; (runtime_flags=0, domain=platform, api=unsupported) from Landroidx/test/espresso/base/RootsOracle; (domain=app) using reflection: allowed
02-23 09:39:26.811 32337 32337 I agentictemplate: hiddenapi: Accessing hidden field Landroid/view/WindowManagerGlobal;->mViews:Ljava/util/ArrayList; (runtime_flags=0, domain=platform, api=unsupported) from Landroidx/test/espresso/base/RootsOracle; (domain=app) using reflection: allowed
02-23 09:39:26.811 32337 32337 I agentictemplate: hiddenapi: Accessing hidden field Landroid/view/WindowManagerGlobal;->mParams:Ljava/util/ArrayList; (runtime_flags=0, domain=platform, api=unsupported) from Landroidx/test/espresso/base/RootsOracle; (domain=app) using reflection: allowed
02-23 09:39:26.813 32337 32337 I ViewInteraction: Checking 'MatchesViewAssertion{viewMatcher=(view has effective visibility <VISIBLE> and view.getGlobalVisibleRect() to return non-empty rectangle)}' assertion on view view.getId() is <2131231104/com.innosage.androidagentictemplate:id/statusText>
02-23 09:39:26.814  1084  1084 I SurfaceFlinger: destroyed 8e96602 com.google.android.permissioncontroller/com.android.permissioncontroller.permission.ui.GrantPermissionsActivity#389
02-23 09:39:26.814  1084  1084 I SurfaceFlinger: destroyed com.google.android.permissioncontroller/com.android.permissioncontroller.permission.ui.GrantPermissionsActivity$_30951#390
02-23 09:39:26.814  1084  1084 I SurfaceFlinger: [LayerHierarchy{RequestedLayerState{ActivityRecord{93429757 u0 com.google.android.permissioncontroller/com.android.permissioncontroller.permission.ui.GrantPermissionsActivity t14130}#379 z=1} 1 children}] reparent to OffscreenRoot
02-23 09:39:26.814  1084  1084 I SurfaceFlinger: [LayerHierarchy{RequestedLayerState{ActivityRecord{93429757 u0 com.google.android.permissioncontroller/com.android.permissioncontroller.permission.ui.GrantPermissionsActivity t14130}#379 z=1} 1 children}] RelativeParent to null
02-23 09:39:26.815  1084  1084 I Layer   : id=389 Destroyed 8e96602 com.google.android.permissioncontroller/com.android.permissioncontroller.permission.ui.GrantPermissionsActivity#389
02-23 09:39:26.815  1084  1084 I Layer   : id=390 Destroyed com.google.android.permissioncontroller/com.android.permissioncontroller.permission.ui.GrantPermissionsActivity$_30951#390
02-23 09:39:26.818 32337 32337 I ViewInteraction: Checking 'MatchesViewAssertion{viewMatcher=an instance of android.widget.TextView and view.getText() with or without transformation to match: is "Ready to record"}' assertion on view view.getId() is <2131231104/com.innosage.androidagentictemplate:id/statusText>
02-23 09:39:26.820 32337 32337 I ViewInteraction: Checking 'MatchesViewAssertion{viewMatcher=(view has effective visibility <VISIBLE> and view.getGlobalVisibleRect() to return non-empty rectangle)}' assertion on view view.getId() is <2131231043/com.innosage.androidagentictemplate:id/recordButton>
02-23 09:39:26.823 32337 32353 I agentictemplate: hiddenapi: Accessing hidden method Landroid/view/ViewConfiguration;->getDoubleTapMinTime()I (runtime_flags=0, domain=platform, api=unsupported) from Landroidx/test/espresso/action/Tap; (domain=app) using reflection: allowed
02-23 09:39:26.823  1952  1952 D QSClock : onDarkChanged tint=WHITE
02-23 09:39:26.824  2422 28755 I HoneySpace.RecentTasks: onRecentTasksChanged
02-23 09:39:26.827 32337 32337 I ViewInteraction: Performing 'single click' action on view view.getId() is <2131231043/com.innosage.androidagentictemplate:id/recordButton>
02-23 09:39:26.829  1478  2809 D InputDispatcher: Inject motion (32337/10339): action=0x0, time=55619052000000, f=0x0, d=0 dsdx=1.000000 dtdx=0.000000
02-23 09:39:26.829  1478  1691 I InputDispatcher: Delivering touch to (1952): action: 0x4, f=0x0, d=0, '49ff83f', t=0
02-23 09:39:26.829  1478  1691 I InputDispatcher: Delivering touch to (32337): action: 0x0, f=0x0, d=0, 'b1c9897', t=0
02-23 09:39:26.830  1478  1541 I GestureDetector: obtain mCurrentDownEvent. id: -656471756 caller: com.android.server.wm.SystemGesturesPointerEventListener.onPointerEvent:17 com.android.server.wm.PointerEventDispatcher.onInputEvent:51 android.view.InputEventReceiver.dispatchInputEvent:392
02-23 09:39:26.830 32337 32337 I VRI[MainActivity]@1b0409b: ViewPostIme pointer 0
02-23 09:39:26.830  1478  1541 I GestureDetector: obtain mCurrentDownEvent. id: -656471756 caller: com.android.server.wm.SystemPerformancePointerEventListener.onPointerEvent:13 com.android.server.wm.PointerEventDispatcher.onInputEvent:51 android.view.InputEventReceiver.dispatchInputEvent:392
02-23 09:39:26.830  2422  2422 I HoneySpace.GestureInputHandler: inputConsumers = [com.honeyspace.gesture.inputconsumer.InputConsumer$Companion$NO_OP$1@3916504]
02-23 09:39:26.830  2422  2422 I HoneySpace.InputSession: inputConsumers = NO_OP
02-23 09:39:26.831  2422  2422 I HoneySpace.InputSession: open
02-23 09:39:26.831  6964  6964 I SemDvfsHyPerManager: acquire hyper - TABoost/6964@26, type = -999
02-23 09:39:26.832  1024  1135 I HYPER-HAL: [RequestManager.cpp]acquire(): Acquired ID : 24433571  [6964 / 26]    HINT :      list : [TABoost / 1] [TIMEOUT / 1500]
02-23 09:39:26.832 32337 32337 I VRI[MainActivity]@1b0409b: call setFrameRateCategory for touch hint category=high hint, reason=touch, vri=VRI[MainActivity]@1b0409b
02-23 09:39:26.839  1084  1084 I SurfaceFlinger: [com.innosage.androidagentictemplate/com.innosage.androidagentictemplate.MainActivity$_32337#381] setFrameRateCategory: HighHint
02-23 09:39:26.840 30975 31251 I Routine@Core[4.9.04.13]: AppFunctionsActionHandler: isSupported: supportStatus = SUPPORTED, tag = appfunction://com.sec.android.app.clockpackage.crossappactions#StopwatchCrossAppFunctions_startStopwatch
02-23 09:39:26.840 32337 32380 I GSC     : SID[8] : d21eac4c7b324465, Kind: 1, time : 3.803 ms
02-23 09:39:26.843 30975 31251 I Routine@Core[4.9.04.13]: TASKD/ActionTaskAdapterFactoryImpl: getAdapter - metaId=appfunction://com.samsung.android.app.reminder.data.crossappactions#TaskFunctions_showTask(id=286)
02-23 09:39:26.844 32337 32380 I GSC     : SID[9] : 50165cb81321b6d3, Kind: 0, time : 4.049 ms
02-23 09:39:26.869  1478  2809 D InputDispatcher: Inject motion (32337/10339): action=0x1, time=55619092000000, f=0x0, d=0 dsdx=1.000000 dtdx=0.000000
02-23 09:39:26.869  1478  1691 I InputDispatcher: Delivering touch to (32337): action: 0x1, f=0x0, d=0, 'b1c9897', t=0
02-23 09:39:26.869 32337 32337 I VRI[MainActivity]@1b0409b: ViewPostIme pointer 1
02-23 09:39:26.870  1478  1541 I GestureDetector: obtain mCurrentMotionEventRaw. action: 1 id: -73610283
02-23 09:39:26.870  1478  1541 I GestureDetector: obtain mCurrentMotionEventRaw. action: 1 id: -73610283
02-23 09:39:26.870  2422  2422 I HoneySpace.GestureInputHandler: reset
02-23 09:39:26.870  2422  2422 I HoneySpace.InputSession: close
02-23 09:39:26.885  6971  9543 I MtpStorageManager: Got inotify added event for : Y29tLmlubm9zYWdlLmFuZHJvaWRhZ2VudGljdGVtcGxhdGU=
02-23 09:39:26.885  6971  9543 I MtpStorageManager: Manually handling event for  : ZmlsZXM=
02-23 09:39:26.886 32337 32337 D nativeloader: Load libwhisper.so using class loader ns clns-9 (caller=/data/app/~~OEx5Pcn9_gWPJMU9Bo55FQ==/com.innosage.androidagentictemplate-L1ermiIz9ZycCd3MMNvhWQ==/base.apk!classes4.dex): dlopen failed: library "libwhisper.so" not found
02-23 09:39:26.887 32337 32337 E WhisperLib: Native whisper library not found. Transcription will be disabled.
02-23 09:39:26.887 32337 32337 E WhisperLib: java.lang.UnsatisfiedLinkError: dlopen failed: library "libwhisper.so" not found
02-23 09:39:26.887 32337 32337 E WhisperLib: 	at java.lang.Runtime.loadLibrary0(Runtime.java:1090)
02-23 09:39:26.887 32337 32337 E WhisperLib: 	at java.lang.Runtime.loadLibrary0(Runtime.java:1012)
02-23 09:39:26.887 32337 32337 E WhisperLib: 	at java.lang.System.loadLibrary(System.java:1765)
02-23 09:39:26.887 32337 32337 E WhisperLib: 	at com.innosage.androidagentictemplate.whisper.WhisperLib.<clinit>(WhisperLib.kt:13)
02-23 09:39:26.887 32337 32337 E WhisperLib: 	at com.innosage.androidagentictemplate.TranscriptionEngine.<init>(TranscriptionEngine.kt:13)
02-23 09:39:26.887 32337 32337 E WhisperLib: 	at com.innosage.androidagentictemplate.AudioRecordService.onCreate(AudioRecordService.kt:56)
02-23 09:39:26.887 32337 32337 E WhisperLib: 	at android.app.ActivityThread.handleCreateService(ActivityThread.java:5916)
02-23 09:39:26.887 32337 32337 E WhisperLib: 	at android.app.ActivityThread.-$$Nest$mhandleCreateService(Unknown Source:0)
02-23 09:39:26.887 32337 32337 E WhisperLib: 	at android.app.ActivityThread$H.handleMessage(ActivityThread.java:2924)
02-23 09:39:26.887 32337 32337 E WhisperLib: 	at android.os.Handler.dispatchMessage(Handler.java:110)
02-23 09:39:26.887 32337 32337 E WhisperLib: 	at androidx.test.espresso.base.Interrogator.loopAndInterrogate(Interrogator.java:14)
02-23 09:39:26.887 32337 32337 E WhisperLib: 	at androidx.test.espresso.base.UiControllerImpl.loopUntil(UiControllerImpl.java:8)
02-23 09:39:26.887 32337 32337 E WhisperLib: 	at androidx.test.espresso.base.UiControllerImpl.loopUntil(UiControllerImpl.java:1)
02-23 09:39:26.887 32337 32337 E WhisperLib: 	at androidx.test.espresso.base.UiControllerImpl.injectMotionEvent(UiControllerImpl.java:5)
02-23 09:39:26.887 32337 32337 E WhisperLib: 	at androidx.test.espresso.action.MotionEvents.sendUp(MotionEvents.java:7)
02-23 09:39:26.887 32337 32337 E WhisperLib: 	at androidx.test.espresso.action.MotionEvents.sendUp(MotionEvents.java:1)
02-23 09:39:26.887 32337 32337 E WhisperLib: 	at androidx.test.espresso.action.Tap.sendSingleTap(Tap.java:5)
02-23 09:39:26.887 32337 32337 E WhisperLib: 	at androidx.test.espresso.action.Tap.-$$Nest$smsendSingleTap(Unknown Source:0)
02-23 09:39:26.887 32337 32337 E WhisperLib: 	at androidx.test.espresso.action.Tap$1.sendTap(Tap.java:3)
02-23 09:39:26.887 32337 32337 E WhisperLib: 	at androidx.test.espresso.action.GeneralClickAction.perform(GeneralClickAction.java:6)
02-23 09:39:26.887 32337 32337 E WhisperLib: 	at androidx.test.espresso.ViewInteraction$SingleExecutionViewAction.perform(ViewInteraction.java:2)
02-23 09:39:26.887 32337 32337 E WhisperLib: 	at androidx.test.espresso.ViewInteraction.doPerform(ViewInteraction.java:25)
02-23 09:39:26.887 32337 32337 E WhisperLib: 	at androidx.test.espresso.ViewInteraction.-$$Nest$mdoPerform(Unknown Source:0)
02-23 09:39:26.887 32337 32337 E WhisperLib: 	at androidx.test.espresso.ViewInteraction$1.call(ViewInteraction.java:7)
02-23 09:39:26.887 32337 32337 E WhisperLib: 	at androidx.test.espresso.ViewInteraction$1.call(ViewInteraction.java:1)
02-23 09:39:26.887 32337 32337 E WhisperLib: 	at java.util.concurrent.FutureTask.run(FutureTask.java:317)
02-23 09:39:26.887 32337 32337 E WhisperLib: 	at android.os.Handler.handleCallback(Handler.java:995)
02-23 09:39:26.887 32337 32337 E WhisperLib: 	at android.os.Handler.dispatchMessage(Handler.java:103)
02-23 09:39:26.887 32337 32337 E WhisperLib: 	at android.os.Looper.loopOnce(Looper.java:273)
02-23 09:39:26.887 32337 32337 E WhisperLib: 	at android.os.Looper.loop(Looper.java:363)
02-23 09:39:26.887 32337 32337 E WhisperLib: 	at android.app.ActivityThread.main(ActivityThread.java:10060)
02-23 09:39:26.887 32337 32337 E WhisperLib: 	at java.lang.reflect.Method.invoke(Native Method)
02-23 09:39:26.887 32337 32337 E WhisperLib: 	at com.android.internal.os.RuntimeInit$MethodAndArgsCaller.run(RuntimeInit.java:632)
02-23 09:39:26.887 32337 32337 E WhisperLib: 	at com.android.internal.os.ZygoteInit.main(ZygoteInit.java:975)
02-23 09:39:26.888 30975 31251 I Routine@Core[4.9.04.13]: AppFunctionsActionHandler: isSupported: supportStatus = SUPPORTED, tag = appfunction://com.samsung.android.app.reminder.data.crossappactions#TaskFunctions_showTask
02-23 09:39:26.892 30975 31251 I Routine@Core[4.9.04.13]: TASKD/ActionTaskAdapterFactoryImpl: getAdapter - metaId=appfunction://com.sec.android.app.clockpackage.crossappactions#AlarmCrossAppActions_createAlarm(id=287)
02-23 09:39:26.893 28320 28590 I SCS@AiSearch user 0: (AppsDataWorker) [androidx.work-2] entering in doWork():
02-23 09:39:26.893 28320 28590 I SCS@AiSearch user 0: (AppsDataObserver) [androidx.work-2] entering in execute():
02-23 09:39:26.893 28320 28590 I SCS@AiSearch user 0: (AppsDataObserver-CMD_UPDATE_LIST) changed package count: 2
02-23 09:39:26.894 32337 32409 E TranscriptionEngine: Model file not found: /storage/emulated/0/Android/data/com.innosage.androidagentictemplate/files/whisper-small.q8_0.bin
02-23 09:39:26.897 32337 32337 D AudioRecordService: Started VAD-enabled recording thread
02-23 09:39:26.897  1952 29886 D SecFgsManagerController: onForegroundStateChanged: [dialog:false]:[isForeground:true]:[packageName:com.innosage.androidagentictemplate]:[token:android.os.BinderProxy@fa15a62]:[userId:0]
02-23 09:39:26.898  1952 29886 D SecFgsManagerController: updateUiControl[com.innosage.androidagentictemplate]: -1
02-23 09:39:26.898  1952 29886 D SecFgsManagerController: updateNumberOfVisibleRunningPackagesLocked: 1
02-23 09:39:26.901 32337 32410 D AudioSystem: onNewServiceWithAdapter: media.audio_flinger service obtained 0xb4000077686a99a0
02-23 09:39:26.902 32337 32410 D AudioSystem: getService: checking for service media.audio_flinger: 0xb4000076b86a45b0
02-23 09:39:26.902 32337 32410 D AudioSystem: getClient: checking for service: 0xb4000077686a99a0
02-23 09:39:26.921  1068  1163 D NativePermissionController: checkPermission: missing 8 for 10339
02-23 09:39:26.925  1068  1163 V APM_AudioPolicyManager: getInputForAttr() source 1, sampling rate 16000, format 0x1, channel mask 0x10, session 129, flags 0 attributes={ Content type: AUDIO_CONTENT_TYPE_UNKNOWN Usage: AUDIO_USAGE_UNKNOWN Source: AUDIO_SOURCE_MIC Flags: 0x800 Tags:  } requested device ID 0
02-23 09:39:26.926  1478  1518 I EDMNativeHelperService: isMicrophoneEnabled
02-23 09:39:26.927  1478  1518 I EDMNativeHelperService: isAudioRecordAllowed
02-23 09:39:26.930 28320 32268 I CategoryBloomFilter: BloomFilterSize:- 2778349
02-23 09:39:26.930  1068  1163 V APM_AudioPolicyManager: getInputForAttr found device type is 0x80000004
02-23 09:39:26.934  1068  1163 I MultiRecordManager: openMultiRecordAllowed() skipMultiRecord 1, openMultiRecordAllowed 0, moduleName primary, source 1, flag 0
02-23 09:39:26.934  1068  1163 I MultiRecordManager: openInputStream() skipMultiRecord
02-23 09:39:26.936  1006  1006 D audio_hw_primary: device-adev_open_input_stream: enter: io_handle (30), sample_rate(16000) channel_mask(0x10) format(0x1) framecount(0) devices(0x80000004) flags(0) sources(1)
02-23 09:39:26.936 30975 31251 I Routine@Core[4.9.04.13]: AppFunctionsActionHandler: isSupported: supportStatus = SUPPORTED, tag = appfunction://com.sec.android.app.clockpackage.crossappactions#AlarmCrossAppActions_createAlarm
02-23 09:39:26.936  1006  1006 I audio_hw_primary: device-adev_open_input_stream: requested to open Primay capture stream
02-23 09:39:26.937  1006  1006 D audio_hw_proxy2: primary_in-update_capture_pcmconfig: needs re-sampling to 16000
02-23 09:39:26.937  1006  1006 D audio_hw_proxy2: primary_in-update_capture_pcmconfig: needs re-channeling to 1 from 2
02-23 09:39:26.937  1006  1006 D audio_hw_proxy2: primary_in-check_conversion: needs re-channeling to 1 from 2
02-23 09:39:26.937  1006  1006 D PostProcessConvertor: PostProcessConvertorInit ++ OSR 16000, ISR 48000, CC 2, OBW 1, IBW 1
02-23 09:39:26.938  1006  1006 I SoundAlive_SRC384 arch32: SoundAlive_SRC384() ID = 0 GID = 1
02-23 09:39:26.938  1006  1006 I SoundAlive_SRC384 arch32: SoundAlive_SRC384: Instance 0 Init(outFs 7, InFs 7, chnum 0, outBW 0, inBW 0)
02-23 09:39:26.938  1006  1006 I Samsung_SoundAlive_SRC arch32: SRC384 version Samsung SoundAlive SRC ver320 arch32  2021.08.04 (Cppref for ARM32, ver.300.c 32bit 07_10_2016 based)
02-23 09:39:26.938  1006  1006 D SoundAliveResampler: [SoundAliveResampler] Init+++
02-23 09:39:26.938  1006  1006 I SoundAlive_SRC384 arch32: SoundAlive_SRC384: Instance 0 Init(outFs 3, InFs 8, chnum 2, outBW 0, inBW 0)
02-23 09:39:26.938  1006  1006 I Samsung_SoundAlive_SRC arch32: SRC384 version Samsung SoundAlive SRC ver320 arch32  2021.08.04 (Cppref for ARM32, ver.300.c 32bit 07_10_2016 based)
02-23 09:39:26.938  1006  1006 I audio_hw_HalOdmProxyAdapter: primary_in-initResampler: realloc conversion_buffer with 1284 bytes
02-23 09:39:26.938  1006  1006 V audio_hw_HalOdmProxyAdapter: proxy-initResampler: resampler created in-samplerate 48000 out-samplereate 16000
02-23 09:39:26.938  1006  1006 I audio_hw_proxy2: proxy-proxy_create_capture_stream: opened Proxy Stream(primary_in)
02-23 09:39:26.938  1006  1006 I audio_hw_primary: primary_in-adev_open_input_stream: transited to Standby
02-23 09:39:26.938  1006  1006 D audio_hw_HalOdmAdapter: (initPreprocessingLatency[1295]) : preprocessing_latency = 0
02-23 09:39:26.938  1006  1006 I audio_hw_primary: device-adev_open_input_stream: opened primary_in stream: io_handle (30)
02-23 09:39:26.938  1006  1006 D audio_hw_capture: primary_in-in_update_sink_metadata: called
02-23 09:39:26.938  1006  1006 D audio_hw_capture: primary_in-in_update_sink_metadata: This stream has 1 tracks
02-23 09:39:26.939  1006  1006 D audio_hw_capture: 1 Track has Source(1), Gain(1.000000)
02-23 09:39:26.939  1006  1006 D audio_hw_capture: 1 Track usage : recording)
02-23 09:39:26.940 30975 31251 I Routine@Core[4.9.04.13]: TASKD/ActionTaskAdapterFactoryImpl: getAdapter - metaId=appfunction://com.sec.android.app.clockpackage.crossappactions#AlarmCrossAppActions_updateAlarm(id=288)
02-23 09:39:26.944  1006  1006 V sec_audio_hw: sec_dev_open_audio_stream: enter: handle 30, type 1, tag
02-23 09:39:26.944  1006  1006 V sec_audio_hw: sec_dev_open_audio_stream: exit
02-23 09:39:26.948  1068  1163 I AudioEffectStage: StageAttribute name input_normal_input_voice_changer, io 2, mixerType 3, openDevice 0, threadFlags 0
02-23 09:39:26.948  1068  1163 I AudioEffectStage:     format 0, sample -1, streamMask 0,InChannelMask ffffffff, OutChannelMask ffffffff, usage 0, content 0
02-23 09:39:26.949  1068  1163 W FactoryHal: hasAidlHalService android.hardware.audio.effect.IFactory/default: false
02-23 09:39:26.950  1076  1123 E HeatmapThread: ECT Thread time in milliseconds: 1771810766
02-23 09:39:26.950  1076  1123 D HeatmapThread: !@ batteryplugType : 0
02-23 09:39:26.951  1076  1123 D HeatmapThread: !@ batteryLevel : 0  batteryTemperature : 0
02-23 09:39:26.951  1076  1123 D HeatmapThread: !@ Heatmap currtime: 29530179
02-23 09:39:26.951  1076  1123 D HeatmapThread: !@ Heatmap prevtime: 29530159
02-23 09:39:26.951  1076  1123 D HeatmapThread: !@ Heatmap plugstarttime: 35791394
02-23 09:39:26.951  1076  1123 D HeatmapThread: !@ Heatmap prevv_dsoh_update_time: 26825042
02-23 09:39:26.951  1076  1123 E HeatmapThread: !@Could not open '/efs/FactoryApp/bsoh', errno = 13
02-23 09:39:26.951  1076  1123 E HeatmapThread: !@ CAM Could not access BSOH EFS
02-23 09:39:26.951  1076  1123 E HeatmapThread: !@ CAM New BSOH: 0
02-23 09:39:26.952   697   697 I hwservicemanager: getTransport: Cannot find entry android.hardware.audio.effect@7.1::IEffectsFactory/default in either framework or device VINTF manifest.
02-23 09:39:26.953   697   697 I hwservicemanager: getTransport: Cannot find entry android.hardware.audio.effect@7.0::IEffectsFactory/default in either framework or device VINTF manifest.
02-23 09:39:26.953  1068  1163 W FactoryHal: hasAidlHalService android.hardware.audio.core.IModule/default: false
02-23 09:39:26.953   697   697 I hwservicemanager: getTransport: Cannot find entry android.hardware.audio@7.1::IDevicesFactory/default in either framework or device VINTF manifest.
02-23 09:39:26.954   697   697 I hwservicemanager: getTransport: Cannot find entry android.hardware.audio@7.0::IDevicesFactory/default in either framework or device VINTF manifest.
02-23 09:39:26.971  1068  1163 W FactoryHal: hasAidlHalService android.hardware.audio.effect.IFactory/default: false
02-23 09:39:26.971   697   697 I hwservicemanager: getTransport: Cannot find entry android.hardware.audio.effect@7.1::IEffectsFactory/default in either framework or device VINTF manifest.
02-23 09:39:26.971   697   697 I hwservicemanager: getTransport: Cannot find entry android.hardware.audio.effect@7.0::IEffectsFactory/default in either framework or device VINTF manifest.
02-23 09:39:26.972  1068  1163 W FactoryHal: hasAidlHalService android.hardware.audio.core.IModule/default: false
02-23 09:39:26.972   697   697 I hwservicemanager: getTransport: Cannot find entry android.hardware.audio@7.1::IDevicesFactory/default in either framework or device VINTF manifest.
02-23 09:39:26.972   697   697 I hwservicemanager: getTransport: Cannot find entry android.hardware.audio@7.0::IDevicesFactory/default in either framework or device VINTF manifest.
02-23 09:39:26.976  1068  1163 I EffectsFactory: EffectCreate() create_effect
02-23 09:39:26.977  1068 32412 I AudioFlinger: AudioFlinger's thread 0xb400007a5f925928 tid=32412 ready to run
02-23 09:39:26.979  1068  1163 V APM_AudioPolicyManager: getInputForAttr() returns input 30 selectedDeviceId 16 vdi 0 for port ID 24
02-23 09:39:26.983  1068  1163 I audioserver: App op 27 missing, silencing record AttributionSourceState{pid: 32337, uid: 10339, deviceId: 0, packageName: com.innosage.androidagentictemplate, attributionTag: (null), token: binder:0xb4000078b1259c80, renouncedPermissions: [], next: []}
02-23 09:39:26.987  1024 32403 I HYPER-HAL: [RequestManager.cpp]releaseLocked(): Released ID : 1127274
02-23 09:39:26.989 30975 31251 I Routine@Core[4.9.04.13]: AppFunctionsActionHandler: isSupported: supportStatus = SUPPORTED, tag = appfunction://com.sec.android.app.clockpackage.crossappactions#AlarmCrossAppActions_updateAlarm
02-23 09:39:26.992 30975 31251 I Routine@Core[4.9.04.13]: TASKD/ActionTaskAdapterFactoryImpl: getAdapter - metaId=appfunction://com.sec.android.app.clockpackage.crossappactions#StopwatchCrossAppFunctions_resetStopwatch(id=289)
02-23 09:39:26.992  1068  1163 V APM_AudioPolicyManager: setAppState(portId:24, state:0)
02-23 09:39:26.992  1068  1163 D AF::RecordTrack: setSilenced: track with port id: 24, (silenced)
02-23 09:39:26.992  1068  1163 V APM_AudioPolicyManager: setAppState(portId:24, state:0)
02-23 09:39:26.992  1068  1163 V APM_AudioPolicyManager: startInput portId 24
02-23 09:39:26.992  1068  1163 V APM_AudioPolicyManager: startInput input:30, session:129)
02-23 09:39:26.992  1478  1518 I EDMNativeHelperService: nativeLoggerEventAsUser
02-23 09:39:27.002 28320 32268 I AppClassifier: Category not present in BloomFilter, Checking in Manifest:- com.innosage.androidagentictemplate.test
02-23 09:39:27.002 28320 28590 I AppClassifier: Category not present in BloomFilter, Checking in Manifest:- com.innosage.androidagentictemplate
02-23 09:39:27.002  1006  1006 D audio_hw_capture: primary_in-in_update_sink_metadata: called
02-23 09:39:27.002  1006  1006 D audio_hw_capture: primary_in-in_update_sink_metadata: This stream has 1 tracks
02-23 09:39:27.002  1006  1006 D audio_hw_capture: 1 Track has Source(1), Gain(1.000000)
02-23 09:39:27.002  1006  1006 D audio_hw_capture: 1 Track usage : recording)
02-23 09:39:27.003 28320 32268 I AppClassifier: Category not found in BF and Manifest for pkg :- com.innosage.androidagentictemplate.test
02-23 09:39:27.003 28320 32268 I AppCategoryExecutor: convertToParcel() executed
02-23 09:39:27.003 28320 32268 I AppCategoryExecutor: AppCategoryDetail is : AppCategoryDetail{mPackageName='com.innosage.androidagentictemplate.test', mCategoryString='', mCategoryId=-1}
02-23 09:39:27.003 28320 32268 I AppCategoryExecutor: Response is : [AppCategoryDetail{mPackageName='com.innosage.androidagentictemplate.test', mCategoryString='', mCategoryId=-1}]
02-23 09:39:27.003 28320 28590 I AppClassifier: Category not found in BF and Manifest for pkg :- com.innosage.androidagentictemplate
02-23 09:39:27.003  1006  1006 D audio_hw_capture: primary_in-in_set_parameters: enter
02-23 09:39:27.003  1006  1006 D audio_hw_capture: primary_in-in_print_set_param_log: requested to change same source  to 0x1
02-23 09:39:27.003  1006  1006 D audio_hw_capture: in_set_parameters-primary_in: routing = 0x80000004
02-23 09:39:27.003  1006  1006 I audio_hw_capture: primary_in-in_set_parameters: requested to change route from mic to mic
02-23 09:39:27.006  1006  1006 D audio_hw_capture: primary_in-in_update_sink_metadata: called
02-23 09:39:27.006  1006  1006 D audio_hw_capture: primary_in-in_update_sink_metadata: This stream has 1 tracks
02-23 09:39:27.006  1006  1006 D audio_hw_capture: 1 Track has Source(1), Gain(1.000000)
02-23 09:39:27.006  1006  1006 D audio_hw_capture: 1 Track usage : recording)
02-23 09:39:27.006  1068  1163 V APM_AudioPolicyManager: setInputDevice() AF::createAudioPatch returned 0 patchHandle 52 num_sources 1 num_sinks 1
02-23 09:39:27.006 19350 31258 I AiPrivacy::AiAppEventWorker: result : Success {mOutputData=Data {}}, ADDED
02-23 09:39:27.008  1068  1282 D AudioFlinger: setParameters: filtered dev setParameters keyvalue l_=0
02-23 09:39:27.008  1006  1006 V sec_audio_hw: sec_dev_set_parameters : l_=0
02-23 09:39:27.008  1006  1006 D audio_hw_primary: device-adev_set_parameters: enter
02-23 09:39:27.008  1006  1006 D audio_hw_primary: device-adev_set_parameters: param (l_=0)
02-23 09:39:27.010  1006  1006 I Audio_a2dpsink_hw: adev_set_parameters: kevpairs=[l_=0]
02-23 09:39:27.011  1068  1163 V APM_AudioPolicyManager: startInput input 30 source = 1 status = 0 exit
02-23 09:39:27.011  1068  1068 V APM_AudioPolicyManager: setAppState(portId:24, state:0)
02-23 09:39:27.012  1006  1063 V audio_hw_capture: in_set_microphone_direction
02-23 09:39:27.013 31177 31245 I WM-WorkerWrapper: Worker result SUCCESS for Work [ id=93150fce-f61a-4a67-8767-5627923f2cb1, tags={ com.samsung.android.kmxservice.ai.event.AiAppEventWorker } ]
02-23 09:39:27.013  1006  1063 W StreamHAL: Error from HAL stream in function set_microphone_direction: Function not implemented
02-23 09:39:27.013 31177 31245 I WM-WorkerWrapper: Setting status to enqueued for 5127007c-bbdb-4254-a7cd-9f98a194d183
02-23 09:39:27.014  1006  1063 V audio_hw_capture: in_set_microphone_field_dimension
02-23 09:39:27.014  1006  1063 W StreamHAL: Error from HAL stream in function set_microphone_field_dimension: Function not implemented
02-23 09:39:27.014 32337 32410 D AudioRecordService: Recording to: /storage/emulated/0/Android/data/com.innosage.androidagentictemplate/files/rec_1771810767014.pcm
02-23 09:39:27.014  6971  9543 I MtpStorageManager: Got inotify added event for : cmVjXzE3NzE4MTA3NjcwMTQucGNt
02-23 09:39:27.016  1006 32414 I audio_hw_capture: primary_in-in_read: transited to Ready
02-23 09:39:27.016  1006 32414 I audio_hw_capture: primary_in-in_read: try to route for capture
02-23 09:39:27.016  1006 32414 I audio_hw_utils: primary_in-lock_active_capture_streams: before acquiring in lock
02-23 09:39:27.016  1006 32414 I audio_hw_route: primary_in-set_route_for_capture-3: routes to device(mic) for usage(recording)
02-23 09:39:27.017 28320 28320 I SCS@AiSearch user 0: (SearchProvider) onTrimMemory(): 40
02-23 09:39:27.017  1006 32414 I soundtrigger_hw_primary: sound_trigger_notify_ahal_record_status: enter, state: 1
02-23 09:39:27.017  1006 32414 D audio_hw_proxy2: proxy-proxy_set_route: Main Mic(1) Capture STARTED notification to STHAL
02-23 09:39:27.018  1006 32414 I audio_hw_HalOdmProxyAdapter: proxy-is_usage_interpreter_listen: ausage = 1(recording)
02-23 09:39:27.018  1006 32414 I audio_route: > audio_route_apply_path : "recording-mic"
02-23 09:39:27.018  1006 32414 D audio_route: Apply path: recording-mic
02-23 09:39:27.018  1006 32414 I audio_hw_proxy_route: proxy-set_route: routed recording-mic
02-23 09:39:27.018  1006 32414 I audio_route: > audio_route_apply_path : "gain-recording-mic"
02-23 09:39:27.018  1006 32414 D audio_route: Apply path: gain-recording-mic
02-23 09:39:27.018  1006 32414 I audio_hw_proxy_route: proxy-set_route: set gain as gain-recording-mic
