02-23 09:39:27.245 32421 32421 D nativeloader: Configuring clns-10 for other apk /system/framework/android.test.runner.jar. target_sdk_version=34, uses_libraries=ALL, library_path=/data/app/~~jE-LymdXpM7683BvyEFilg==/com.innosage.androidagentictemplate.test-z6bDiTz_amE8GO_6swChRA==/lib/arm64, permitted_path=/data:/mnt/expand:/data/user/0/com.innosage.androidagentictemplate.test
02-23 09:39:27.245 32421 32421 D nativeloader: Extending system_exposed_libraries: libhumantracking.arcsoft.so:libPortraitDistortionCorrection.arcsoft.so:libPortraitDistortionCorrectionCali.arcsoft.so:libface_landmark.arcsoft.so:libFacialStickerEngine.arcsoft.so:libfrtracking_engine.arcsoft.so:libFaceRecognition.arcsoft.so:libveengine.arcsoft.so:lib_pet_detection.arcsoft.so:libae_bracket_hdr.arcsoft.so:libhybrid_high_dynamic_range.arcsoft.so:libimage_enhancement.arcsoft.so:liblow_light_hdr.arcsoft.so:libhigh_dynamic_range.arcsoft.so:libsuperresolution_raw.arcsoft.so:libFacialAttributeDetection.arcsoft.so:libobjectcapture_jni.arcsoft.so:libobjectcapture.arcsoft.so:libaudiomirroring_jni.audiomirroring.samsung.so:libBeauty_v4.camera.samsung.so:libexifa.camera.samsung.so:libjpega.camera.samsung.so:libOpenCv.camera.samsung.so:libBestPhoto.camera.samsung.so:libC2paDps.camera.samsung.so:libVideoClassifier.camera.samsung.so:libImageScreener.camera.samsung.so:libMyFilter.camera.samsung.so:libtflite2.myfilters.camera.samsung.so:libHIDTSnapJNI.camera.samsung.so:lib
02-23 09:39:27.245  1084  1084 D SurfaceFlinger: Display 4633128672291735999 HWC layers:
02-23 09:39:27.245  1084  1084 D SurfaceFlinger:        CLIENT |          138886357450753 | 00002102 | RGBA_8888    |   15.0    0.0 1080.0 2340.0 |    0    0 1080 2340 | com.innosage.androidagentictemplate/[...]ntictemplate.MainActivity$_32337#381 (48)
02-23 09:39:27.245  1084  1084 D SurfaceFlinger:   SOLID_COLOR |                        0 | 00000000 | N/A          |    0.0    0.0    0.0    0.0 |    0    0 1080 2340 | DimTransitionLayer for Surface(name=Task=14131)/@0x1517fc3#407 (0)
02-23 09:39:27.245  1084  1084 D SurfaceFlinger:        DEVICE |            8383776161966 | 00002100 | RGBA_8888    |    0.0    0.0   49.0 2340.0 | 1031    0 1080 2340 | Splash Screen com.innosage.androidagentictemplate.test$_1952#402 (1)
02-23 09:39:27.245  1084  1084 D SurfaceFlinger:        DEVICE |            8383776161845 | 00002100 | RGBA_8888    |    0.0    0.0 1080.0   74.0 |    0    0 1080   74 | StatusBar$_1952#104 (8674)
02-23 09:39:27.245  1084  1084 D SurfaceFlinger:        DEVICE |           10402410790924 | 00002100 | RGBA_8888    |    0.0    0.0   67.0  332.0 | 1013  898 1080 1230 | com.sec.android.app.launcher/com.sam[...]nel.app.CocktailBarService$_2422#215 (7)
02-23 09:39:27.245  1084  1084 D SurfaceFlinger:        DEVICE |            8383776161848 | 0000210
02-23 09:39:27.245  1084  1084 D SurfaceFlinger: 0 | RGBA_8888    |    0.0    0.0 1080.0  135.0 |    0 2205 1080 2340 | NavigationBar0$_1952#100 (307)
02-23 09:39:27.245  1084  1084 D SurfaceFlinger:
02-23 09:39:27.245  1952  2082 D PluginActionManager: queryAll com.android.systemui.action.PLUGIN_NOTIFICATION_MENU_ROW
02-23 09:39:27.246  1952  2082 D PluginActionManager: Found 0 plugins
02-23 09:39:27.247  1952  1952 I View    : setRequestedFrameRate frameRate=-2.0, this=StatusBarIconView(slot='com.innosage.androidagentictemplate/0x1' alpha=1.0 icon=StatusBarIcon(icon=Icon(typ=RESOURCE pkg=com.innosage.androidagentictemplate id=0x010800a4) visible user=0 ) visibleState=ICON iconColor=#0 staticDrawableColor=#0 decorColor=#ff1b6cf7 animationStartColor=#0 currentSetColor=#0 notification=StatusBarNotification(pkg=com.innosage.androidagentictemplate user=UserHandle{0} id=1 tag=null key=0|com.innosage.androidagentictemplate|1|null|10339: Notification(channel=AudioRecordServiceChannel shortcut=null contentView=null vibrate=null sound=null defaults=0 flags=ONGOING_EVENT|NO_CLEAR|FOREGROUND_SERVICE color=0x00000000 actions=1 vis=PRIVATE semFlags=0x0 semPriority=0 semMissedCount=0))), caller=com.android.systemui.statusbar.StatusBarIconView.onAttachedToWindow:6 android.view.View.dispatchAttachedToWindow:24320 android.view.ViewGroup.addViewInner:5582 android.view.ViewGroup.addView:5358 com.android.systemui.statusbar.phone.LegacyNotificationIconAreaControllerImpl.updateIconsForLayout:468
02-23 09:39:27.247  1952  1952 I View    : setRequestedFrameRate frameRate=-2.0, this=StatusBarIconView(slot='com.innosage.androidagentictemplate/0x1' alpha=1.0 icon=StatusBarIcon(icon=Icon(typ=RESOURCE pkg=com.innosage.androidagentictemplate id=0x010800a4) visible user=0 ) visibleState=ICON iconColor=#ff1b6cf7 staticDrawableColor=#ff1b6cf7 decorColor=#ff1b6cf7 animationStartColor=#0 currentSetColor=#ff1b6cf7 notification=StatusBarNotification(pkg=com.innosage.androidagentictemplate user=UserHandle{0} id=1 tag=null key=0|com.innosage.androidagentictemplate|1|null|10339: Notification(channel=AudioRecordServiceChannel shortcut=null contentView=null vibrate=null sound=null defaults=0 flags=ONGOING_EVENT|NO_CLEAR|FOREGROUND_SERVICE color=0x00000000 actions=1 vis=PRIVATE semFlags=0x0 semPriority=0 semMissedCount=0))), caller=com.android.systemui.statusbar.StatusBarIconView.onAttachedToWindow:6 android.view.View.dispatchAttachedToWindow:24320 android.view.ViewGroup.addViewInner:5582 android.view.ViewGroup.addView:5358 com.android.systemui.statusbar.phone.LegacyNotificationIconAreaControllerImpl.updateIconsForLayout:468
02-23 09:39:27.249  1952  1952 D SubscreenNotificationListCoordinator: onAfterRenderList() isSubScreen = false, pluginLockMode = 0, doNotShowOnCover = false
02-23 09:39:27.254  2422   984 I HoneySpace.RecentTasks: onRecentTasksChanged
02-23 09:39:27.255  1952  1952 W RefactorFlag: New code path expects SceneContainerFlag to be enabled.
02-23 09:39:27.256  1952  1952 D ExpandableNotifRow: mMaxSmallHeight different before reInflateViews mMaxSmallHeight: 203 mTempSmallHeight:0 0|com.innosage.androidagentictemplate|1|null|10339
02-23 09:39:27.256  1952  1952 D ExpandableNotifRow: mMaxSmallHeight different before reInflateViews mMaxSmallHeight: 203 mTempSmallHeight:0 0|com.innosage.androidagentictemplate|1|null|10339
02-23 09:39:27.257 32421 32421 D nativeloader: Configuring clns-11 for other apk /data/app/~~jE-LymdXpM7683BvyEFilg==/com.innosage.androidagentictemplate.test-z6bDiTz_amE8GO_6swChRA==/base.apk. target_sdk_version=34, uses_libraries=, library_path=/data/app/~~jE-LymdXpM7683BvyEFilg==/com.innosage.androidagentictemplate.test-z6bDiTz_amE8GO_6swChRA==/lib/arm64, permitted_path=/data:/mnt/expand:/data/user/0/com.innosage.androidagentictemplate.test
02-23 09:39:27.258  1952  1952 I LockscreenNotificationIconsOnlyController: onNotificationInfoUpdated 0
02-23 09:39:27.258  1952  1952 I AODNotificationManager: updateNotification()
02-23 09:39:27.267 32421 32421 V GraphicsEnvironment: Currently set values for:
02-23 09:39:27.267 32421 32421 V GraphicsEnvironment:   angle_gl_driver_selection_pkgs=[]
02-23 09:39:27.267 32421 32421 V GraphicsEnvironment:   angle_gl_driver_selection_values=[]
02-23 09:39:27.267 32421 32421 V GraphicsEnvironment: com.innosage.androidagentictemplate.test is not listed in per-application setting
02-23 09:39:27.267 32421 32421 V GraphicsEnvironment: ANGLE allowlist from config:
02-23 09:39:27.267 32421 32421 V GraphicsEnvironment: com.innosage.androidagentictemplate.test is not listed in ANGLE allowlist or settings, returning default
02-23 09:39:27.268 32421 32421 V GraphicsEnvironment: App is not on the allowlist for updatable production driver.
02-23 09:39:27.283 30975 31251 I Routine@Core[4.9.04.13]: AppFunctionsActionHandler: isSupported: supportStatus = SUPPORTED, tag = appfunction://com.samsung.android.app.calendar.crossapp#CrossAppEvent_findEvents
02-23 09:39:27.284  6873  6873 I InputMethodService: removeImeSurface
02-23 09:39:27.285  6873  6873 I InputMethodService: cancelImeSurfaceRemoval: removeCallbacks
02-23 09:39:27.287 30975 31251 I Routine@Core[4.9.04.13]: TASKD/ActionTaskAdapterFactoryImpl: getAdapter - metaId=appfunction://com.samsung.android.app.calendar.crossapp#CrossAppEvent_createEvent(id=294)
02-23 09:39:27.310  1478  2809 D InputDispatcher: Focused application(0): ActivityRecord{100190624 u0 com.innosage.androidagentictemplate.test/androidx.test.core.app.InstrumentationActivityInvoker$EmptyActivity t14131}
02-23 09:39:27.313  1478  1783 D AS.MultiSoundManager: mForegroundUid = 10340
02-23 09:39:27.314  2422  2616 I HoneySpace.TopTaskSource: onTaskFocusChanged(): taskId = 14131
02-23 09:39:27.316  2422  2422 I HoneySpace.EdgePanel.CocktailHostRepositoryImpl: onNoteResume
02-23 09:39:27.316  2422  2422 I HoneySpace.EdgePanel.EdgePanelContainerViewModel: cocktailHostRepository.edgePanelOperation NoteResumeComponent(componentName=ComponentInfo{com.innosage.androidagentictemplate.test/androidx.test.core.app.InstrumentationActivityInvoker$EmptyActivity})
02-23 09:39:27.316  2422  2422 I HoneySpace.EdgePanel.ActivityUtils: HomePackage : com.sec.android.app.launcher, resumePackageName : com.innosage.androidagentictemplate.test, className : androidx.test.core.app.InstrumentationActivityInvoker$EmptyActivity
02-23 09:39:27.317  1478  2809 D GraphicsStatsService: requestRenderEngineFor(com.innosage.androidagentictemplate.test)
02-23 09:39:27.318 32421 32421 D HWUI    : HWUI - treat SMPTE_170M as sRGB
02-23 09:39:27.321  1952  1952 I {OngoingActivityController}: onTaskFocusChanged but OA data is empty
02-23 09:39:27.323 32421 32437 D HWUI    : CacheManager constructor. deviceInfo=(1080, 1920)
02-23 09:39:27.323 32421 32437 V XGL     : ----------------------------------------------------------------------
02-23 09:39:27.323 32421 32437 V XGL     : SUMD version compiled date     = 2025-06-11 14:47 - KST
02-23 09:39:27.323 32421 32437 V XGL     : SUMD version revision number   = 1fc295b0d2
02-23 09:39:27.323 32421 32437 V XGL     : SUMD version info              = Driver version: 24.0.545, git hash: 1fc295b0d2
02-23 09:39:27.323 32421 32437 V XGL     : ----------------------------------------------------------------------
02-23 09:39:27.323 32421 32437 V XGL     : Entering: Create
02-23 09:39:27.330 32421 32421 E ashmem  : Pinning is deprecated since Android Q. Please use trim or other methods.
02-23 09:39:27.330  3065  3065 E pageboostd: Received HALT command code 2
02-23 09:39:27.332 32421 32437 V XGL     : Exiting: Create
02-23 09:39:27.332  1952  1952 D QSClock : onDarkChanged tint=DARK
02-23 09:39:27.340 30975 31251 I Routine@Core[4.9.04.13]: AppFunctionsActionHandler: isSupported: supportStatus = SUPPORTED, tag = appfunction://com.samsung.android.app.calendar.crossapp#CrossAppEvent_createEvent
02-23 09:39:27.345 30975 31251 I Routine@Core[4.9.04.13]: TASKD/ActionTaskAdapterFactoryImpl: getAdapter - metaId=appfunction://com.samsung.android.app.calendar.crossapp#CrossAppEvent_updateEvent(id=295)
02-23 09:39:27.360 32421 32421 E ictemplate.test: Invalid resource ID 0x00000000.
02-23 09:39:27.365 32421 32421 D DesktopModeFlags: Toggle override initialized to: OVERRIDE_UNSET
02-23 09:39:27.368 32421 32421 I DecorView: setWindowBackground: isPopOver=false color=ffffffff d=android.graphics.drawable.ColorDrawable@81335cc
02-23 09:39:27.383 32421 32421 D ViewRootImpl: desktopMode is false
02-23 09:39:27.394  1068  6318 V APM_AudioPolicyManager: setAppState(portId:24, state:0)
02-23 09:39:27.394  1068  6318 V APM_AudioPolicyManager: setAppState(portId:24, state:0)
02-23 09:39:27.394  1068  6318 V APM_AudioPolicyManager: setAppState(portId:24, state:0)
02-23 09:39:27.395 30975 31251 I Routine@Core[4.9.04.13]: AppFunctionsActionHandler: isSupported: supportStatus = SUPPORTED, tag = appfunction://com.samsung.android.app.calendar.crossapp#CrossAppEvent_updateEvent
02-23 09:39:27.396 32421 32421 I ViewRootImpl: dVRR is disabled
02-23 09:39:27.396 32421 32421 D HardwareRenderer: onDisplayChanged. displayId=0 current wxh=1080x2340 mLargest wxh=0x0
02-23 09:39:27.397 32421 32421 D HardwareRenderer: Set largestWidth and largestHeight as logical resolution. (1080x2340)
02-23 09:39:27.397 32421 32437 D HWUI    : setMaxSurfaceArea requested wxh=(1080,2340) requestedSurfaceArea(2527200) mMaxSurfaceArea(2073600)
02-23 09:39:27.398 30975 31251 I Routine@Core[4.9.04.13]: TASKD/ActionTaskAdapterFactoryImpl: getAdapter - metaId=appfunction://com.samsung.android.app.calendar.crossapp#CrossAppEvent_showEvent(id=296)
02-23 09:39:27.399 32421 32437 D NativeCustomFrequencyManager: [NativeCFMS] BpCustomFrequencyManager::BpCustomFrequencyManager()
02-23 09:39:27.400 32421 32442 I ictemplate.test: [HIDL_FETCH_IMapper] android.hardware.graphics.mapper@4.0: Loaded Mapper successfully.
02-23 09:39:27.410  1478  1518 D InputTransport: Input channel constructed: '1d7dcc6', fd=1234
02-23 09:39:27.410  1478  1518 D InputTransport: Input channel constructed: '1d7dcc6', fd=1242
02-23 09:39:27.411  1478  1518 D InputTransport: Input channel constructed: '1d7dcc6', fd=1243
02-23 09:39:27.411  1478  1518 D InputTransport: Input channel destroyed: '1d7dcc6', fd=1242
02-23 09:39:27.412  1084  1148 I SurfaceFlinger: id=408 createSurf, flag=84004, 1d7dcc6 com.innosage.androidagentictemplate.test/androidx.test.core.app.InstrumentationActivityInvoker$EmptyActivity#408
02-23 09:39:27.415  1478  1518 D InputTransport: Input channel destroyed: '1d7dcc6', fd=1243
02-23 09:39:27.416  1084  1084 I SurfaceFlinger: [1d7dcc6 com.innosage.androidagentictemplate.test/androidx.test.core.app.InstrumentationActivityInvoker$EmptyActivity#408] attach to parent LayerHierarchy{RequestedLayerState{ActivityRecord{100190624 u0 com.innosage.androidagentictemplate.test/androidx.test.core.app.InstrumentationActivityInvoker$EmptyActivity t14131}#400 parentId=399} 3 children}
02-23 09:39:27.416 32421 32421 D InputTransport: Input channel constructed: '1d7dcc6', fd=113
02-23 09:39:27.417 32421 32421 I InsetsController: onStateChanged: host=com.innosage.androidagentictemplate.test/androidx.test.core.app.InstrumentationActivityInvoker$EmptyActivity, from=android.view.ViewRootImpl.onInsetsStateChanged:3026, state=InsetsState: {mDisplayFrame=Rect(0, 0 - 1080, 2340), mDisplayCutout=DisplayCutout{insets=Rect(0, 74 - 0, 0) waterfall=Insets{left=0, top=0, right=0, bottom=0} boundingRect={Bounds=[Rect(0, 0 - 0, 0), Rect(514, 0 - 566, 74), Rect(0, 0 - 0, 0), Rect(0, 0 - 0, 0)]} cutoutPathParserInfo={CutoutPathParserInfo{displayWidth=1080 displayHeight=2340 physicalDisplayWidth=1080 physicalDisplayHeight=2340 density={2.8125} cutoutSpec={M 0,0 H -9.244444444444444 V 26.31111111111111 H 9.244444444444444 V 0 H 0 Z @dp} rotation={0} scale={1.0} physicalPixelDisplaySizeRatio={1.0}}} sideOverrides={}}, mRoundedCorners=RoundedCorners{[RoundedCorner{position=TopLeft, radius=101, center=Point(101, 101)}, RoundedCorner{position=TopRight, radius=101, center=Point(979, 101)}, RoundedCorner{position=BottomRight, radius=101, center=Point(979, 2239)}, RoundedCorner{position=BottomLeft, radius=101, center=Point(101, 2239)}]}  mRoundedCornerFrame=Rect(0, 0 - 1080, 2340), mPrivacyIndicatorBounds=PrivacyIndicatorBounds {static bounds=Rect(956, 0 - 1080, 74) rotation=0}, mDisplayShape=DisplayShape{ spec=-311912193 displayWidth=1080 displayHeight=2340 physicalPixelDisplaySizeRatio=1.0 rotation=0 offsetX=0 offsetY=0 scale=1.0}, mSources= { InsetsSource: {df280000 mType=statusBars mFrame=[0,0][1080,74] mVisible=true mFlags= mSideHint=TOP mBoundingRects=null}, InsetsSource: {df280005 mType=mandatorySystemGestures mFrame=[0,0][1080,108] mVisible=true mFlags= mSideHint=TOP mBoundingRects=null}, InsetsSource: {df280006 mType=tappableElement mFrame=[0,0][1080,74] mVisible=true mFlags= mSideHint=TOP mBoundingRects=null}, InsetsSource: {3 mType=ime mFrame=[0,0][0,0] mVisible=false mFlags= mSideHint=NONE mBoundingRects=null}, InsetsSource: {27 mType=displayCutout mFrame=[0,0][1080,74] mVisible=true mFlags= mSideHint=TOP mBoundingRects=null}, InsetsSource: {9ab0001 mType=navigationBars mFrame=[0,2298][1080,2340] mVisible=true mFlags=SUPPRESS_SCRIM mSideHint=BOTTOM mBoundingRects=null}, InsetsSource: {9ab0004 mType=systemGestures mFrame=[0,0][84,2340] mVisible=true mFlags= mSideHint=LEFT mBoundingRects=null}, InsetsSource: {9ab0005 mType=mandatorySystemGestures mFrame=[0,2250][1080,2340] mVisible=true mFlags= mSideHint=BOTTOM mBoundingRects=null}, InsetsSource: {9ab0006 mType=tappableElement mFrame=[0,0][0,0] mVisible=true mFlags= mSideHint=NONE mBoundingRects=null}, InsetsSource: {9ab0024 mType=systemGestures mFrame=[996,0][1080,2340] mVisible=true mFlags= mSideHint=RIGHT mBoundingRects=null} }
02-23 09:39:27.419 32421 32421 I VRI[InstrumentationActivityInvoker$EmptyActivity]@5b35ccd: synced displayState. AttachInfo displayState=2
02-23 09:39:27.421 32421 32421 I VRI[InstrumentationActivityInvoker$EmptyActivity]@5b35ccd: setView = com.android.internal.policy.DecorView@525f8c9 IsHRR=false mFlingFrameRateChange=0 TM=true
02-23 09:39:27.422 32421 32421 I IDS_TAG : Starting IDS observe window
02-23 09:39:27.422 32421 32421 I IDS_TAG : Getting Shared Preference for android.app.Application@769a37a uid = 10340
02-23 09:39:27.424  1084  1084 I SurfaceFlinger: RequestedLayer [1d7dcc6 com.innosage.androidagentict[...]ionActivityInvoker$EmptyActivity#408] hidden!! flag  from(1) --> to(0)
02-23 09:39:27.431 32421 32421 I IDS_TAG : App android.app.Application@769a37a has not finished training
02-23 09:39:27.432 32421 32437 D HWUI    : HWUI - treat SMPTE_170M as sRGB
02-23 09:39:27.447  1952  1996 D ShellDesktopMode: handleRequest: TransitionRequestInfo {type=2, tid=14131, debugId=26}
02-23 09:39:27.457 32421 32421 I IDS_TAG : Closing IDS observe window
02-23 09:39:27.457 32421 32421 I IDS_TAG : Getting Shared Preference for android.app.Application@769a37a uid = 10340
02-23 09:39:27.458 32421 32421 I IDS_TAG : IDS count updated to 1 for android.app.Application@769a37a
02-23 09:39:27.458 30975 31251 I Routine@Core[4.9.04.13]: AppFunctionsActionHandler: isSupported: supportStatus = SUPPORTED, tag = appfunction://com.samsung.android.app.calendar.crossapp#CrossAppEvent_showEvent
02-23 09:39:27.462 30975 31251 I Routine@Core[4.9.04.13]: TASKD/ActionTaskAdapterFactoryImpl: getAdapter - metaId=appfunction://com.samsung.android.app.reminder.data.crossappactions#TaskFunctions_updateTask(id=297)
02-23 09:39:27.464  1478  2809 I WindowManager: Relayout Window{1d7dcc6 u0 com.innosage.androidagentictemplate.test/androidx.test.core.app.InstrumentationActivityInvoker$EmptyActivity}: viewVisibility=0 req=1080x2340 ty=1 d0
02-23 09:39:27.464  1084  2802 I SurfaceFlinger: id=409 createSurf, flag=44004, com.innosage.androidagentictemplate.test/androidx.test.core.app.InstrumentationActivityInvoker$EmptyActivity$_32421#409
02-23 09:39:27.466  1478  2809 D SurfaceComposerClient: setCornerRadius ## 1d7dcc6 com.innosage.androidagentictemplate.test/androidx.test.core.app.InstrumentationActivityInvoker$EmptyActivity#408 cornerRadius=0.000000
02-23 09:39:27.466  1084  1084 I SurfaceFlinger: [com.innosage.androidagentictemplate.test/androidx.test.core.app.InstrumentationActivityInvoker$EmptyActivity$_32421#409] attach to parent LayerHierarchy{RequestedLayerState{1d7dcc6 com.innosage.androidagentictemplate.test/androidx.test.core.app.InstrumentationActivityInvoker$EmptyActivity#408 parentId=400} 1 children}
02-23 09:39:27.468  2422  2616 I HoneySpace.TopTaskSource: onTaskMovedToFront : taskId = 8, displayId = 0
02-23 09:39:27.468  1478  2809 I WindowManager: Relayout hash=1d7dcc6, pid=32421, syncId=-1: mAttrs={(0,0)(fillxfill) sim={adjust=pan forwardNavigation} ty=BASE_APPLICATION
02-23 09:39:27.468  1478  2809 I WindowManager:   fl=81810100
02-23 09:39:27.468  1478  2809 I WindowManager:   pfl=100080c0
02-23 09:39:27.468  1478  2809 I WindowManager:   apr=10
02-23 09:39:27.468  1478  2809 I WindowManager:   bhv=1
02-23 09:39:27.468  1478  2809 I WindowManager:   fitSides=0
02-23 09:39:27.468  1478  2809 I WindowManager:   frameRateBoostOnTouch=true
02-23 09:39:27.468  1478  2809 I WindowManager:   dvrrWindowFrameRateHint=true naviIconColor=0
02-23 09:39:27.468  1478  2809 I WindowManager:   sfl=100000}
02-23 09:39:27.470 32421 32421 I BLASTBufferQueue_Java: new BLASTBufferQueue, mName= VRI[InstrumentationActivityInvoker$EmptyActivity]@5b35ccd mNativeObject= 0xb4000075f86b6630 caller= android.view.ViewRootImpl.updateBlastSurfaceIfNeeded:3585 android.view.ViewRootImpl.relayoutWindow:11685 android.view.ViewRootImpl.performTraversals:4804 android.view.ViewRootImpl.doTraversal:3924 android.view.ViewRootImpl$TraversalRunnable.run:12903 android.view.Choreographer$CallbackRecord.run:1901 android.view.Choreographer$CallbackRecord.run:1910 android.view.Choreographer.doCallbacks:1367 android.view.Choreographer.doFrame:1292 android.view.Choreographer$FrameDisplayEventReceiver.run:1870
02-23 09:39:27.470 32421 32421 I BLASTBufferQueue_Java: update, w= 1080 h= 2340 mName = VRI[InstrumentationActivityInvoker$EmptyActivity]@5b35ccd mNativeObject= 0xb4000075f86b6630 sc.mNativeObject= 0xb4000075c8666190 format= -1 caller= android.view.ViewRootImpl.updateBlastSurfaceIfNeeded:3590 android.view.ViewRootImpl.relayoutWindow:11685 android.view.ViewRootImpl.performTraversals:4804 android.view.ViewRootImpl.doTraversal:3924 android.view.ViewRootImpl$TraversalRunnable.run:12903 android.view.Choreographer$CallbackRecord.run:1901
02-23 09:39:27.472 32421 32421 I VRI[InstrumentationActivityInvoker$EmptyActivity]@5b35ccd: Relayout returned: old=(0,0,1080,2340) new=(0,0,1080,2340) relayoutAsync=false req=(1080,2340)0 dur=6 res=0x3 s={true 0xb400007758673600} ch=true seqId=0
02-23 09:39:27.472  1084  2802 W ServiceManagerCppClient: Permission failure: android.permission.ACCESS_SURFACE_FLINGER from uid=10340 pid=32421
02-23 09:39:27.472  1084  2802 D PermissionCache: checking android.permission.ACCESS_SURFACE_FLINGER for uid=10340 => denied (229 us)
02-23 09:39:27.472  1084  2802 W ServiceManagerCppClient: Permission failure: android.permission.ROTATE_SURFACE_FLINGER from uid=10340 pid=32421
02-23 09:39:27.472  1084  2802 D PermissionCache: checking android.permission.ROTATE_SURFACE_FLINGER for uid=10340 => denied (75 us)
02-23 09:39:27.472  1084  2802 W ServiceManagerCppClient: Permission failure: android.permission.INTERNAL_SYSTEM_WINDOW from uid=10340 pid=32421
02-23 09:39:27.472  1084  2802 D PermissionCache: checking android.permission.INTERNAL_SYSTEM_WINDOW for uid=10340 => denied (141 us)
02-23 09:39:27.473 32421 32421 D VRI[InstrumentationActivityInvoker$EmptyActivity]@5b35ccd: mThreadedRenderer.initialize() mSurface={isValid=true 0xb400007758673600} hwInitialized=true
02-23 09:39:27.474  2422  2618 I HoneySpace.TopTaskUseCase: topTasks 8 ComponentInfo{com.sec.android.app.launcher/com.sec.android.app.launcher.Launcher}[displayId=0]
02-23 09:39:27.474 32421 32421 D VRI[InstrumentationActivityInvoker$EmptyActivity]@5b35ccd: reportNextDraw android.view.ViewRootImpl.performTraversals:5443 android.view.ViewRootImpl.doTraversal:3924 android.view.ViewRootImpl$TraversalRunnable.run:12903 android.view.Choreographer$CallbackRecord.run:1901 android.view.Choreographer$CallbackRecord.run:1910
02-23 09:39:27.474 32421 32421 D VRI[InstrumentationActivityInvoker$EmptyActivity]@5b35ccd: Setup new sync=wmsSync-VRI[InstrumentationActivityInvoker$EmptyActivity]@5b35ccd#0
02-23 09:39:27.475 32421 32421 I VRI[InstrumentationActivityInvoker$EmptyActivity]@5b35ccd: Creating new active sync group VRI[InstrumentationActivityInvoker$EmptyActivity]@5b35ccd#1
02-23 09:39:27.475 32421 32421 D VRI[InstrumentationActivityInvoker$EmptyActivity]@5b35ccd: registerCallbacksForSync syncBuffer=false
02-23 09:39:27.478  1084  1351 W ServiceManagerCppClient: Permission failure: android.permission.ACCESS_SURFACE_FLINGER from uid=10340 pid=0
02-23 09:39:27.478  1084  1351 D PermissionCache: checking android.permission.ACCESS_SURFACE_FLINGER for uid=10340 => denied (6586 us)
02-23 09:39:27.479 32421 32443 D VRI[InstrumentationActivityInvoker$EmptyActivity]@5b35ccd: Received frameDrawingCallback syncResult=0 frameNum=1.
02-23 09:39:27.480 32421 32443 I VRI[InstrumentationActivityInvoker$EmptyActivity]@5b35ccd: mWNT: t=0xb400007598685550 mBlastBufferQueue=0xb4000075f86b6630 fn= 1 HdrRenderState mRenderHdrSdrRatio=1.0 caller= android.view.ViewRootImpl$12.onFrameDraw:15441 android.view.ThreadedRenderer$1.onFrameDraw:718 <bottom of call stack>
02-23 09:39:27.480 32421 32443 I VRI[InstrumentationActivityInvoker$EmptyActivity]@5b35ccd: Setting up sync and frameCommitCallback
02-23 09:39:27.489  2422   984 I HoneySpace.RecentTasks: onRecentTasksChanged
02-23 09:39:27.499 32421 32437 I GSC     : SID[0] : fe6ff4e467193f9c, Kind: 1, time : 12.043 ms
02-23 09:39:27.502 32421 32437 I GSC     : SID[1] : 9fb7104710fc7e74, Kind: 0, time : 3.308 ms
02-23 09:39:27.503 32421 32437 I BLASTBufferQueue: [VRI[InstrumentationActivityInvoker$EmptyActivity]@5b35ccd#0](f:0,a:0,s:0) onFrameAvailable the first frame is available
02-23 09:39:27.504 32421 32437 I VRI[InstrumentationActivityInvoker$EmptyActivity]@5b35ccd: Received frameCommittedCallback lastAttemptedDrawFrameNum=1 didProduceBuffer=true
02-23 09:39:27.504 32421 32437 D HWUI    : CFMS:: SetUp Pid : 32421    Tid : 32437
02-23 09:39:27.505 32421 32421 D VRI[InstrumentationActivityInvoker$EmptyActivity]@5b35ccd: reportDrawFinished seqId=0
02-23 09:39:27.505  1478  2809 W ServiceManagerCppClient: Permission failure: android.permission.ACCESS_SURFACE_FLINGER from uid=10340 pid=0
02-23 09:39:27.505  1478  2809 D PermissionCache: checking android.permission.ACCESS_SURFACE_FLINGER for uid=10340 => denied (84 us)
02-23 09:39:27.505  1478  2809 W ServiceManagerCppClient: Permission failure: android.permission.ROTATE_SURFACE_FLINGER from uid=10340 pid=0
02-23 09:39:27.505  1478  2809 D PermissionCache: checking android.permission.ROTATE_SURFACE_FLINGER for uid=10340 => denied (18 us)
02-23 09:39:27.505  1478  2809 W ServiceManagerCppClient: Permission failure: android.permission.INTERNAL_SYSTEM_WINDOW from uid=10340 pid=0
02-23 09:39:27.505  1084  1149 I SurfaceFlinger: [com.innosage.androidagentictemplate.test/androidx.test.core.app.InstrumentationActivityInvoker$EmptyActivity$_32421#409] setTransactionState with the first frame. bufferData(ID: 139247134703616, frameNumber: 1)
02-23 09:39:27.505  1478  2809 D PermissionCache: checking android.permission.INTERNAL_SYSTEM_WINDOW for uid=10340 => denied (14 us)
02-23 09:39:27.514 30975 31251 I Routine@Core[4.9.04.13]: AppFunctionsActionHandler: isSupported: supportStatus = SUPPORTED, tag = appfunction://com.samsung.android.app.reminder.data.crossappactions#TaskFunctions_updateTask
02-23 09:39:27.518 30975 31251 I Routine@Core[4.9.04.13]: TASKD/ActionTaskAdapterFactoryImpl: getAdapter - metaId=appfunction://com.samsung.android.app.reminder.data.crossappactions#TaskFunctions_findTasks(id=298)
02-23 09:39:27.531  1478  2547 I SemDvfsHyPerManager: acquire hyper - AMS_APP_SWITCH/1478@25, type = -999
02-23 09:39:27.531  1024  1135 I HYPER-HAL: [RequestManager.cpp]acquire(): Acquired ID : 1130281  [1478 / 25]    HINT : AMS_APP_SWITCH    list :
02-23 09:39:27.531  1024  1135 I HYPER-HAL: [ResourceManager.cpp]updateResource(): [CPULittleMinFreq] UpdateResource Request ID : 1130281    Value : 1824000
02-23 09:39:27.532  6964  6964 I SemDvfsHyPerManager: acquire hyper - APP_START_SHORT/6964@17, type = -999
02-23 09:39:27.532  1084  1149 I SurfaceFlinger: id=410 createSurf, flag=84004, ActivityRecord{253711889 u0 com.android.systemui/.sensorprivacy.SensorUseStartedActivity t14130}#410
02-23 09:39:27.533  1084  1084 I SurfaceFlinger: [ActivityRecord{253711889 u0 com.android.systemui/.sensorprivacy.SensorUseStartedActivity t14130}#410] attach to parent LayerHierarchy{RequestedLayerState{Task=14130#373 parentId=403 z=2} 2 children}
02-23 09:39:27.536  1024  1135 I HYPER-HAL: [RequestManager.cpp]acquire(): Acquired ID : 24370688  [6964 / 17]    HINT : APP_START    list : [TIMEOUT / 1500]
02-23 09:39:27.536  1478  1513 I system_server: Background concurrent mark compact GC freed 66MB AllocSpace bytes, 205(7044KB) LOS objects, 29% free, 113MB/161MB, paused 3.902ms,4.539ms total 397.540ms
02-23 09:39:27.540  1478  1540 I SemDvfsHyPerManager: acquire hyper - AMS_APP_LAUNCH/1478@22, type = -999
02-23 09:39:27.540  3065  3065 E pageboostd: Received HALT command code 2
02-23 09:39:27.541  1024  1135 I HYPER-HAL: [RequestManager.cpp]acquire(): Acquired ID : 1125772  [1478 / 22]    HINT : AMS_APP_LAUNCH    list :
02-23 09:39:27.541  1024  1135 I HYPER-HAL: [ResourceManager.cpp]updateResource(): [CPULittleMinFreq] UpdateResource Request ID : 1125772    Value : 1824000
02-23 09:39:27.541  6964  6964 I SemDvfsHyPerManager: acquire hyper - APP_START/6964@19, type = -999
02-23 09:39:27.542  1024  1135 I HYPER-HAL: [RequestManager.cpp]acquire(): Acquired ID : 24384655  [6964 / 19]    HINT : APP_START    list :
02-23 09:39:27.542  1084  1149 I SurfaceFlinger: id=411 createSurf, flag=24000, Surface(name=49ff83f NavigationBar0)/@0x35a0081 - animation-leash of insets_animation#411
02-23 09:39:27.543  1084  1149 I SurfaceFlinger: id=412 createSurf, flag=24000, Surface(name=804b987 StatusBar)/@0x34e3880 - animation-leash of insets_animation#412
02-23 09:39:27.545  1478  1544 I SemDvfsHyPerManager: acquire hyper - AMS_RESUME_TAIL/1478@23, type = -999
02-23 09:39:27.545  1478  1544 I SemDvfsHyPerManager: acquire hyper - AMS_ACT_LAZY/1478@24, type = -999
02-23 09:39:27.546  1478  7060 I SemDvfsHyPerManager: acquire hyper - AMS_ACT_RESUME/1478@30, type = -999
02-23 09:39:27.547  1024  1135 I HYPER-HAL: [RequestManager.cpp]releaseLocked(): Released ID : 1137816
02-23 09:39:27.547  1024  1135 I HYPER-HAL: [RequestManager.cpp]acquire(): Acquired ID : 1127274  [1478 / 23]    HINT : AMS_RESUME_TAIL    list :
02-23 09:39:27.548  2422   984 I HoneySpace.RecentTasks: onRecentTasksChanged
02-23 09:39:27.549  1952  1952 D SamsungLightBarControlHelper: updateStatusBar (WHITE icon) numStacks:1, StatusBarMode:MODE_TRANSPARENT, lightBarBounds:[], StatusBarState:SHADE, packageName:, isWhiteKeyguardStatusBar:true
02-23 09:39:27.549  1952  1952 D SamsungLightBarControlHelper: onStatusBarAppearanceChanged() -  sbModeChanged:false, statusBarMode:0, barState:MODE_TRANSPARENT, isKeyguardShowing:false, navbarColorManagedByIme:false, (AppearanceRegion{ bounds=[0,0][1080,2340]}, )
02-23 09:39:27.549  1952  1952 D NavigationBar: onSystemBarAttributesChanged() -  displayId:0, appearance:16, packageName: com.innosage.androidagentictemplate (APPEARANCE_LIGHT_NAVIGATION_BARS ), navbarColorManagedByIme:false
02-23 09:39:27.549  1084  1084 I SurfaceFlinger: [Surface(name=49ff83f NavigationBar0)/@0x35a0081 - animation-leash of insets_animation#411] attach to parent LayerHierarchy{RequestedLayerState{WindowToken{f64cb74 type=2019 android.os.BinderProxy@7fc9286}#87 parentId=34} 2 children}
02-23 09:39:27.549  1084  1084 I SurfaceFlinger: [Surface(name=804b987 StatusBar)/@0x34e3880 - animation-leash of insets_animation#412] attach to parent LayerHierarchy{RequestedLayerState{WindowToken{132c5c6 type=2000 android.os.BinderProxy@4df7c08}#94 parentId=17} 2 children}
02-23 09:39:27.550  1478  7060 D InputDispatcher: Focused application(0): ActivityRecord{253711889 u0 com.android.systemui/.sensorprivacy.SensorUseStartedActivity t14130}
02-23 09:39:27.551  1478  1518 D GraphicsStatsService: requestRenderEngineFor(com.android.systemui)
02-23 09:39:27.551  1478  1783 D AS.MultiSoundManager: mForegroundUid = 10339
02-23 09:39:27.551  1478  1515 W System  : A resource failed to call release.
02-23 09:39:27.551  1478  7060 D SurfaceComposerClient: setCornerRadius ## cb7041 com.sec.android.app.launcher/com.sec.android.app.launcher.activities.LauncherActivity#150 cornerRadius=0.000000
02-23 09:39:27.551  1478  1515 W System  : A resource failed to call release.
02-23 09:39:27.553  2422  2422 I VRI[LauncherActivity]@a7681ac: handleAppVisibility mAppVisible = false visible = true
02-23 09:39:27.553  2422  2616 I HoneySpace.TopTaskSource: onTaskMovedToFront : taskId = 14130, displayId = 0
02-23 09:39:27.553  2422  2422 I VRI[LauncherActivity]@a7681ac: stopped(false) old = true
02-23 09:39:27.554  2422  2618 I HoneySpace.TopTaskUseCase: topTasks 14130 ComponentInfo{com.android.systemui/com.android.systemui.sensorprivacy.SensorUseStartedActivity}[displayId=0]
02-23 09:39:27.555  2422  2422 I HoneySpace.Launcher: !@Boot_EBS_D: Launcher.onStart()
02-23 09:39:27.555  1024  1135 I HYPER-HAL: [ResourceManager.cpp]removeResource(): [CPULittleMinFreq] RemoveResource Request ID : 1130281
02-23 09:39:27.556  1024  1135 I HYPER-HAL: [RequestManager.cpp]releaseLocked(): Released ID : 1130281
02-23 09:39:27.556  1024  1135 I HYPER-HAL: [RequestManager.cpp]acquire(): Acquired ID : 1137816  [1478 / 30]    HINT : AMS_ACT_RESUME    list :
02-23 09:39:27.558  1084  1084 I SurfaceFlinger: RequestedLayer [com.innosage.androidagentictemplate.[...]vityInvoker$EmptyActivity$_32421#409] hidden!! flag  from(1) --> to(0)
02-23 09:39:27.558  1478  1562 W libprocessgroup: SetCgroup::ExecuteForProcess: failed to open /dev/cpuctl/foreground-boost/cgroup.procs: No such file or directory
02-23 09:39:27.558  1084  1084 I SurfaceFlinger: [LayerHierarchy{RequestedLayerState{49ff83f NavigationBar0#88 parentId=411} 1 children}] reparent to LayerHierarchy{RequestedLayerState{Surface(name=49ff83f NavigationBar0)/@0x35a0081 - animation-leash of insets_animation#411 parentId=87} 1 children}
02-23 09:39:27.558  1084  1084 I SurfaceFlinger: [LayerHierarchy{RequestedLayerState{804b987 StatusBar#95 parentId=412} 1 children}] reparent to LayerHierarchy{RequestedLayerState{Surface(name=804b987 StatusBar)/@0x34e3880 - animation-leash of insets_animation#412 parentId=94} 1 children}
02-23 09:39:27.558  1084  1084 I SurfaceFlinger: [LayerHierarchy{RequestedLayerState{Surface(name=49ff83f NavigationBar0)/@0x35a0081 - animation-leash of insets_animation#404} no children}] reparent to OffscreenRoot
02-23 09:39:27.558  1084  1084 I SurfaceFlinger: [LayerHierarchy{RequestedLayerState{Surface(name=49ff83f NavigationBar0)/@0x35a0081 - animation-leash of insets_animation#404} no children}] RelativeParent to null
02-23 09:39:27.558  1084  1084 I SurfaceFlinger: [LayerHierarchy{RequestedLayerState{Surface(name=804b987 StatusBar)/@0x34e3880 - animation-leash of insets_animation#405} no children}] reparent to OffscreenRoot
02-23 09:39:27.558  1084  1084 I SurfaceFlinger: [LayerHierarchy{RequestedLayerState{Surface(name=804b987 StatusBar)/@0x34e3880 - animation-leash of insets_animation#405} no children}] RelativeParent to null
02-23 09:39:27.560  1478  7060 I WindowManager: Relayout Window{cb7041 u0 com.sec.android.app.launcher/com.sec.android.app.launcher.activities.LauncherActivity}: viewVisibility=0 req=1080x2340 ty=1 d0
02-23 09:39:27.560  1084  1351 I SurfaceFlinger: id=413 createSurf, flag=44004, com.sec.android.app.launcher/com.sec.android.app.launcher.activities.LauncherActivity$_2422#413
02-23 09:39:27.560  1478  1541 D NetworkPolicy: already checked 10144
02-23 09:39:27.561  1478  7060 D SurfaceComposerClient: setCornerRadius ## cb7041 com.sec.android.app.launcher/com.sec.android.app.launcher.activities.LauncherActivity#150 cornerRadius=0.000000
02-23 09:39:27.561  1478  1562 W libprocessgroup: SetCgroup::ExecuteForProcess: failed to open /dev/cpuctl/foreground-boost/cgroup.procs: No such file or directory
02-23 09:39:27.561  1478  7060 D SurfaceComposerClient: setCornerRadius ## cb7041 com.sec.android.app.launcher/com.sec.android.app.launcher.activities.LauncherActivity#150 cornerRadius=0.000000
02-23 09:39:27.561  1952  1952 I Dialog  : mIsDeviceDefault = true, mIsSamsungBasicInteraction = false, isMetaDataInActivity = false
02-23 09:39:27.562  1952  1952 E ndroid.systemui: Invalid resource ID 0x00000000.
02-23 09:39:27.562  1478  7060 I WindowManager: Relayout hash=cb7041, pid=2422, syncId=-1: mAttrs={(0,0)(fillxfill) sim={adjust=nothing forwardNavigation} layoutInDisplayCutoutMode=always ty=BASE_APPLICATION fmt=TRANSPARENT wanim=0x1030306
02-23 09:39:27.562  1478  7060 I WindowManager:   fl=81910100
02-23 09:39:27.562  1478  7060 I WindowManager:   pfl=10008840
02-23 09:39:27.562  1478  7060 I WindowManager:   apr=8
02-23 09:39:27.562  1478  7060 I WindowManager:   bhv=2
02-23 09:39:27.562  1478  7060 I WindowManager:   fitSides=0
02-23 09:39:27.562  1478  7060 I WindowManager:   frameRateBoostOnTouch=true
02-23 09:39:27.562  1478  7060 I WindowManager:   dvrrWindowFrameRateHint=true screenDimDuration=200000 naviIconColor=0}
02-23 09:39:27.563  1952  1952 I DecorView: setWindowBackground: isPopOver=false color=fff1f1f3 d=android.graphics.drawable.InsetDrawable@ff74399
02-23 09:39:27.564  1478  1562 W libprocessgroup: SetCgroup::ExecuteForProcess: failed to open /dev/cpuctl/foreground-boost/cgroup.procs: No such file or directory
02-23 09:39:27.564  7584  7584 I bpbk    : onStart
02-23 09:39:27.564  2422  2422 I BLASTBufferQueue_Java: new BLASTBufferQueue, mName= VRI[LauncherActivity]@a7681ac mNativeObject= 0xb4000075f89d07a0 caller= android.view.ViewRootImpl.updateBlastSurfaceIfNeeded:3585 android.view.ViewRootImpl.relayoutWindow:11685 android.view.ViewRootImpl.performTraversals:4804 android.view.ViewRootImpl.doTraversal:3924 android.view.ViewRootImpl$TraversalRunnable.run:12903 android.view.Choreographer$CallbackRecord.run:1901 android.view.Choreographer$CallbackRecord.run:1910 android.view.Choreographer.doCallbacks:1367 android.view.Choreographer.doFrame:1292 android.view.Choreographer$FrameDisplayEventReceiver.run:1870
02-23 09:39:27.565  2422  2422 I BLASTBufferQueue_Java: update, w= 1080 h= 2340 mName = VRI[LauncherActivity]@a7681ac mNativeObject= 0xb4000075f89d07a0 sc.mNativeObject= 0xb4000075c867b0d0 format= -2 caller= android.view.ViewRootImpl.updateBlastSurfaceIfNeeded:3590 android.view.ViewRootImpl.relayoutWindow:11685 android.view.ViewRootImpl.performTraversals:4804 android.view.ViewRootImpl.doTraversal:3924 android.view.ViewRootImpl$TraversalRunnable.run:12903 android.view.Choreographer$CallbackRecord.run:1901
02-23 09:39:27.565  1478  1541 D NetworkPolicy: already checked 10144
02-23 09:39:27.565  2422  2422 I VRI[LauncherActivity]@a7681ac: Relayout returned: old=(0,0,1080,2340) new=(0,0,1080,2340) relayoutAsync=false req=(1080,2340)0 dur=4 res=0x3 s={true 0xb4000077587605b0} ch=true seqId=0
02-23 09:39:27.566  1084  1084 D SurfaceFlinger: Display 4633128672291735999 HWC layers:
02-23 09:39:27.566  1084  1084 D SurfaceFlinger:        CLIENT |          138886357450753 | 00002102 | RGBA_8888    |  332.0    0.0 1080.0 2340.0 |    0    0 1080 2340 | com.innosage.androidagentictemplate/[...]ntictemplate.MainActivity$_32337#381 (48)
02-23 09:39:27.566  1084  1084 D SurfaceFlinger:   SOLID_COLOR |                        0 | 00000000 | N/A          |    0.0    0.0    0.0    0.0 |    0    0 1080 2340 | DimTransitionLayer for Surface(name=Task=14131)/@0x1517fc3#407 (0)
02-23 09:39:27.566  1084  1084 D SurfaceFlinger:        DEVICE |          139247134703616 | 00002102 | RGBA_8888    |    0.0    0.0 1062.0 2340.0 |   18    0 1080 2340 | com.innosage.androidagentictemplate.[...]vityInvoker$EmptyActivity$_32421#409 (1)
02-23 09:39:27.566  1084  1084 D SurfaceFlinger:        DEVICE |            8383776161966 | 00002100 | RGBA_8888    |    0.0    0.0 1062.0 2340.0 |   18    0 1080 2340 | Splash Screen com.innosage.androidagentictemplate.test$_1952#402 (1)
02-23 09:39:27.566  1084  1084 D SurfaceFlinger:        DEVICE |            8383776161845 | 00002100 | RGBA_8888    |    0.0    0.0 1080.0   74.0 |    0    0 1080   74 | StatusBar$_1952#104 (8686)
02-23 09:39:27.566  1084  1084 D SurfaceFlinger:        DEVICE |           10402410790924 | 0000210
02-23 09:39:27.566  1084  1084 D SurfaceFlinger: 0 | RGBA_8888    |    0.0    0.0   67.0  332.0 | 1013  898 1080 1230 | com.sec.android.app.launcher/com.sam[...]nel.app.CocktailBarService$_2422#215 (7)
02-23 09:39:27.566  1084  1084 D SurfaceFlinger:        DEVICE |            8383776161848 | 00002100 | RGBA_8888    |    0.0    0.0 1080.0  135.0 |    0 2205 1080 2340 | NavigationBar0$_1952#100 (307)
02-23 09:39:27.566  1084  1084 D SurfaceFlinger:
02-23 09:39:27.567  1084  1084 I SurfaceFlinger: [com.sec.android.app.launcher/com.sec.android.app.launcher.activities.LauncherActivity$_2422#413] attach to parent LayerHierarchy{RequestedLayerState{cb7041 com.sec.android.app.launcher/com.sec.android.app.launcher.activities.LauncherActivity#150 parentId=149} 1 children}
02-23 09:39:27.568  1478  1544 D SurfaceComposerClient: setCornerRadius ## cb7041 com.sec.android.app.launcher/com.sec.android.app.launcher.activities.LauncherActivity#150 cornerRadius=0.000000
02-23 09:39:27.568  1478  1541 D PkgPredictorService-SecIpmManagerServiceImpl: onForegroundActivitiesChanged pid:2422 uid:10144
02-23 09:39:27.568  1185 31383 I CameraService: onUidStateChanged: uid=10240, procState is changed. (5 -> 3)
02-23 09:39:27.568  8433 32198 I _V_VH-D-ThirdBridgeManager: receiveAppChange: com.innosage.androidagentictemplate
02-23 09:39:27.568  8433 32198 D _V_VH-D-OnlineDeviceManager: getDeviceId device = null
02-23 09:39:27.568  8433 32198 I _V_VH-D-ThirdBridgeManager: getThirdAppVersion:com.innosage.androidagentictemplate
02-23 09:39:27.568  1478  2914 V PkgPredictorService-SecIpmManagerServiceImpl: discard foreground app:com.sec.android.app.launcher 1|true
02-23 09:39:27.570  1952 29885 I WallpaperService: dispatchAppVisibility: system, visible=true , mLidState = -1
02-23 09:39:27.570 28320 31561 I SCS@AiSearch user 0: (IndexManager) [pool-17-thread-1] leaving from commitIndexWriter():
02-23 09:39:27.570 28320 28320 I SCS@AiSearch user 0: (SearchProvider) onTrimMemory(): 40
02-23 09:39:27.571  1478  1544 D SurfaceComposerClient: setCornerRadius ## cb7041 com.sec.android.app.launcher/com.sec.android.app.launcher.activities.LauncherActivity#150 cornerRadius=0.000000
02-23 09:39:27.572  1952  2140 I WallpaperService: updateSurface system forceRelayout=false forceReport=false redrawNeeded=false myWidth=-1 myHeight=-1 fixedSize=false x = 0 y = 0 mWidth=-1 mHeight=-1
02-23 09:39:27.572  1952  2140 I WallpaperService: reportVisibility: visibility changed. visible=true
02-23 09:39:27.572  1952  2140 I ImageWallpaper_5[Image]:  onVisibilityChanged: visible=true , displayId=0
02-23 09:39:27.572  1478  1544 D SurfaceComposerClient: setCornerRadius ## cb7041 com.sec.android.app.launcher/com.sec.android.app.launcher.activities.LauncherActivity#150 cornerRadius=0.000000
02-23 09:39:27.572  1478  7027 D DARUtil : Device owner status not updated yet...
02-23 09:39:27.572  1478  7027 D DARUtil : Not an enterprise user : 0
02-23 09:39:27.572  1068  1068 V APM_AudioPolicyManager: setAppState(portId:24, state:0)
02-23 09:39:27.572  1068  1068 V APM_AudioPolicyManager: setAppState(portId:24, state:0)
02-23 09:39:27.572  1068  1068 V APM_AudioPolicyManager: setAppState(portId:24, state:0)
02-23 09:39:27.572  1068  1068 V APM_AudioPolicyManager: setAppState(portId:24, state:0)
02-23 09:39:27.572  1068  1068 V APM_AudioPolicyManager: setAppState(portId:24, state:0)
02-23 09:39:27.572  1478  7027 D DARUtil : Device owner status not updated yet...
02-23 09:39:27.572  1478  7027 D DARUtil : Not an enterprise user : 0
02-23 09:39:27.573  1478  7027 D SyntheticPasswordManager.SDP: Inside fromBytes() - result.pinLength : 6
02-23 09:39:27.573  1478  7027 D SyntheticPasswordManager.SDP: 1. result.secureMode : 0
02-23 09:39:27.573  9067  9320 I _V_VH-ThirdBridgeManager: receiveAppChange: com.innosage.androidagentictemplate
02-23 09:39:27.573  9067  9320 D _V_VH-MainDeviceManager: getNowDevice:null
02-23 09:39:27.573  9067  9320 D _V_VH-OnlineDeviceManager: getDeviceId device = null
02-23 09:39:27.573  9067  9320 I _V_VH-ThirdBridgeManager: getThirdAppVersion:com.innosage.androidagentictemplate
02-23 09:39:27.574  9067  9320 E _V_VH-ThirdBridgeManager: getThirdAppVersion
02-23 09:39:27.574  9067  9320 E _V_VH-ThirdBridgeManager: java.lang.NullPointerException: Attempt to invoke virtual method 'int android.os.BaseBundle.getInt(java.lang.String, int)' on a null object reference
02-23 09:39:27.574  9067  9320 E _V_VH-ThirdBridgeManager: 	at com.vivo.framework.devices.vipc.ThirdBridgeManager.r(ThirdBridgeManager.java:43)
02-23 09:39:27.574  9067  9320 E _V_VH-ThirdBridgeManager: 	at com.vivo.framework.devices.vipc.ThirdBridgeManager.T(ThirdBridgeManager.java:44)
02-23 09:39:27.574  9067  9320 E _V_VH-ThirdBridgeManager: 	at com.vivo.health.devices.watch.PackAgeReceiver.b(PackAgeReceiver.java:209)
02-23 09:39:27.574  9067  9320 E _V_VH-ThirdBridgeManager: 	at com.vivo.health.devices.watch.PackAgeReceiver.a(PackAgeReceiver.java:1)
02-23 09:39:27.574  9067  9320 E _V_VH-ThirdBridgeManager: 	at y62.accept(R8$$SyntheticClass:11)
02-23 09:39:27.574  9067  9320 E _V_VH-ThirdBridgeManager: 	at io.reactivex.internal.observers.LambdaObserver.onNext(LambdaObserver.java:9)
02-23 09:39:27.574  9067  9320 E _V_VH-ThirdBridgeManager: 	at io.reactivex.internal.operators.observable.ObservableSubscribeOn$SubscribeOnObserver.onNext(ObservableSubscribeOn.java:3)
02-23 09:39:27.574  9067  9320 E _V_VH-ThirdBridgeManager: 	at io.reactivex.internal.operators.observable.ObservableTimer$TimerObserver.run(ObservableTimer.java:15)
02-23 09:39:27.574  9067  9320 E _V_VH-ThirdBridgeManager: 	at io.reactivex.internal.schedulers.ScheduledDirectTask.call(ScheduledDirectTask.java:3)
02-23 09:39:27.574  9067  9320 E _V_VH-ThirdBridgeManager: 	at io.reactivex.internal.schedulers.ScheduledDirectTask.call(ScheduledDirectTask.java:1)
02-23 09:39:27.574  9067  9320 E _V_VH-ThirdBridgeManager: 	at java.util.concurrent.FutureTask.run(FutureTask.java:317)
02-23 09:39:27.574  9067  9320 E _V_VH-ThirdBridgeManager: 	at java.util.concurrent.ScheduledThreadPoolExecutor$ScheduledFutureTask.run(ScheduledThreadPoolExecutor.java:348)
02-23 09:39:27.574  9067  9320 E _V_VH-ThirdBridgeManager: 	at java.util.concurrent.ThreadPoolExecutor.runWorker(ThreadPoolExecutor.java:1156)
02-23 09:39:27.574  9067  9320 E _V_VH-ThirdBridgeManager: 	at java.util.concurrent.ThreadPoolExecutor$Worker.run(ThreadPoolExecutor.java:651)
02-23 09:39:27.574  9067  9320 E _V_VH-ThirdBridgeManager: 	at java.lang.Thread.run(Thread.java:1119)
02-23 09:39:27.574  9067  9320 D _V_VH-DeviceModuleService: send message:BusinessAppChangeReq{jsonStr='{"appId":"com.innosage.androidagentictemplate","businessVersion":-1,"changeAction":1}'} callback:com.vivo.framework.devices.vipc.ThirdBridgeManager$6@f593479 waitConnectionIfNeed:false
02-23 09:39:27.574  9067  9320 W _V_VH-DeviceModuleService: not connected.
02-23 09:39:27.574  9067  9320 E _V_VH-ThirdBridgeManager: receiveAppChange onError: ERROR_DISCONNECTED
02-23 09:39:27.575  1478  1562 W libprocessgroup: SetCgroup::ExecuteForProcess: failed to open /dev/cpuctl/foreground-boost/cgroup.procs: No such file or directory
02-23 09:39:27.575  2422  2422 I VRI[LauncherActivity]@a7681ac: Creating new active sync group VRI[LauncherActivity]@a7681ac#11
02-23 09:39:27.576  1068  2552 V APM_AudioPolicyManager: setAppState(portId:24, state:0)
02-23 09:39:27.576  1084  1084 I SurfaceFlinger: RequestedLayer [com.android.systemui.wallpapers.ImageWallpaper$_1952#83] hidden!! flag  from(1) --> to(0)
02-23 09:39:27.577 32337 32337 I InsetsSourceConsumer: applyRequestedVisibilityToControl: visible=true, type=navigationBars, host=com.innosage.androidagentictemplate/com.innosage.androidagentictemplate.MainActivity
02-23 09:39:27.579  1952  1952 D ScrollView: initGoToTop
02-23 09:39:27.579  8433 32198 E _V_VH-D-ThirdBridgeManager: getThirdAppVersion
02-23 09:39:27.579  8433 32198 E _V_VH-D-ThirdBridgeManager: java.lang.NullPointerException: Attempt to invoke virtual method 'int android.os.BaseBundle.getInt(java.lang.String, int)' on a null object reference
02-23 09:39:27.579  8433 32198 E _V_VH-D-ThirdBridgeManager: 	at com.vivo.framework.devices.vipc.ThirdBridgeManager.r(ThirdBridgeManager.java:43)
02-23 09:39:27.579  8433 32198 E _V_VH-D-ThirdBridgeManager: 	at com.vivo.framework.devices.vipc.ThirdBridgeManager.T(ThirdBridgeManager.java:44)
02-23 09:39:27.579  8433 32198 E _V_VH-D-ThirdBridgeManager: 	at com.vivo.health.devices.watch.PackAgeReceiver.b(PackAgeReceiver.java:209)
02-23 09:39:27.579  8433 32198 E _V_VH-D-ThirdBridgeManager: 	at com.vivo.health.devices.watch.PackAgeReceiver.a(PackAgeReceiver.java:1)
02-23 09:39:27.579  8433 32198 E _V_VH-D-ThirdBridgeManager: 	at y62.accept(R8$$SyntheticClass:11)
02-23 09:39:27.579  8433 32198 E _V_VH-D-ThirdBridgeManager: 	at io.reactivex.internal.observers.LambdaObserver.onNext(LambdaObserver.java:9)
02-23 09:39:27.579  8433 32198 E _V_VH-D-ThirdBridgeManager: 	at io.reactivex.internal.operators.observable.ObservableSubscribeOn$SubscribeOnObserver.onNext(ObservableSubscribeOn.java:3)
02-23 09:39:27.579  8433 32198 E _V_VH-D-ThirdBridgeManager: 	at io.reactivex.internal.operators.observable.ObservableTimer$TimerObserver.run(ObservableTimer.java:15)
02-23 09:39:27.579  8433 32198 E _V_VH-D-ThirdBridgeManager: 	at io.reactivex.internal.schedulers.ScheduledDirectTask.call(ScheduledDirectTask.java:3)
02-23 09:39:27.579  8433 32198 E _V_VH-D-ThirdBridgeManager: 	at io.reactivex.internal.schedulers.ScheduledDirectTask.call(ScheduledDirectTask.java:1)
02-23 09:39:27.579  8433 32198 E _V_VH-D-ThirdBridgeManager: 	at java.util.concurrent.FutureTask.run(FutureTask.java:317)
02-23 09:39:27.579  8433 32198 E _V_VH-D-ThirdBridgeManager: 	at java.util.concurrent.ScheduledThreadPoolExecutor$ScheduledFutureTask.run(ScheduledThreadPoolExecutor.java:348)
02-23 09:39:27.579  8433 32198 E _V_VH-D-ThirdBridgeManager: 	at java.util.concurrent.ThreadPoolExecutor.runWorker(ThreadPoolExecutor.java:1156)
02-23 09:39:27.579  8433 32198 E _V_VH-D-ThirdBridgeManager: 	at java.util.concurrent.ThreadPoolExecutor$Worker.run(ThreadPoolExecutor.java:651)
02-23 09:39:27.579  8433 32198 E _V_VH-D-ThirdBridgeManager: 	at java.lang.Thread.run(Thread.java:1119)
