02-23 09:39:26.225 32337 32353 I TestRunner: started: testAppLaunchAndStartRecording(com.innosage.androidagentictemplate.AppLaunchTest)
02-23 09:39:26.230 32337 32353 I UiAutomation: Initialized for user 0 on display 0
02-23 09:39:26.235  1084  1148 I SurfaceFlinger: id=372 createSurf, flag=84004, WindowToken{abf6027 type=2032 android.os.Binder@56b62e6}#372
02-23 09:39:26.237  2422 28755 I HoneySpace.GlobalSettingDataSourceImpl: Setting accessibility_enabled changed to 1
02-23 09:39:26.238  1084  1084 I SurfaceFlinger: finalizeDisplayModeChange 4633128672291735999
02-23 09:39:26.238  1084  1084 I SurfaceFlinger: [WindowToken{abf6027 type=2032 android.os.Binder@56b62e6}#372] attach to parent LayerHierarchy{RequestedLayerState{Leaf:26:31#38 parentId=37} 2 children}
02-23 09:39:26.242 32337 32353 I UiAutomationShellCmd: Requesting permission: pm grant com.innosage.androidagentictemplate android.permission.RECORD_AUDIO
02-23 09:39:26.242 32337 32353 W UiAutomation: UiAutomation.grantRuntimePermission() is more robust and should be used instead of 'pm grant'
02-23 09:39:26.246  1084  1084 I SurfaceFlinger: RequestedLayer [WindowToken{abf6027 type=2032 android.os.Binder@56b62e6}#372] hidden!! flag  from(1) --> to(0)
02-23 09:39:26.253 30975 31251 I Routine@Core[4.9.04.13]: AppFunctionsActionHandler: isSupported: supportStatus = SUPPORTED, tag = appfunction://com.samsung.android.app.reminder.data.crossappactions#TaskFunctions_updateTask
02-23 09:39:26.258 30975 31251 I Routine@Core[4.9.04.13]: TASKD/ActionTaskAdapterFactoryImpl: getAdapter - metaId=appfunction://com.samsung.android.app.reminder.data.crossappactions#TaskFunctions_findTasks(id=298)
02-23 09:39:26.300  6928  7054 I dxzo    : (REDACTED) appOpsListener %s %s
02-23 09:39:26.301  6928  7054 I dxzo    : (REDACTED) Ignoring irrelevant audio permission changes for package %s
02-23 09:39:26.309 32337 32353 I UiAutomationShellCmd: Requesting permission: pm grant com.innosage.androidagentictemplate android.permission.POST_NOTIFICATIONS
02-23 09:39:26.309 32337 32353 W UiAutomation: UiAutomation.grantRuntimePermission() is more robust and should be used instead of 'pm grant'
02-23 09:39:26.320 30975 31251 I Routine@Core[4.9.04.13]: AppFunctionsActionHandler: isSupported: supportStatus = SUPPORTED, tag = appfunction://com.samsung.android.app.reminder.data.crossappactions#TaskFunctions_findTasks
02-23 09:39:26.330 30975 31251 I Routine@Core[4.9.04.13]: TASKD/ActionTaskAdapterFactoryImpl: getAdapter - metaId=appfunction://com.samsung.android.app.reminder.data.crossappactions#TaskFunctions_createTask(id=299)
02-23 09:39:26.375 32337 32353 W Settings: Setting always_finish_activities has moved from android.provider.Settings.System to android.provider.Settings.Global, returning read-only value.
02-23 09:39:26.379 32337 32353 E ashmem  : Pinning is deprecated since Android Q. Please use trim or other methods.
02-23 09:39:26.388  1478  2547 I SemDvfsHyPerManager: acquire hyper - AMS_APP_SWITCH/1478@25, type = -999
02-23 09:39:26.389 30975 31251 I Routine@Core[4.9.04.13]: AppFunctionsActionHandler: isSupported: supportStatus = SUPPORTED, tag = appfunction://com.samsung.android.app.reminder.data.crossappactions#TaskFunctions_createTask
02-23 09:39:26.389  1084  1148 I SurfaceFlinger: id=373 createSurf, flag=24004, Task=14130#373
02-23 09:39:26.389 30975 31251 I Routine@Core[4.9.04.13]: ConflictItemConverter: convertConflictActions - 15
02-23 09:39:26.390 30975 31251 I Routine@Core[4.9.04.13]: RoutineDataMigrator: migration - begin
02-23 09:39:26.390  1024  1135 I HYPER-HAL: [RequestManager.cpp]acquire(): Acquired ID : 1130281  [1478 / 25]    HINT : AMS_APP_SWITCH    list :
02-23 09:39:26.391  1084  1149 I SurfaceFlinger: id=374 createSurf, flag=84004, ActivityRecord{148026395 u0 com.innosage.androidagentictemplate/.MainActivity t14130}#374
02-23 09:39:26.392  6964  6964 I SemDvfsHyPerManager: acquire hyper - APP_START_SHORT/6964@17, type = -999
02-23 09:39:26.393  1024  1135 I HYPER-HAL: [ResourceManager.cpp]updateResource(): [CPULittleMinFreq] UpdateResource Request ID : 1130281    Value : 1824000
02-23 09:39:26.395  1024  1135 I HYPER-HAL: [RequestManager.cpp]acquire(): Acquired ID : 24370688  [6964 / 17]    HINT : APP_START    list : [TIMEOUT / 1500]
02-23 09:39:26.395  1478  7091 I SemDvfsHyPerManager: acquire hyper - AMS_APP_LAUNCH/1478@22, type = -999
02-23 09:39:26.395  1952  1996 D ShellDesktopMode: handleRequest: TransitionRequestInfo {type=1, tid=14130, debugId=22}
02-23 09:39:26.397  2422  2422 I HoneySpace.Launcher: !@Boot_EBS_D: Launcher.onPause()
02-23 09:39:26.397  1024  1135 I HYPER-HAL: [RequestManager.cpp]acquire(): Acquired ID : 1125772  [1478 / 22]    HINT : AMS_APP_LAUNCH    list :
02-23 09:39:26.397  2422  2422 I HoneySpace.Launcher: updateLauncherShowing true -> false
02-23 09:39:26.397  3065  3065 E pageboostd: Received HALT command code 2
02-23 09:39:26.397  2422 31152 I HoneySpace.SPayHandler: updateSpayHandler launcher activity is paused false
02-23 09:39:26.397  1024  1135 I HYPER-HAL: [ResourceManager.cpp]updateResource(): [CPULittleMinFreq] UpdateResource Request ID : 1125772    Value : 1824000
02-23 09:39:26.399  1952  2043 D ViewRootImpl: desktopMode is false
02-23 09:39:26.399  1952  2043 I ViewRootImpl: dVRR is disabled
02-23 09:39:26.399  1952  2088 D NativeCustomFrequencyManager: [NativeCFMS] BpCustomFrequencyManager::BpCustomFrequencyManager()
02-23 09:39:26.401  1478  2809 D InputDispatcher: Focused application(0): ActivityRecord{148026395 u0 com.innosage.androidagentictemplate/.MainActivity t14130}
02-23 09:39:26.402  1478  7091 D GraphicsStatsService: requestRenderEngineFor(com.innosage.androidagentictemplate)
02-23 09:39:26.402 32337 32337 D HWUI    : HWUI - treat SMPTE_170M as sRGB
02-23 09:39:26.403  1478  1783 D AS.MultiSoundManager: mForegroundUid = 10339
02-23 09:39:26.404  2422  2616 I HoneySpace.TopTaskSource: onTaskMovedToFront : taskId = 14130, displayId = 0
02-23 09:39:26.404  2422  2618 I HoneySpace.TopTaskUseCase: topTasks 14130 ComponentInfo{com.innosage.androidagentictemplate/com.innosage.androidagentictemplate.MainActivity}[displayId=0]
02-23 09:39:26.404  1478  7024 D InputTransport: Input channel constructed: '51ad385', fd=1215
02-23 09:39:26.404  1478  7024 D InputTransport: Input channel constructed: '51ad385', fd=1216
02-23 09:39:26.404  1478  7024 D InputTransport: Input channel constructed: '51ad385', fd=1220
02-23 09:39:26.404  1478  7024 D InputTransport: Input channel destroyed: '51ad385', fd=1216
02-23 09:39:26.405  1084  1148 I SurfaceFlinger: id=375 createSurf, flag=84004, 51ad385 Splash Screen com.innosage.androidagentictemplate#375
02-23 09:39:26.405  1084  1084 I SurfaceFlinger: [Task=14130#373] attach to parent LayerHierarchy{RequestedLayerState{DefaultTaskDisplayArea_d0#10 parentId=9} 8 children}
02-23 09:39:26.405  1084  1084 I SurfaceFlinger: [ActivityRecord{148026395 u0 com.innosage.androidagentictemplate/.MainActivity t14130}#374] attach to parent LayerHierarchy{RequestedLayerState{Task=14130#373 parentId=10} 1 children}
02-23 09:39:26.406 32337 32380 D HWUI    : CacheManager constructor. deviceInfo=(1080, 1920)
02-23 09:39:26.407 32337 32380 V XGL     : ----------------------------------------------------------------------
02-23 09:39:26.407 32337 32380 V XGL     : SUMD version compiled date     = 2025-06-11 14:47 - KST
02-23 09:39:26.407 32337 32380 V XGL     : SUMD version revision number   = 1fc295b0d2
02-23 09:39:26.407 32337 32380 V XGL     : SUMD version info              = Driver version: 24.0.545, git hash: 1fc295b0d2
02-23 09:39:26.407 32337 32380 V XGL     : ----------------------------------------------------------------------
02-23 09:39:26.407 32337 32380 V XGL     : Entering: Create
02-23 09:39:26.408  1478  7024 D InputTransport: Input channel destroyed: '51ad385', fd=1220
02-23 09:39:26.409  1952  2043 D InputTransport: Input channel constructed: '51ad385', fd=626
02-23 09:39:26.409  6928  7054 I dxzo    : (REDACTED) appOpsListener %s %s
02-23 09:39:26.409  1952  2043 I InsetsController: onStateChanged: host=Splash Screen com.innosage.androidagentictemplate, from=android.view.ViewRootImpl.onInsetsStateChanged:3026, state=InsetsState: {mDisplayFrame=Rect(0, 0 - 1080, 2340), mDisplayCutout=DisplayCutout{insets=Rect(0, 74 - 0, 0) waterfall=Insets{left=0, top=0, right=0, bottom=0} boundingRect={Bounds=[Rect(0, 0 - 0, 0), Rect(514, 0 - 566, 74), Rect(0, 0 - 0, 0), Rect(0, 0 - 0, 0)]} cutoutPathParserInfo={CutoutPathParserInfo{displayWidth=1080 displayHeight=2340 physicalDisplayWidth=1080 physicalDisplayHeight=2340 density={2.8125} cutoutSpec={M 0,0 H -9.244444444444444 V 26.31111111111111 H 9.244444444444444 V 0 H 0 Z @dp} rotation={0} scale={1.0} physicalPixelDisplaySizeRatio={1.0}}} sideOverrides={}}, mRoundedCorners=RoundedCorners{[RoundedCorner{position=TopLeft, radius=101, center=Point(101, 101)}, RoundedCorner{position=TopRight, radius=101, center=Point(979, 101)}, RoundedCorner{position=BottomRight, radius=101, center=Point(979, 2239)}, RoundedCorner{position=BottomLeft, radius=101, center=Point(101, 2239)}]}  mRoundedCornerFrame=Rect(0, 0 - 1080, 2340), mPrivacyIndicatorBounds=PrivacyIndicatorBounds {static bounds=Rect(956, 0 - 1080, 74) rotation=0}, mDisplayShape=DisplayShape{ spec=-311912193 displayWidth=1080 displayHeight=2340 physicalPixelDisplaySizeRatio=1.0 rotation=0 offsetX=0 offsetY=0 scale=1.0}, mSources= { InsetsSource: {df280000 mType=statusBars mFrame=[0,0][1080,74] mVisible=true mFlags= mSideHint=TOP mBoundingRects=null}, InsetsSource: {df280005 mType=mandatorySystemGestures mFrame=[0,0][1080,108] mVisible=true mFlags= mSideHint=TOP mBoundingRects=null}, InsetsSource: {df280006 mType=tappableElement mFrame=[0,0][1080,74] mVisible=true mFlags= mSideHint=TOP mBoundingRects=null}, InsetsSource: {3 mType=ime mFrame=[0,0][0,0] mVisible=false mFlags= mSideHint=NONE mBoundingRects=null}, InsetsSource: {27 mType=displayCutout mFrame=[0,0][1080,74] mVisible=true mFlags= mSideHint=TOP mBoundingRects=null}, InsetsSource: {9ab0001 mType=navigationBars mFrame=[0,2298][1080,2340] mVisible=true mFlags=SUPPRESS_SCRIM mSideHint=BOTTOM mBoundingRects=null}, InsetsSource: {9ab0004 mType=systemGestures mFrame=[0,0][84,2340] mVisible=true mFlags= mSideHint=LEFT mBoundingRects=null}, InsetsSource: {9ab0005 mType=mandatorySystemGestures mFrame=[0,2250][1080,2340] mVisible=true mFlags= mSideHint=BOTTOM mBoundingRects=null}, InsetsSource: {9ab0006 mType=tappableElement mFrame=[0,0][0,0] mVisible=true mFlags= mSideHint=NONE mBoundingRects=null}, InsetsSource: {9ab0024 mType=systemGestures mFrame=[996,0][1080,2340] mVisible=true mFlags= mSideHint=RIGHT mBoundingRects=null} }
02-23 09:39:26.409  1952  2043 I VRI[androidagentictemplate]@65ddaaf: onActiveControlsChanged, removed=false, mAdded=true, caller=android.view.ViewRootImpl.handleInsetsControlChanged:3002 android.view.ViewRootImpl.setView:2014 android.view.WindowManagerGlobal.addView:604 com.android.wm.shell.startingsurface.SplashscreenWindowCreator.addWindow:38 com.android.wm.shell.startingsurface.StartingWindowController$$ExternalSyntheticLambda4.run:1365
02-23 09:39:26.409  1952  2043 I VRI[androidagentictemplate]@65ddaaf: synced displayState. AttachInfo displayState=2
02-23 09:39:26.409  6928  7054 I dxzo    : (REDACTED) Ignoring irrelevant audio permission changes for package %s
02-23 09:39:26.410  1478  1541 D NetworkPolicy: already checked 10339
02-23 09:39:26.410  1478  1544 D SurfaceComposerClient: setCornerRadius ## 51ad385 Splash Screen com.innosage.androidagentictemplate#375 cornerRadius=0.000000
02-23 09:39:26.411  1478  1544 D SurfaceComposerClient: setCornerRadius ## 51ad385 Splash Screen com.innosage.androidagentictemplate#375 cornerRadius=0.000000
02-23 09:39:26.411  2422 31219 I HoneySpace.RecentTasks: onRecentTasksChanged
02-23 09:39:26.411  1952  2043 I VRI[androidagentictemplate]@65ddaaf: setView = android.widget.FrameLayout@43772cb IsHRR=false mFlingFrameRateChange=0 TM=true
02-23 09:39:26.412  1478  1541 D PkgPredictorService-SecIpmManagerServiceImpl: onForegroundActivitiesChanged pid:32337 uid:10339
02-23 09:39:26.412  1478  1861 D SemWifiTransportLayerMonitor.TcpMonitorHandler: MSG_SAVE_PACKAGE_INFO
02-23 09:39:26.412  1478  1861 D SemWifiTransportLayerFileManager: saveWifiPackageInfoToFile
02-23 09:39:26.412  1478  1861 D SemWifiTransportLayerFileManager: writeWifiPackageInfoList
02-23 09:39:26.412  1185 31383 I CameraService: onUidStateChanged: uid=10044, procState is changed. (0 -> 1)
02-23 09:39:26.414  1084  1084 I SurfaceFlinger: [Display 0 name="Built-in Screen"#49] setFrameRateCategory: High
02-23 09:39:26.414  1084  1084 I SurfaceFlinger: [LayerHierarchy{RequestedLayerState{ImeContainer#15 parentId=149 relativeParentId=149 z=1} 1 children}] RelativeParent to null
02-23 09:39:26.414  1084  1084 I SurfaceFlinger: [51ad385 Splash Screen com.innosage.androidagentictemplate#375] attach to parent LayerHierarchy{RequestedLayerState{ActivityRecord{148026395 u0 com.innosage.androidagentictemplate/.MainActivity t14130}#374 parentId=373} 1 children}
02-23 09:39:26.414  2422  2616 I HoneySpace.TopTaskSource: onTaskFocusChanged(): taskId = 14130
02-23 09:39:26.416  2422  2422 I HoneySpace.EdgePanel.CocktailHostRepositoryImpl: onNoteResume
02-23 09:39:26.417  2422  2422 I HoneySpace.EdgePanel.EdgePanelContainerViewModel: cocktailHostRepository.edgePanelOperation NoteResumeComponent(componentName=ComponentInfo{com.innosage.androidagentictemplate/com.innosage.androidagentictemplate.MainActivity})
02-23 09:39:26.417  2422  2422 I HoneySpace.EdgePanel.ActivityUtils: HomePackage : com.sec.android.app.launcher, resumePackageName : com.innosage.androidagentictemplate, className : com.innosage.androidagentictemplate.MainActivity
02-23 09:39:26.417  6964  6964 I SemDvfsHyPerManager: acquire hyper - APP_START/6964@19, type = -999
02-23 09:39:26.418  1024  1135 I HYPER-HAL: [RequestManager.cpp]acquire(): Acquired ID : 24384655  [6964 / 19]    HINT : APP_START    list :
02-23 09:39:26.418  1084  1309 D SurfaceFlinger: [input] setFocusedWindow: <null>
02-23 09:39:26.418  1478  3076 D InputDispatcher: Focus left window (0): cb7041 com.sec.android.app.launcher/com.sec.android.app.launcher.activities.LauncherActivity
02-23 09:39:26.419  2422  2422 I ImeFocusController: onPreWindowFocus: skipped hasWindowFocus=false mHasImeFocus=true
02-23 09:39:26.419  1952  1952 I {OngoingActivityController}: onTaskFocusChanged but OA data is empty
02-23 09:39:26.419  1952  2088 D HWUI    : HWUI - treat SMPTE_170M as sRGB
02-23 09:39:26.422  1478  1544 D SurfaceComposerClient: setCornerRadius ## 51ad385 Splash Screen com.innosage.androidagentictemplate#375 cornerRadius=0.000000
02-23 09:39:26.422  1084  1084 I BpBinder: onLastStrongRef automatically unlinking death recipients:
02-23 09:39:26.423  1478  2032 I WindowManager: Relayout Window{51ad385 u0 Splash Screen com.innosage.androidagentictemplate}: viewVisibility=0 req=1080x2340 ty=3 d0
02-23 09:39:26.423  1084  1149 I SurfaceFlinger: id=376 createSurf, flag=44004, Splash Screen com.innosage.androidagentictemplate$_1952#376
02-23 09:39:26.423  2422  2422 I ImeFocusController: onPostWindowFocus: skipped hasWindowFocus=false mHasImeFocus=true
02-23 09:39:26.424  1478  2032 D SurfaceComposerClient: setCornerRadius ## 51ad385 Splash Screen com.innosage.androidagentictemplate#375 cornerRadius=0.000000
02-23 09:39:26.424  1478  2032 D SurfaceComposerClient: setCornerRadius ## 51ad385 Splash Screen com.innosage.androidagentictemplate#375 cornerRadius=0.000000
02-23 09:39:26.425  1478  2032 I WindowManager: Relayout hash=51ad385, pid=1952, syncId=-1: mAttrs={(0,0)(fillxfill) sim={adjust=pan} ty=APPLICATION_STARTING fmt=TRANSLUCENT wanim=0x1030317
02-23 09:39:26.425  1478  2032 I WindowManager:   fl=81030118
02-23 09:39:26.425  1478  2032 I WindowManager:   pfl=10000010
02-23 09:39:26.425  1478  2032 I WindowManager:   apr=18
02-23 09:39:26.425  1478  2032 I WindowManager:   bhv=1
02-23 09:39:26.425  1478  2032 I WindowManager:   fitSides=0
02-23 09:39:26.425  1478  2032 I WindowManager:   frameRateBoostOnTouch=true
02-23 09:39:26.425  1478  2032 I WindowManager:   dvrrWindowFrameRateHint=true naviIconColor=0}
02-23 09:39:26.425  1952  2043 I VRI[androidagentictemplate]@65ddaaf: onActiveControlsChanged, removed=false, mAdded=true, caller=android.view.ViewRootImpl.handleInsetsControlChanged:3002 android.view.ViewRootImpl.relayoutWindow:11629 android.view.ViewRootImpl.performTraversals:4804 android.view.ViewRootImpl.doTraversal:3924 android.view.ViewRootImpl$TraversalRunnable.run:12903
02-23 09:39:26.426  1952  1952 D DisplayLifecycle: updateDisplay id = 0
02-23 09:39:26.427  1952  2059 D StackScroller: onDisplayChanged for predraw skip to 2
02-23 09:39:26.427  1478  2809 D InputDispatcher: Once focus requested (0): <null>
02-23 09:39:26.428  1952  2043 I BLASTBufferQueue_Java: new BLASTBufferQueue, mName= VRI[androidagentictemplate]@65ddaaf mNativeObject= 0xb4000075f88943f0 caller= android.view.ViewRootImpl.updateBlastSurfaceIfNeeded:3585 android.view.ViewRootImpl.relayoutWindow:11685 android.view.ViewRootImpl.performTraversals:4804 android.view.ViewRootImpl.doTraversal:3924 android.view.ViewRootImpl$TraversalRunnable.run:12903 android.view.Choreographer$CallbackRecord.run:1901 android.view.Choreographer$CallbackRecord.run:1910 android.view.Choreographer.doCallbacks:1367 android.view.Choreographer.doFrame:1292 android.view.Choreographer$FrameDisplayEventReceiver.run:1870
02-23 09:39:26.428  1952  2043 I BLASTBufferQueue_Java: update, w= 1080 h= 2340 mName = VRI[androidagentictemplate]@65ddaaf mNativeObject= 0xb4000075f88943f0 sc.mNativeObject= 0xb4000075c86dd710 format= -3 caller= android.view.ViewRootImpl.updateBlastSurfaceIfNeeded:3590 android.view.ViewRootImpl.relayoutWindow:11685 android.view.ViewRootImpl.performTraversals:4804 android.view.ViewRootImpl.doTraversal:3924 android.view.ViewRootImpl$TraversalRunnable.run:12903 android.view.Choreographer$CallbackRecord.run:1901
02-23 09:39:26.429  1952  2043 I VRI[androidagentictemplate]@65ddaaf: Relayout returned: old=(0,0,1080,2340) new=(0,0,1080,2340) relayoutAsync=false req=(1080,2340)0 dur=7 res=0x3 s={true 0xb40000775883f410} ch=true seqId=0
02-23 09:39:26.429  1952  2043 I VRI[androidagentictemplate]@65ddaaf: performConfigurationChange setNightDimText nightDimLevel=0
02-23 09:39:26.430  1952  2043 D VRI[androidagentictemplate]@65ddaaf: mThreadedRenderer.initialize() mSurface={isValid=true 0xb40000775883f410} hwInitialized=true
02-23 09:39:26.430  1084  1084 I SurfaceFlinger: [Splash Screen com.innosage.androidagentictemplate$_1952#376] attach to parent LayerHierarchy{RequestedLayerState{51ad385 Splash Screen com.innosage.androidagentictemplate#375 parentId=374} 1 children}
02-23 09:39:26.433  1952  2043 D VRI[androidagentictemplate]@65ddaaf: reportNextDraw android.view.ViewRootImpl.performTraversals:5443 android.view.ViewRootImpl.doTraversal:3924 android.view.ViewRootImpl$TraversalRunnable.run:12903 android.view.Choreographer$CallbackRecord.run:1901 android.view.Choreographer$CallbackRecord.run:1910
02-23 09:39:26.434  1952  2043 D VRI[androidagentictemplate]@65ddaaf: Setup new sync=wmsSync-VRI[androidagentictemplate]@65ddaaf#72
02-23 09:39:26.434  1952  2043 I VRI[androidagentictemplate]@65ddaaf: Creating new active sync group VRI[androidagentictemplate]@65ddaaf#73
02-23 09:39:26.436  1952  2043 D VRI[androidagentictemplate]@65ddaaf: registerCallbacksForSync syncBuffer=false
02-23 09:39:26.437  1952  2087 D VRI[androidagentictemplate]@65ddaaf: Received frameDrawingCallback syncResult=0 frameNum=1.
02-23 09:39:26.437  1952  2087 I VRI[androidagentictemplate]@65ddaaf: mWNT: t=0xb4000075986e2bd0 mBlastBufferQueue=0xb4000075f88943f0 fn= 1 HdrRenderState mRenderHdrSdrRatio=1.0 caller= android.view.ViewRootImpl$12.onFrameDraw:15441 android.view.ThreadedRenderer$1.onFrameDraw:718 <bottom of call stack>
02-23 09:39:26.437  1952  2087 I VRI[androidagentictemplate]@65ddaaf: Setting up sync and frameCommitCallback
02-23 09:39:26.437  1952  2088 I BLASTBufferQueue: [VRI[androidagentictemplate]@65ddaaf#25](f:0,a:0,s:0) onFrameAvailable the first frame is available
02-23 09:39:26.437  2422 28755 I HoneySpace.Memory-Monitor: current state = 2, didTrim = false
02-23 09:39:26.437  1084  1149 I SurfaceFlinger: [Splash Screen com.innosage.androidagentictemplate$_1952#376] setTransactionState with the first frame. bufferData(ID: 8383776161964, frameNumber: 1)
02-23 09:39:26.438  1952  2088 I VRI[androidagentictemplate]@65ddaaf: Received frameCommittedCallback lastAttemptedDrawFrameNum=1 didProduceBuffer=true
02-23 09:39:26.438 32337 32337 D AppCompatDelegate: Checking for metadata for AppLocalesMetadataHolderService : Service not found
02-23 09:39:26.440  1952  2088 D HWUI    : CFMS:: SetUp Pid : 1952    Tid : 2088
02-23 09:39:26.440  1952  2043 D VRI[androidagentictemplate]@65ddaaf: reportDrawFinished seqId=0
02-23 09:39:26.441  1478  1544 D SurfaceComposerClient: setCornerRadius ## 51ad385 Splash Screen com.innosage.androidagentictemplate#375 cornerRadius=0.000000
02-23 09:39:26.442  1478  1544 D SurfaceComposerClient: setCornerRadius ## 51ad385 Splash Screen com.innosage.androidagentictemplate#375 cornerRadius=0.000000
02-23 09:39:26.443  1084  1148 I SurfaceFlinger: id=377 createSurf, flag=84004, Transition Root: Task=14130#377
02-23 09:39:26.444  1478  1544 I SurfaceControlRegistry: show, t=StartTransaction_SyncId<22> sc=ActivityRecord{148026395 u0 com.innosage.androidagentictemplate/.MainActivity t14130}, caller=android.view.SurfaceControl$Transaction.show:3557 com.android.server.wm.Transition.onTransactionReady:2048 com.android.server.wm.BLASTSyncEngine$SyncGroup.finishNow:240 com.android.server.wm.BLASTSyncEngine.onSurfacePlacement:263 com.android.server.wm.RootWindowContainer.performSurfacePlacementNoTrace:1083 com.android.server.wm.WindowSurfacePlacer.performSurfacePlacement:166
02-23 09:39:26.444  1478  1544 D SurfaceComposerClient: setCornerRadius ## WallpaperWindowToken{f91ff89 showWhenLocked=false}#74 cornerRadius=0.000000
02-23 09:39:26.444  1478  1544 D SurfaceComposerClient: setCornerRadius ## Task=1#53 cornerRadius=0.000000
02-23 09:39:26.444  1478  1544 D SurfaceComposerClient: setCornerRadius ## Task=14130#373 cornerRadius=0.000000
02-23 09:39:26.447  1084  1148 I SurfaceFlinger: id=378 createSurf, flag=84000, 903fb15 ActivityRecordInputSink com.innosage.androidagentictemplate/.MainActivity#378
02-23 09:39:26.449 32337 32337 D LifecycleMonitor: Lifecycle status change: com.innosage.androidagentictemplate.MainActivity@574e371 in: PRE_ON_CREATE
02-23 09:39:26.449 32337 32337 V ActivityScenario: Activity lifecycle changed event received but ignored because the reported transition was not ON_CREATE while the last known transition was PRE_ON_CREATE
02-23 09:39:26.450  1952  1996 I SurfaceControlRegistry: hide, t=FinishTransaction_SyncId<22> sc=Task=1, caller=android.view.SurfaceControl$Transaction.hide:3583 com.android.wm.shell.transition.Transitions.dispatchReady:1263 com.android.wm.shell.transition.Transitions.onTransitionReady:251 com.android.wm.shell.transition.Transitions$TransitionPlayerImpl$$ExternalSyntheticLambda0.run:13 android.os.Handler.handleCallback:995 android.os.Handler.dispatchMessage:103
02-23 09:39:26.450  1952  1996 I SurfaceControlRegistry: show, t=StartTransaction_SyncId<22> sc=Task=14130, caller=android.view.SurfaceControl$Transaction.show:3557 com.android.wm.shell.transition.Transitions.dispatchReady:1279 com.android.wm.shell.transition.Transitions.onTransitionReady:251 com.android.wm.shell.transition.Transitions$TransitionPlayerImpl$$ExternalSyntheticLambda0.run:13 android.os.Handler.handleCallback:995 android.os.Handler.dispatchMessage:103
02-23 09:39:26.450  1952  1996 I SurfaceControlRegistry: show, t=FinishTransaction_SyncId<22> sc=Task=14130, caller=android.view.SurfaceControl$Transaction.show:3557 com.android.wm.shell.transition.Transitions.dispatchReady:1330 com.android.wm.shell.transition.Transitions.onTransitionReady:251 com.android.wm.shell.transition.Transitions$TransitionPlayerImpl$$ExternalSyntheticLambda0.run:13 android.os.Handler.handleCallback:995 android.os.Handler.dispatchMessage:103
02-23 09:39:26.451  1952  1996 I SurfaceControlRegistry: show, t=StartTransaction_SyncId<22> sc=Transition Root: Task=14130, caller=android.view.SurfaceControl$Transaction.show:3557 com.android.wm.shell.transition.Transitions.playTransition:79 com.android.wm.shell.transition.Transitions.processReadyQueue:239 com.android.wm.shell.transition.Transitions.dispatchReady:1352 com.android.wm.shell.transition.Transitions.onTransitionReady:251 com.android.wm.shell.transition.Transitions$TransitionPlayerImpl$$ExternalSyntheticLambda0.run:13
02-23 09:39:26.452 32337 32380 V XGL     : Exiting: Create
02-23 09:39:26.456  1084  1084 I SurfaceFlinger: [Transition Root: Task=14130#377] attach to parent LayerHierarchy{RequestedLayerState{DefaultTaskDisplayArea_d0#10 parentId=9} 9 children}
02-23 09:39:26.456  1084  1084 I SurfaceFlinger: [903fb15 ActivityRecordInputSink com.innosage.androidagentictemplate/.MainActivity#378] attach to parent LayerHierarchy{RequestedLayerState{ActivityRecord{148026395 u0 com.innosage.androidagentictemplate/.MainActivity t14130}#374 parentId=373} 2 children}
02-23 09:39:26.456  1952  1996 I SurfaceControlRegistry: apply, t=StartTransaction_SyncId<22>, caller=android.view.SurfaceControl$Transaction.apply:3459 android.view.SurfaceControl$Transaction.apply:3447 android.view.SurfaceControl$Transaction.apply:3397 com.android.wm.shell.transition.DefaultTransitionHandler.startAnimation:3387 com.android.wm.shell.transition.Transitions.dispatchTransition:90 com.android.wm.shell.transition.Transitions.playTransition:774
02-23 09:39:26.457  1952  2034 D SurfaceComposerClient: setCornerRadius ## Task=14130#373 cornerRadius=101.000000
02-23 09:39:26.458 32337 32337 E agentictemplate: Invalid resource ID 0x00000000.
02-23 09:39:26.459  2422 31219 I HoneySpace.RecentTasks: onRunningTaskAppeared
02-23 09:39:26.459  2422 28755 I HoneySpace.RecentTasks: onRecentTasksChanged
02-23 09:39:26.462 32337 32337 D DesktopModeFlags: Toggle override initialized to: OVERRIDE_UNSET
02-23 09:39:26.462 30975 31251 I Routine@Core[4.9.04.13]: MigrationParser: getMigrationData rawMigrationData : [vibrate_once, custom_key_v3, aircommand_open_with_pen, text_to_speech, unlock_with_finger_print, edge_panel_routine_v3, edge_panel_routine_v3, data_saver_routine]
02-23 09:39:26.463 30975 31251 I Routine@Core[4.9.04.13]: MigrationParser: getMemoryMigrationData rawMemoryMigrationData : [motion_smoothness_v3, motion_smoothness_and_screen_resolution_v3, cover_screen_motion_smoothness_v3, brightness_v3, font_size_v3, screen_zoom_v3, screen_layout_and_zoom_v3, screen_resolution_v3, screen_timeout_v3, rotation_screen_v3, multi_window_tray_v3, dark_mode_v3, bixby_text_command_v3, bixby_quick_command_v3, bixby_voice_wake_up_v3, spotify_playlist_v3, play_media_v3, launch_app_v3, close_app_v3, separate_app_sound_v3, dnd_mode_on_v3, custom_notification_v3, hard_key_v3, quick_decline_message_v3, quick_decline_message_v3, video_enhancer_v3, bluetooth_on_v3, instant_session_v3, airplane_mode_on_v3, mobile_network_mode_setting_v3, mobile_data_on_v3, hotspot_on_v3, gps_on_v3, auto_data_sync_v3, sound_sdk3, vibrate_once, connect_url_sdk3, wifi_on_sdk3, lockscreen_shortcut_v3, launch_app_v3, launch_game_v3, samsung_health_during_exercise_v3, samsung_health_during_exercise_when_starting_v3, notification_with_keyword_v3, specify_wifi_v3, wifi_rssi_v3, specify_bluetooth_v3, specify_bluetooth_only_connected_v3, nfc_tagged_v3, airplane_mode_v3, specific_time_v3, time_v3, plugin_gps_location_v3, plugin_gps_location_only_arrived_v3, calling_v3, during_call_v3, connected_headset_v3, plugged_battery_v3, battery_condition_v3, dex_mode_on_v3, fold_state_v3, ringer_mode_v3, night_mode_v3, wifi_on_sdk3]
02-23 09:39:26.464  1084  1084 I SurfaceFlinger: RequestedLayer [51ad385 Splash Screen com.innosage.androidagentictemplate#375] hidden!! flag  from(1) --> to(0)
02-23 09:39:26.464  1084  1084 I SurfaceFlinger: RequestedLayer [Splash Screen com.innosage.androidagentictemplate$_1952#376] hidden!! flag  from(1) --> to(0)
02-23 09:39:26.464  1084  1084 I SurfaceFlinger: RequestedLayer [Task=14130#373] hidden!! flag  from(1) --> to(0)
02-23 09:39:26.464  1084  1084 E SurfaceFlinger: alpha changed 1.000 -> 0.000 - Task=14130#373
02-23 09:39:26.464  1084  1084 I SurfaceFlinger: RequestedLayer [Transition Root: Task=14130#377] hidden!! flag  from(1) --> to(0)
02-23 09:39:26.464  1084  1084 I SurfaceFlinger: RequestedLayer [ActivityRecord{148026395 u0 com.inno[...]ictemplate/.MainActivity t14130}#374] hidden!! flag  from(1) --> to(0)
02-23 09:39:26.464  1084  1084 E SurfaceFlinger: alpha changed 0.000 -> 0.000 - Task=14130#373
02-23 09:39:26.464  1084  1084 I SurfaceFlinger: [LayerHierarchy{RequestedLayerState{Task=1#53 parentId=377 z=3} 2 children}] reparent to LayerHierarchy{RequestedLayerState{Transition Root: Task=14130#377 parentId=10 z=5} 1 children}
02-23 09:39:26.464  1084  1084 I SurfaceFlinger: [LayerHierarchy{RequestedLayerState{Task=14130#373 parentId=377 z=7} 1 children}] reparent to LayerHierarchy{RequestedLayerState{Transition Root: Task=14130#377 parentId=10 z=5} 2 children}
02-23 09:39:26.464  1952  2034 D SurfaceComposerClient: setCornerRadius ## Task=14130#373 cornerRadius=101.000000
02-23 09:39:26.465 30975 31251 I Routine@Core[4.9.04.13]: RoutineDataMigrator: isAvailableToMigrate() newPackageName:com.samsung.android.app.routines, newTag:read_notifications, isAvailableToMigrate:true
02-23 09:39:26.465 30975 31251 I Routine@Core[4.9.04.13]: RoutineDataMigrator: isAvailableToMigrate() newPackageName:com.samsung.android.app.routines, newTag:flashlight, isAvailableToMigrate:true
02-23 09:39:26.465 30975 31251 I Routine@Core[4.9.04.13]: RoutineDataMigrator: isAvailableToMigrate() newPackageName:com.samsung.android.app.routines, newTag:message_received, isAvailableToMigrate:false
02-23 09:39:26.465 30975 31251 I Routine@Core[4.9.04.13]: RoutineDataMigrator: isAvailableToMigrate() newPackageName:com.samsung.android.app.routines, newTag:message_received, isAvailableToMigrate:false
02-23 09:39:26.465 30975 31251 I Routine@Core[4.9.04.13]: RoutineDataMigrator: isAvailableToMigrate() newPackageName:com.samsung.android.app.aodservice, newTag:aod_main_setting, isAvailableToMigrate:true
02-23 09:39:26.465 30975 31251 I Routine@Core[4.9.04.13]: RoutineDataMigrator: isAvailableToMigrate() newPackageName:com.android.settings, newTag:sec_eye_comfort_shield_routine, isAvailableToMigrate:true
02-23 09:39:26.465 30975 31251 I Routine@Core[4.9.04.13]: RoutineDataMigrator: isAvailableToMigrate() newPackageName:com.samsung.android.app.routines, newTag:control_smartthings_not_reversible, isAvailableToMigrate:false
02-23 09:39:26.465 30975 31251 I Routine@Core[4.9.04.13]: RoutineDataMigrator: isAvailableToMigrate() newPackageName:com.samsung.android.app.routines, newTag:control_smartthings_not_reversible, isAvailableToMigrate:false
02-23 09:39:26.466 30975 31251 I Routine@Core[4.9.04.13]: RoutineDataMigrator: isAvailableToMigrate() newPackageName:com.android.settings, newTag:accessibility_color_correction, isAvailableToMigrate:false
02-23 09:39:26.466 30975 31251 I Routine@Core[4.9.04.13]: RoutineDataMigrator: isAvailableToMigrate() newPackageName:com.samsung.android.lool, newTag:dc_power_mode_action, isAvailableToMigrate:true
02-23 09:39:26.466 30975 31251 I Routine@Core[4.9.04.13]: RoutineDataMigrator: isAvailableToMigrate() newPackageName:com.samsung.accessibility, newTag:accessibility_amplify_ambient_sound, isAvailableToMigrate:true
02-23 09:39:26.466 30975 31251 I Routine@Core[4.9.04.13]: RoutineDataMigrator: isAvailableToMigrate() newPackageName:com.android.settings, newTag:accessibility_camera_flash, isAvailableToMigrate:true
02-23 09:39:26.466 30975 31251 I Routine@Core[4.9.04.13]: RoutineDataMigrator: isAvailableToMigrate() newPackageName:com.android.settings, newTag:accessibility_color_correction, isAvailableToMigrate:false
02-23 09:39:26.466 30975 31251 I Routine@Core[4.9.04.13]: RoutineDataMigrator: isAvailableToMigrate() newPackageName:com.android.settings, newTag:accessibility_color_filter, isAvailableToMigrate:true
02-23 09:39:26.466 30975 31251 I Routine@Core[4.9.04.13]: RoutineDataMigrator: isAvailableToMigrate() newPackageName:com.android.settings, newTag:accessibility_color_inversion, isAvailableToMigrate:true
02-23 09:39:26.466 30975 31251 I Routine@Core[4.9.04.13]: RoutineDataMigrator: isAvailableToMigrate() newPackageName:com.android.settings, newTag:accessibility_extra_dim, isAvailableToMigrate:true
02-23 09:39:26.466 30975 31251 I Routine@Core[4.9.04.13]: RoutineDataMigrator: isAvailableToMigrate() newPackageName:com.android.settings, newTag:accessibility_live_caption, isAvailableToMigrate:true
02-23 09:39:26.466 30975 31251 I Routine@Core[4.9.04.13]: RoutineDataMigrator: isAvailableToMigrate() newPackageName:com.android.settings, newTag:accessibility_mono_audio, isAvailableToMigrate:true
02-23 09:39:26.466 32337 32337 I DecorView: setWindowBackground: isPopOver=false color=fffafafa d=android.graphics.drawable.ColorDrawable@1748ae1
02-23 09:39:26.467 30975 31251 I Routine@Core[4.9.04.13]: RoutineDataMigrator: isAvailableToMigrate() newPackageName:com.android.settings, newTag:accessibility_mute_all_sounds, isAvailableToMigrate:true
02-23 09:39:26.467 30975 31251 I Routine@Core[4.9.04.13]: RoutineDataMigrator: isAvailableToMigrate() newPackageName:com.android.settings, newTag:accessibility_screen_flash, isAvailableToMigrate:true
02-23 09:39:26.467 30975 31251 I Routine@Core[4.9.04.13]: RoutineDataMigrator: isAvailableToMigrate() newPackageName:com.android.settings, newTag:accessibility_sound_balance, isAvailableToMigrate:true
02-23 09:39:26.467 30975 31251 I Routine@Core[4.9.04.13]: RoutineDataMigrator: isAvailableToMigrate() newPackageName:com.samsung.android.waterplugin, newTag:watch_theater_mode, isAvailableToMigrate:false
02-23 09:39:26.467 30975 31251 I Routine@Core[4.9.04.13]: RoutineDataMigrator: isAvailableToMigrate() newPackageName:com.samsung.android.heartplugin, newTag:watch_theater_mode, isAvailableToMigrate:false
02-23 09:39:26.467 30975 31251 I Routine@Core[4.9.04.13]: RoutineDataMigrator: isAvailableToMigrate() newPackageName:com.samsung.android.lool, newTag:dc_enhanced_processing, isAvailableToMigrate:false
02-23 09:39:26.467 30975 31251 I Routine@Core[4.9.04.13]: RoutineDataMigrator: isAvailableToMigrate() newPackageName:com.samsung.android.lool, newTag:dc_fast_cable_charging, isAvailableToMigrate:true
02-23 09:39:26.467 30975 31251 I Routine@Core[4.9.04.13]: RoutineDataMigrator: isAvailableToMigrate() newPackageName:com.samsung.android.lool, newTag:dc_fast_wireless_charging, isAvailableToMigrate:true
02-23 09:39:26.467 30975 31251 I Routine@Core[4.9.04.13]: RoutineDataMigrator: isAvailableToMigrate() newPackageName:com.samsung.android.lool, newTag:dc_processing_speed, isAvailableToMigrate:true
02-23 09:39:26.467 30975 31251 I Routine@Core[4.9.04.13]: RoutineDataMigrator: isAvailableToMigrate() newPackageName:com.samsung.android.lool, newTag:dc_protect_battery, isAvailableToMigrate:true
02-23 09:39:26.467 30975 31251 I Routine@Core[4.9.04.13]: RoutineDataMigrator: isAvailableToMigrate() newPackageName:com.samsung.android.lool, newTag:dc_super_fast_cable_charging, isAvailableToMigrate:true
02-23 09:39:26.467 30975 31251 I Routine@Core[4.9.04.13]: RoutineDataMigrator: isAvailableToMigrate() newPackageName:com.samsung.android.sm_cn, newTag:dc_enhanced_processing, isAvailableToMigrate:false
02-23 09:39:26.468 30975 31251 I Routine@Core[4.9.04.13]: RoutineDataMigrator: isAvailableToMigrate() newPackageName:com.samsung.android.sm_cn, newTag:dc_fast_cable_charging, isAvailableToMigrate:false
02-23 09:39:26.468 30975 31251 I Routine@Core[4.9.04.13]: RoutineDataMigrator: isAvailableToMigrate() newPackageName:com.samsung.android.sm_cn, newTag:dc_fast_wireless_charging, isAvailableToMigrate:false
02-23 09:39:26.468 30975 31251 I Routine@Core[4.9.04.13]: RoutineDataMigrator: isAvailableToMigrate() newPackageName:com.samsung.android.sm_cn, newTag:dc_power_mode_action, isAvailableToMigrate:false
02-23 09:39:26.468 30975 31251 I Routine@Core[4.9.04.13]: RoutineDataMigrator: isAvailableToMigrate() newPackageName:com.samsung.android.sm_cn, newTag:dc_processing_speed, isAvailableToMigrate:false
02-23 09:39:26.468 30975 31251 I Routine@Core[4.9.04.13]: RoutineDataMigrator: isAvailableToMigrate() newPackageName:com.samsung.android.sm_cn, newTag:dc_protect_battery, isAvailableToMigrate:false
02-23 09:39:26.468 30975 31251 I Routine@Core[4.9.04.13]: RoutineDataMigrator: isAvailableToMigrate() newPackageName:com.samsung.android.sm_cn, newTag:dc_super_fast_cable_charging, isAvailableToMigrate:false
02-23 09:39:26.468 30975 31251 I Routine@Core[4.9.04.13]: RoutineDataMigrator: isAvailableToMigrate() newPackageName:com.samsung.android.app.dressroom, newTag:change_lock_screen_wallpaper_profile, isAvailableToMigrate:true
02-23 09:39:26.468 30975 31251 I Routine@Core[4.9.04.13]: RoutineDataMigrator: deprecateOldTag() should not deprecate oldTag(lockscreen_shortcut
02-23 09:39:26.468 30975 31251 I Routine@Core[4.9.04.13]: RoutineDataMigrator: isAvailableToMigrate() newPackageName:com.samsung.android.app.routines, newTag:nfc_on_off, isAvailableToMigrate:true
02-23 09:39:26.468 30975 31251 I Routine@Core[4.9.04.13]: RoutineDataMigrator: isAvailableToMigrate() newPackageName:com.sec.android.app.launcher, newTag:edge_panel, isAvailableToMigrate:false
02-23 09:39:26.468 30975 31251 I Routine@Core[4.9.04.13]: RoutineDataMigrator: isAvailableToMigrate() newPackageName:com.android.settings, newTag:as_dialing_keypad_tones, isAvailableToMigrate:true
02-23 09:39:26.468 30975 31251 I Routine@Core[4.9.04.13]: RoutineDataMigrator: isAvailableToMigrate() newPackageName:com.android.settings, newTag:as_keyboard_sound, isAvailableToMigrate:true
02-23 09:39:26.468 30975 31251 I Routine@Core[4.9.04.13]: RoutineDataMigrator: isAvailableToMigrate() newPackageName:com.android.settings, newTag:as_keyboard_vibration, isAvailableToMigrate:true
02-23 09:39:26.469 30975 31251 I Routine@Core[4.9.04.13]: RoutineDataMigrator: isAvailableToMigrate() newPackageName:com.android.settings, newTag:as_media_volume, isAvailableToMigrate:true
02-23 09:39:26.469 30975 31251 I Routine@Core[4.9.04.13]: RoutineDataMigrator: isAvailableToMigrate() newPackageName:com.android.settings, newTag:as_volume, isAvailableToMigrate:true
02-23 09:39:26.469 30975 31251 I Routine@Core[4.9.04.13]: RoutineDataMigrator: isAvailableToMigrate() newPackageName:com.sec.android.app.clockpackage, newTag:appfunction://com.sec.android.app.clockpackage.crossappactions#StopwatchCrossAppFunctions_startStopwatch, isAvailableToMigrate:true
02-23 09:39:26.469 30975 31251 I Routine@Core[4.9.04.13]: RoutineDataMigrator: isAvailableToMigrate() newPackageName:com.sec.android.app.launcher, newTag:samsung_dex, isAvailableToMigrate:true
02-23 09:39:26.469 30975 31251 I Routine@Core[4.9.04.13]: RoutineDataMigrator: isAvailableToMigrate() newPackageName:com.samsung.android.secondscreen, newTag:second_screen_condition_tag, isAvailableToMigrate:false
02-23 09:39:26.469 30975 31251 I Routine@Core[4.9.04.13]: RoutineDataMigrator: isAvailableToMigrate() newPackageName:com.samsung.android.app.routines, newTag:vibrate_once, isAvailableToMigrate:true
02-23 09:39:26.469 30975 31251 I Routine@Core[4.9.04.13]: RoutineDataMigrator: isAvailableToMigrate() newPackageName:com.samsung.android.app.routineplus, newTag:custom_key_v3, isAvailableToMigrate:false
02-23 09:39:26.469 30975 31251 I Routine@Core[4.9.04.13]: RoutineDataMigrator: isAvailableToMigrate() newPackageName:com.samsung.android.service.aircommand, newTag:aircommand_open_with_pen, isAvailableToMigrate:false
02-23 09:39:26.469 30975 31251 I Routine@Core[4.9.04.13]: RoutineDataMigrator: isAvailableToMigrate() newPackageName:com.samsung.android.app.routines, newTag:text_to_speech, isAvailableToMigrate:true
02-23 09:39:26.469 30975 31251 I Routine@Core[4.9.04.13]: RoutineDataMigrator: isAvailableToMigrate() newPackageName:com.samsung.android.app.routines, newTag:unlock_with_finger_print, isAvailableToMigrate:true
02-23 09:39:26.469 30975 31251 I Routine@Core[4.9.04.13]: RoutineDataMigrator: isAvailableToMigrate() newPackageName:com.sec.android.app.launcher, newTag:edge_panel_routine_v3, isAvailableToMigrate:true
02-23 09:39:26.469 30975 31251 I Routine@Core[4.9.04.13]: RoutineDataMigrator: isAvailableToMigrate() newPackageName:com.sec.android.app.launcher, newTag:edge_panel_routine_v3, isAvailableToMigrate:true
02-23 09:39:26.469 30975 31251 I Routine@Core[4.9.04.13]: RoutineDataMigrator: isAvailableToMigrate() newPackageName:com.android.settings, newTag:data_saver_routine, isAvailableToMigrate:true
02-23 09:39:26.470 30975 31251 I Routine@Core[4.9.04.13]: RoutineDataMigrator: isAvailableToMigrate() newPackageName:com.samsung.android.app.routines, newTag:motion_smoothness_v3, isAvailableToMigrate:true
02-23 09:39:26.470 30975 31251 I Routine@Core[4.9.04.13]: RoutineDataMigrator: isAvailableToMigrate() newPackageName:com.samsung.android.app.routines, newTag:motion_smoothness_and_screen_resolution_v3, isAvailableToMigrate:false
02-23 09:39:26.470 30975 31251 I Routine@Core[4.9.04.13]: RoutineDataMigrator: isAvailableToMigrate() newPackageName:com.samsung.android.app.routines, newTag:cover_screen_motion_smoothness_v3, isAvailableToMigrate:false
02-23 09:39:26.470 30975 31251 I Routine@Core[4.9.04.13]: RoutineDataMigrator: isAvailableToMigrate() newPackageName:com.samsung.android.app.routines, newTag:brightness_v3, isAvailableToMigrate:true
02-23 09:39:26.470 30975 31251 I Routine@Core[4.9.04.13]: RoutineDataMigrator: isAvailableToMigrate() newPackageName:com.samsung.android.app.routines, newTag:font_size_v3, isAvailableToMigrate:true
02-23 09:39:26.470 30975 31251 I Routine@Core[4.9.04.13]: RoutineDataMigrator: isAvailableToMigrate() newPackageName:com.samsung.android.app.routines, newTag:screen_zoom_v3, isAvailableToMigrate:true
02-23 09:39:26.470 30975 31251 I Routine@Core[4.9.04.13]: RoutineDataMigrator: isAvailableToMigrate() newPackageName:com.samsung.android.app.routines, newTag:screen_layout_and_zoom_v3, isAvailableToMigrate:false
02-23 09:39:26.470 30975 31251 I Routine@Core[4.9.04.13]: RoutineDataMigrator: isAvailableToMigrate() newPackageName:com.samsung.android.app.routines, newTag:screen_resolution_v3, isAvailableToMigrate:false
02-23 09:39:26.470 30975 31251 I Routine@Core[4.9.04.13]: RoutineDataMigrator: isAvailableToMigrate() newPackageName:com.samsung.android.app.routines, newTag:screen_timeout_v3, isAvailableToMigrate:true
02-23 09:39:26.470 30975 31251 I Routine@Core[4.9.04.13]: RoutineDataMigrator: isAvailableToMigrate() newPackageName:com.samsung.android.app.routines, newTag:rotation_screen_v3, isAvailableToMigrate:true
02-23 09:39:26.470 30975 31251 I Routine@Core[4.9.04.13]: RoutineDataMigrator: isAvailableToMigrate() newPackageName:com.samsung.android.app.routines, newTag:multi_window_tray_v3, isAvailableToMigrate:false
02-23 09:39:26.470 30975 31251 I Routine@Core[4.9.04.13]: RoutineDataMigrator: isAvailableToMigrate() newPackageName:com.samsung.android.app.routines, newTag:dark_mode_v3, isAvailableToMigrate:true
02-23 09:39:26.470 30975 31251 I Routine@Core[4.9.04.13]: RoutineDataMigrator: isAvailableToMigrate() newPackageName:com.samsung.android.app.routines, newTag:bixby_text_command_v3, isAvailableToMigrate:true
02-23 09:39:26.470 30975 31251 I Routine@Core[4.9.04.13]: RoutineDataMigrator: isAvailableToMigrate() newPackageName:com.samsung.android.app.routines, newTag:bixby_quick_command_v3, isAvailableToMigrate:true
02-23 09:39:26.470 30975 31251 I Routine@Core[4.9.04.13]: RoutineDataMigrator: isAvailableToMigrate() newPackageName:com.samsung.android.app.routines, newTag:bixby_voice_wake_up_v3, isAvailableToMigrate:true
02-23 09:39:26.471 30975 31251 I Routine@Core[4.9.04.13]: RoutineDataMigrator: isAvailableToMigrate() newPackageName:com.samsung.android.app.routines, newTag:spotify_playlist_v3, isAvailableToMigrate:false
02-23 09:39:26.471 30975 31251 I Routine@Core[4.9.04.13]: RoutineDataMigrator: isAvailableToMigrate() newPackageName:com.samsung.android.app.routines, newTag:play_media_v3, isAvailableToMigrate:true
02-23 09:39:26.471 30975 31251 I Routine@Core[4.9.04.13]: RoutineDataMigrator: isAvailableToMigrate() newPackageName:com.samsung.android.app.routines, newTag:launch_app_v3, isAvailableToMigrate:true
02-23 09:39:26.471 30975 31251 I Routine@Core[4.9.04.13]: RoutineDataMigrator: isAvailableToMigrate() newPackageName:com.samsung.android.app.routines, newTag:close_app_v3, isAvailableToMigrate:true
02-23 09:39:26.471 30975 31251 I Routine@Core[4.9.04.13]: RoutineDataMigrator: isAvailableToMigrate() newPackageName:com.samsung.android.app.routines, newTag:separate_app_sound_v3, isAvailableToMigrate:true
02-23 09:39:26.471 30975 31251 I Routine@Core[4.9.04.13]: RoutineDataMigrator: isAvailableToMigrate() newPackageName:com.samsung.android.app.routines, newTag:dnd_mode_on_v3, isAvailableToMigrate:true
02-23 09:39:26.471 30975 31251 I Routine@Core[4.9.04.13]: RoutineDataMigrator: isAvailableToMigrate() newPackageName:com.samsung.android.app.routines, newTag:custom_notification_v3, isAvailableToMigrate:true
02-23 09:39:26.471 30975 31251 I Routine@Core[4.9.04.13]: RoutineDataMigrator: isAvailableToMigrate() newPackageName:com.samsung.android.app.routines, newTag:hard_key_v3, isAvailableToMigrate:true
02-23 09:39:26.471 30975 31251 I Routine@Core[4.9.04.13]: RoutineDataMigrator: isAvailableToMigrate() newPackageName:com.samsung.android.app.routines, newTag:quick_decline_message_v3, isAvailableToMigrate:true
02-23 09:39:26.471 30975 31251 I Routine@Core[4.9.04.13]: RoutineDataMigrator: isAvailableToMigrate() newPackageName:com.samsung.android.app.routines, newTag:quick_decline_message_v3, isAvailableToMigrate:true
02-23 09:39:26.471 30975 31251 I Routine@Core[4.9.04.13]: RoutineDataMigrator: isAvailableToMigrate() newPackageName:com.samsung.android.app.routines, newTag:video_enhancer_v3, isAvailableToMigrate:true
02-23 09:39:26.471 30975 31251 I Routine@Core[4.9.04.13]: RoutineDataMigrator: isAvailableToMigrate() newPackageName:com.samsung.android.app.routines, newTag:bluetooth_on_v3, isAvailableToMigrate:true
02-23 09:39:26.471 30975 31251 I Routine@Core[4.9.04.13]: RoutineDataMigrator: isAvailableToMigrate() newPackageName:com.samsung.android.app.routines, newTag:instant_session_v3, isAvailableToMigrate:true
02-23 09:39:26.471 30975 31251 I Routine@Core[4.9.04.13]: RoutineDataMigrator: isAvailableToMigrate() newPackageName:com.samsung.android.app.routines, newTag:airplane_mode_on_v3, isAvailableToMigrate:true
02-23 09:39:26.471 30975 31251 I Routine@Core[4.9.04.13]: RoutineDataMigrator: isAvailableToMigrate() newPackageName:com.samsung.android.app.routines, newTag:mobile_network_mode_setting_v3, isAvailableToMigrate:false
02-23 09:39:26.471 30975 31251 I Routine@Core[4.9.04.13]: RoutineDataMigrator: isAvailableToMigrate() newPackageName:com.samsung.android.app.routines, newTag:mobile_data_on_v3, isAvailableToMigrate:true
02-23 09:39:26.471 30975 31251 I Routine@Core[4.9.04.13]: RoutineDataMigrator: isAvailableToMigrate() newPackageName:com.samsung.android.app.routines, newTag:hotspot_on_v3, isAvailableToMigrate:true
02-23 09:39:26.472 30975 31251 I Routine@Core[4.9.04.13]: RoutineDataMigrator: isAvailableToMigrate() newPackageName:com.samsung.android.app.routines, newTag:gps_on_v3, isAvailableToMigrate:true
02-23 09:39:26.472 30975 31251 I Routine@Core[4.9.04.13]: RoutineDataMigrator: isAvailableToMigrate() newPackageName:com.samsung.android.app.routines, newTag:auto_data_sync_v3, isAvailableToMigrate:true
02-23 09:39:26.472 30975 31251 I Routine@Core[4.9.04.13]: RoutineDataMigrator: isAvailableToMigrate() newPackageName:com.samsung.android.app.routines, newTag:sound_sdk3, isAvailableToMigrate:true
02-23 09:39:26.472 30975 31251 I Routine@Core[4.9.04.13]: RoutineDataMigrator: isAvailableToMigrate() newPackageName:com.samsung.android.app.routines, newTag:vibrate_once, isAvailableToMigrate:true
02-23 09:39:26.472 30975 31251 I Routine@Core[4.9.04.13]: RoutineDataMigrator: isAvailableToMigrate() newPackageName:com.samsung.android.app.routines, newTag:connect_url_sdk3, isAvailableToMigrate:true
02-23 09:39:26.472 30975 31251 I Routine@Core[4.9.04.13]: RoutineDataMigrator: isAvailableToMigrate() newPackageName:com.samsung.android.app.routines, newTag:wifi_on_sdk3, isAvailableToMigrate:true
02-23 09:39:26.472 30975 31251 I Routine@Core[4.9.04.13]: RoutineDataMigrator: isAvailableToMigrate() newPackageName:com.samsung.android.app.routines, newTag:lockscreen_shortcut_v3, isAvailableToMigrate:true
02-23 09:39:26.472 30975 31251 I Routine@Core[4.9.04.13]: RoutineDataMigrator: isAvailableToMigrate() newPackageName:com.samsung.android.app.routines, newTag:launch_app_v3, isAvailableToMigrate:true
02-23 09:39:26.472 30975 31251 I Routine@Core[4.9.04.13]: RoutineDataMigrator: isAvailableToMigrate() newPackageName:com.samsung.android.app.routines, newTag:launch_game_v3, isAvailableToMigrate:true
02-23 09:39:26.472 30975 31251 I Routine@Core[4.9.04.13]: RoutineDataMigrator: isAvailableToMigrate() newPackageName:com.samsung.android.app.routines, newTag:samsung_health_during_exercise_v3, isAvailableToMigrate:false
02-23 09:39:26.472 30975 31251 I Routine@Core[4.9.04.13]: RoutineDataMigrator: isAvailableToMigrate() newPackageName:com.samsung.android.app.routines, newTag:samsung_health_during_exercise_when_starting_v3, isAvailableToMigrate:false
