02-23 09:39:27.579  8433 32198 D _V_VH-D-DeviceModuleService: send message:BusinessAppChangeReq{jsonStr='{"appId":"com.innosage.androidagentictemplate","businessVersion":-1,"changeAction":1}'} callback:com.vivo.framework.devices.vipc.ThirdBridgeManager$6@b72504c waitConnectionIfNeed:false
02-23 09:39:27.580  1952  1952 D ScrollView: initGoToTop
02-23 09:39:27.581  2422  7396 I VRI[LauncherActivity]@a7681ac: mWNT: t=0xb40000759874cb90 mBlastBufferQueue=0xb4000075f89d07a0 fn= 1 HdrRenderState mRenderHdrSdrRatio=1.0 caller= android.view.ViewRootImpl$12.onFrameDraw:15441 android.view.ThreadedRenderer$1.onFrameDraw:718 <bottom of call stack>
02-23 09:39:27.581  2422  7396 I VRI[LauncherActivity]@a7681ac: Setting up sync and frameCommitCallback
02-23 09:39:27.581 32337 32337 I InsetsSourceConsumer: applyRequestedVisibilityToControl: visible=true, type=statusBars, host=com.innosage.androidagentictemplate/com.innosage.androidagentictemplate.MainActivity
02-23 09:39:27.581  1478  1544 D SurfaceComposerClient: setCornerRadius ## cb7041 com.sec.android.app.launcher/com.sec.android.app.launcher.activities.LauncherActivity#150 cornerRadius=0.000000
02-23 09:39:27.582  8433 32198 W _V_VH-D-DeviceModuleService: not connected.
02-23 09:39:27.582  2422  7311 I BLASTBufferQueue: [VRI[LauncherActivity]@a7681ac#5](f:0,a:0,s:0) onFrameAvailable the first frame is available
02-23 09:39:27.582  2422  7311 I VRI[LauncherActivity]@a7681ac: Received frameCommittedCallback lastAttemptedDrawFrameNum=1 didProduceBuffer=true
02-23 09:39:27.583  1084  1148 I SurfaceFlinger: [com.sec.android.app.launcher/com.sec.android.app.launcher.activities.LauncherActivity$_2422#413] setTransactionState with the first frame. bufferData(ID: 10402410790941, frameNumber: 1)
02-23 09:39:27.583  8433 32198 E _V_VH-D-ThirdBridgeManager: receiveAppChange onError: ERROR_DISCONNECTED
02-23 09:39:27.583  2422  2616 I HoneySpace.TopTaskSource: onTaskFocusChanged(): taskId = 14130
02-23 09:39:27.584  2422  2422 I HoneySpace.EdgePanel.CocktailHostRepositoryImpl: onNoteResume
02-23 09:39:27.584  1952  1952 W Settings: Setting show_button_background has moved from android.provider.Settings.System to android.provider.Settings.Global, returning read-only value.
02-23 09:39:27.584  2422  2422 I HoneySpace.EdgePanel.EdgePanelContainerViewModel: cocktailHostRepository.edgePanelOperation NoteResumeComponent(componentName=ComponentInfo{com.android.systemui/com.android.systemui.sensorprivacy.SensorUseStartedActivity})
02-23 09:39:27.584  2422  2422 I HoneySpace.EdgePanel.ActivityUtils: HomePackage : com.sec.android.app.launcher, resumePackageName : com.android.systemui, className : com.android.systemui.sensorprivacy.SensorUseStartedActivity
02-23 09:39:27.585  1952  1952 D View    : semSetBlurInfo, blurInfo : android.view.SemBlurInfo@c5fe5f6 {BLUR_MODE_WINDOW, mBlurRadius = 300, mBackgroundBlurColor = 218103808, mCornerRadiusTL = 73.125, mCornerRadiusTR = 73.125, mCornerRadiusBL = 73.125, mCornerRadiusBR = 73.125, mClipRectLeft = 0, mClipRectTop = 0, mClipRectRight = 2147483647, mClipRectBottom = 2147483647, mColorCurve = android.view.SemBlurInfo$ColorCurve@f2a0df7 {minX = 15.0, minY = 208.1, maxX = 235.0, maxY = 246.3, curveBias = 25.0, saturation = 0.75}}, com.android.internal.widget.AlertDialogLayout{9336464 V.E...... ......I. 0,0-0,0 #10204bd android:id/parentPanel}
02-23 09:39:27.586  1478  1544 D SurfaceComposerClient: setCornerRadius ## cb7041 com.sec.android.app.launcher/com.sec.android.app.launcher.activities.LauncherActivity#150 cornerRadius=0.000000
02-23 09:39:27.586  1478  1544 D SurfaceComposerClient: setCornerRadius ## cb7041 com.sec.android.app.launcher/com.sec.android.app.launcher.activities.LauncherActivity#150 cornerRadius=0.000000
02-23 09:39:27.587  1478  1544 D SurfaceComposerClient: setCornerRadius ## cb7041 com.sec.android.app.launcher/com.sec.android.app.launcher.activities.LauncherActivity#150 cornerRadius=0.000000
02-23 09:39:27.587  1478  1544 D SurfaceComposerClient: setCornerRadius ## cb7041 com.sec.android.app.launcher/com.sec.android.app.launcher.activities.LauncherActivity#150 cornerRadius=0.000000
02-23 09:39:27.588  1952  1952 W Settings: Setting accessibility_reduce_transparency has moved from android.provider.Settings.System to android.provider.Settings.Global, returning read-only value.
02-23 09:39:27.588  1952  1952 I WindowManager: WindowManagerGlobal#addView, ty=2017, view=com.android.internal.policy.DecorView{3f462d0 V.E...... R.....I. 0,0-0,0}[Turn on Microphone access?], caller=android.view.WindowManagerImpl.addView:158 android.app.Dialog.show:540 com.android.systemui.sensorprivacy.SensorUseStartedActivity.onCreate:209
02-23 09:39:27.589  1952  1952 D ViewRootImpl: desktopMode is false
02-23 09:39:27.589  1952  1952 I ViewRootImpl: dVRR is disabled
02-23 09:39:27.589  1952  2088 D NativeCustomFrequencyManager: [NativeCFMS] BpCustomFrequencyManager::BpCustomFrequencyManager()
02-23 09:39:27.590  1084  2802 I SurfaceFlinger: id=414 createSurf, flag=84004, WindowToken{8e2eb2d type=2017 android.os.BinderProxy@565be44}#414
02-23 09:39:27.591  1478  7027 D InputTransport: Input channel constructed: 'e140862', fd=949
02-23 09:39:27.591  1478  7027 D InputTransport: Input channel constructed: 'e140862', fd=962
02-23 09:39:27.591  1478  7027 D InputTransport: Input channel constructed: 'e140862', fd=963
02-23 09:39:27.591  1478  7027 D InputTransport: Input channel destroyed: 'e140862', fd=962
02-23 09:39:27.591  1084  1149 I SurfaceFlinger: id=415 createSurf, flag=84004, e140862 Turn on Microphone access?#415
02-23 09:39:27.592  1084  1084 I SurfaceFlinger: [WindowToken{8e2eb2d type=2017 android.os.BinderProxy@565be44}#414] attach to parent LayerHierarchy{RequestedLayerState{Leaf:18:18#27 parentId=26} 3 children}
02-23 09:39:27.592  1084  1084 I SurfaceFlinger: [e140862 Turn on Microphone access?#415] attach to parent LayerHierarchy{RequestedLayerState{WindowToken{8e2eb2d type=2017 android.os.BinderProxy@565be44}#414 parentId=27} 1 children}
02-23 09:39:27.592  1084  1149 I SurfaceFlinger: id=416 createSurf, flag=24000, Surface(name=49ff83f NavigationBar0)/@0x35a0081 - animation-leash of insets_animation#416
02-23 09:39:27.594  1084  1148 I SurfaceFlinger: id=417 createSurf, flag=24000, Surface(name=804b987 StatusBar)/@0x34e3880 - animation-leash of insets_animation#417
02-23 09:39:27.594 30975 31251 I Routine@Core[4.9.04.13]: AppFunctionsActionHandler: isSupported: supportStatus = SUPPORTED, tag = appfunction://com.samsung.android.app.reminder.data.crossappactions#TaskFunctions_findTasks
02-23 09:39:27.595  1478  7027 D InputTransport: Input channel destroyed: 'e140862', fd=963
02-23 09:39:27.595  1952  1952 D InputTransport: Input channel constructed: 'e140862', fd=615
02-23 09:39:27.595  1952  1952 I InsetsController: onStateChanged: host=Turn on Microphone access?, from=android.view.ViewRootImpl.onInsetsStateChanged:3026, state=InsetsState: {mDisplayFrame=Rect(0, 0 - 1080, 2340), mDisplayCutout=DisplayCutout{insets=Rect(0, 74 - 0, 0) waterfall=Insets{left=0, top=0, right=0, bottom=0} boundingRect={Bounds=[Rect(0, 0 - 0, 0), Rect(514, 0 - 566, 74), Rect(0, 0 - 0, 0), Rect(0, 0 - 0, 0)]} cutoutPathParserInfo={CutoutPathParserInfo{displayWidth=1080 displayHeight=2340 physicalDisplayWidth=1080 physicalDisplayHeight=2340 density={2.8125} cutoutSpec={M 0,0 H -9.244444444444444 V 26.31111111111111 H 9.244444444444444 V 0 H 0 Z @dp} rotation={0} scale={1.0} physicalPixelDisplaySizeRatio={1.0}}} sideOverrides={}}, mRoundedCorners=RoundedCorners{[RoundedCorner{position=TopLeft, radius=101, center=Point(101, 101)}, RoundedCorner{position=TopRight, radius=101, center=Point(979, 101)}, RoundedCorner{position=BottomRight, radius=101, center=Point(979, 2239)}, RoundedCorner{position=BottomLeft, radius=101, center=Point(101, 2239)}]}  mRoundedCornerFrame=Rect(0, 0 - 0, 0), mPrivacyIndicatorBounds=PrivacyIndicatorBounds {static bounds=Rect(956, 0 - 1080, 74) rotation=0}, mDisplayShape=DisplayShape{ spec=-311912193 displayWidth=1080 displayHeight=2340 physicalPixelDisplaySizeRatio=1.0 rotation=0 offsetX=0 offsetY=0 scale=1.0}, mSources= { InsetsSource: {df280005 mType=mandatorySystemGestures mFrame=[0,0][1080,108] mVisible=true mFlags= mSideHint=TOP mBoundingRects=null}, InsetsSource: {27 mType=displayCutout mFrame=[0,0][1080,74] mVisible=true mFlags= mSideHint=TOP mBoundingRects=null}, InsetsSource: {9ab0001 mType=navigationBars mFrame=[0,2298][1080,2340] mVisible=true mFlags=SUPPRESS_SCRIM mSideHint=BOTTOM mBoundingRects=null}, InsetsSource: {9ab0004 mType=systemGestures mFrame=[0,0][84,2340] mVisible=true mFlags= mSideHint=LEFT mBoundingRects=null}, InsetsSource: {9ab0005 mType=mandatorySystemGestures mFrame=[0,2250][1080,2340] mVisible=true mFlags= mSideHint=BOTTOM mBoundingRects=null}, InsetsSource: {9ab0006 mType=tappableElement mFrame=[0,0][0,0] mVisible=true mFlags= mSideHint=NONE mBoundingRects=null}, InsetsSource: {9ab0024 mType=systemGestures mFrame=[996,0][1080,2340] mVisible=true mFlags= mSideHint=RIGHT mBoundingRects=null} }
02-23 09:39:27.596  1952  1952 I VRI[Turn on Microphone access?]@209a2c9: synced displayState. AttachInfo displayState=2
02-23 09:39:27.597  1952  1952 I VRI[Turn on Microphone access?]@209a2c9: setView = com.android.internal.policy.DecorView@3f462d0 IsHRR=false mFlingFrameRateChange=0 TM=true
02-23 09:39:27.597 30975 31251 I Routine@Core[4.9.04.13]: TASKD/ActionTaskAdapterFactoryImpl: getAdapter - metaId=appfunction://com.samsung.android.app.reminder.data.crossappactions#TaskFunctions_createTask(id=299)
02-23 09:39:27.598  1952  1952 I DecorView: setWindowBackground: isPopOver=false color=0 d=android.graphics.drawable.ColorDrawable@f41bbe8
02-23 09:39:27.600  1084  1084 I SurfaceFlinger: RequestedLayer [WindowToken{8e2eb2d type=2017 android.os.BinderProxy@565be44}#414] hidden!! flag  from(1) --> to(0)
02-23 09:39:27.600  1084  1084 I SurfaceFlinger: RequestedLayer [e140862 Turn on Microphone access?#415] hidden!! flag  from(1) --> to(0)
02-23 09:39:27.600  1084  1084 I SurfaceFlinger: [LayerHierarchy{RequestedLayerState{49ff83f NavigationBar0#88 parentId=416} 1 children}] reparent to LayerHierarchy{RequestedLayerState{Surface(name=49ff83f NavigationBar0)/@0x35a0081 - animation-leash of insets_animation#416 parentId=87} 1 children}
02-23 09:39:27.600  1084  1084 I SurfaceFlinger: [LayerHierarchy{RequestedLayerState{804b987 StatusBar#95 parentId=417} 1 children}] reparent to LayerHierarchy{RequestedLayerState{Surface(name=804b987 StatusBar)/@0x34e3880 - animation-leash of insets_animation#417 parentId=94} 1 children}
02-23 09:39:27.600  1084  1084 I SurfaceFlinger: [LayerHierarchy{RequestedLayerState{Surface(name=49ff83f NavigationBar0)/@0x35a0081 - animation-leash of insets_animation#411} no children}] reparent to OffscreenRoot
02-23 09:39:27.600  1084  1084 I SurfaceFlinger: [LayerHierarchy{RequestedLayerState{Surface(name=49ff83f NavigationBar0)/@0x35a0081 - animation-leash of insets_animation#411} no children}] RelativeParent to null
02-23 09:39:27.600  1084  1084 I SurfaceFlinger: [LayerHierarchy{RequestedLayerState{Surface(name=804b987 StatusBar)/@0x34e3880 - animation-leash of insets_animation#412} no children}] reparent to OffscreenRoot
02-23 09:39:27.600  1084  1084 I SurfaceFlinger: [LayerHierarchy{RequestedLayerState{Surface(name=804b987 StatusBar)/@0x34e3880 - animation-leash of insets_animation#412} no children}] RelativeParent to null
02-23 09:39:27.600  1084  1084 I SurfaceFlinger: [Surface(name=49ff83f NavigationBar0)/@0x35a0081 - animation-leash of insets_animation#416] attach to parent LayerHierarchy{RequestedLayerState{WindowToken{f64cb74 type=2019 android.os.BinderProxy@7fc9286}#87 parentId=34} 1 children}
02-23 09:39:27.600  1084  1084 I SurfaceFlinger: [Surface(name=804b987 StatusBar)/@0x34e3880 - animation-leash of insets_animation#417] attach to parent LayerHierarchy{RequestedLayerState{WindowToken{132c5c6 type=2000 android.os.BinderProxy@4df7c08}#94 parentId=17} 1 children}
02-23 09:39:27.602  1952  1952 D ViewRootImpl: desktopMode is false
02-23 09:39:27.602  1952  1952 I ViewRootImpl: dVRR is disabled
02-23 09:39:27.602  1952  2088 D NativeCustomFrequencyManager: [NativeCFMS] BpCustomFrequencyManager::BpCustomFrequencyManager()
02-23 09:39:27.603  1478  7027 D InputTransport: Input channel constructed: '90d86b ', fd=962
02-23 09:39:27.603  1478  7027 D InputTransport: Input channel constructed: '90d86b ', fd=963
02-23 09:39:27.603  1478  7027 D InputTransport: Input channel constructed: '90d86b ', fd=979
02-23 09:39:27.603  1478  7027 D InputTransport: Input channel destroyed: '90d86b ', fd=963
02-23 09:39:27.603  1084  2802 I SurfaceFlinger: id=418 createSurf, flag=84004, 90d86b com.android.systemui/com.android.systemui.sensorprivacy.SensorUseStartedActivity#418
02-23 09:39:27.604  1478  7027 D InputTransport: Input channel destroyed: '90d86b ', fd=979
02-23 09:39:27.604  1952  1952 D InputTransport: Input channel constructed: '90d86b ', fd=646
02-23 09:39:27.604  1952  1952 I InsetsController: onStateChanged: host=com.android.systemui/com.android.systemui.sensorprivacy.SensorUseStartedActivity, from=android.view.ViewRootImpl.onInsetsStateChanged:3026, state=InsetsState: {mDisplayFrame=Rect(0, 0 - 1080, 2340), mDisplayCutout=DisplayCutout{insets=Rect(0, 74 - 0, 0) waterfall=Insets{left=0, top=0, right=0, bottom=0} boundingRect={Bounds=[Rect(0, 0 - 0, 0), Rect(514, 0 - 566, 74), Rect(0, 0 - 0, 0), Rect(0, 0 - 0, 0)]} cutoutPathParserInfo={CutoutPathParserInfo{displayWidth=1080 displayHeight=2340 physicalDisplayWidth=1080 physicalDisplayHeight=2340 density={2.8125} cutoutSpec={M 0,0 H -9.244444444444444 V 26.31111111111111 H 9.244444444444444 V 0 H 0 Z @dp} rotation={0} scale={1.0} physicalPixelDisplaySizeRatio={1.0}}} sideOverrides={}}, mRoundedCorners=RoundedCorners{[RoundedCorner{position=TopLeft, radius=101, center=Point(101, 101)}, RoundedCorner{position=TopRight, radius=101, center=Point(979, 101)}, RoundedCorner{position=BottomRight, radius=101, center=Point(979, 2239)}, RoundedCorner{position=BottomLeft, radius=101, center=Point(101, 2239)}]}  mRoundedCornerFrame=Rect(0, 0 - 1080, 2340), mPrivacyIndicatorBounds=PrivacyIndicatorBounds {static bounds=Rect(956, 0 - 1080, 74) rotation=0}, mDisplayShape=DisplayShape{ spec=-311912193 displayWidth=1080 displayHeight=2340 physicalPixelDisplaySizeRatio=1.0 rotation=0 offsetX=0 offsetY=0 scale=1.0}, mSources= { InsetsSource: {df280000 mType=statusBars mFrame=[0,0][1080,74] mVisible=true mFlags= mSideHint=TOP mBoundingRects=null}, InsetsSource: {df280005 mType=mandatorySystemGestures mFrame=[0,0][1080,108] mVisible=true mFlags= mSideHint=TOP mBoundingRects=null}, InsetsSource: {df280006 mType=tappableElement mFrame=[0,0][1080,74] mVisible=true mFlags= mSideHint=TOP mBoundingRects=null}, InsetsSource: {27 mType=displayCutout mFrame=[0,0][1080,74] mVisible=true mFlags= mSideHint=TOP mBoundingRects=null}, InsetsSource: {9ab0001 mType=navigationBars mFrame=[0,2298][1080,2340] mVisible=true mFlags=SUPPRESS_SCRIM mSideHint=BOTTOM mBoundingRects=null}, InsetsSource: {9ab0004 mType=systemGestures mFrame=[0,0][84,2340] mVisible=true mFlags= mSideHint=LEFT mBoundingRects=null}, InsetsSource: {9ab0005 mType=mandatorySystemGestures mFrame=[0,2250][1080,2340] mVisible=true mFlags= mSideHint=BOTTOM mBoundingRects=null}, InsetsSource: {9ab0006 mType=tappableElement mFrame=[0,0][0,0] mVisible=true mFlags= mSideHint=NONE mBoundingRects=null}, InsetsSource: {9ab0024 mType=systemGestures mFrame=[996,0][1080,2340] mVisible=true mFlags= mSideHint=RIGHT mBoundingRects=null} }
02-23 09:39:27.604  1952  1952 I VRI[SensorUseStartedActivity]@34ab932: synced displayState. AttachInfo displayState=2
02-23 09:39:27.605  1952  1952 I VRI[SensorUseStartedActivity]@34ab932: setView = com.android.internal.policy.DecorView@843d039 IsHRR=false mFlingFrameRateChange=0 TM=true
02-23 09:39:27.605  1952  1952 I {OngoingActivityController}: onTaskFocusChanged but OA data is empty
02-23 09:39:27.605  1952  2043 I VRI[test]@8c026b: onActiveControlsChanged, removed=false, mAdded=true, caller=android.view.ViewRootImpl.handleInsetsControlChanged:3002 android.view.ViewRootImpl$ViewRootHandler.handleMessageImpl:8352 android.view.ViewRootImpl$ViewRootHandler.handleMessage:8301 android.os.Handler.dispatchMessage:110 android.os.Looper.loopOnce:273
02-23 09:39:27.606  1084  2802 I SurfaceFlinger: id=404 Removed Surface(name=49ff83f NavigationBar0)/@0x35a0081 - animation-leash of insets_animation#404 (154)
02-23 09:39:27.606  1084  2802 I SurfaceFlinger: id=405 Removed Surface(name=804b987 StatusBar)/@0x34e3880 - animation-leash of insets_animation#405 (154)
02-23 09:39:27.606  1952  2088 D HWUI    : HWUI - treat SMPTE_170M as sRGB
02-23 09:39:27.606  1952  1952 D View    : semSetBlurInfo, blurInfo : android.view.SemBlurInfo@c5fe5f6 {BLUR_MODE_WINDOW, mBlurRadius = 300, mBackgroundBlurColor = 218103808, mCornerRadiusTL = 73.125, mCornerRadiusTR = 73.125, mCornerRadiusBL = 73.125, mCornerRadiusBR = 73.125, mClipRectLeft = 0, mClipRectTop = 0, mClipRectRight = 2147483647, mClipRectBottom = 2147483647, mColorCurve = android.view.SemBlurInfo$ColorCurve@f2a0df7 {minX = 15.0, minY = 208.1, maxX = 235.0, maxY = 246.3, curveBias = 25.0, saturation = 0.75}}, com.android.internal.widget.AlertDialogLayout{9336464 V.E...... ......I. 0,0-0,0 #10204bd android:id/parentPanel}
02-23 09:39:27.606  2422 28754 I HoneySpace.SystemUiRepository: systemUiFlags: dialog_showing|allow_gesture|awake
02-23 09:39:27.607  2422  2614 I HoneySpace.TaskbarEventTracker: invokeEvent() called with: event = SystemUiStateChanged(stateFlags=268599296)
02-23 09:39:27.608  1055  1055 E SecVibrator-HAL-AIDL-EXT: V_5_0: performPrebakedHapticPattern 10 : 10000 : 0
02-23 09:39:27.609  1084  1084 I SurfaceFlinger: destroyed Surface(name=49ff83f NavigationBar0)/@0x35a0081 - animation-leash of insets_animation#404
02-23 09:39:27.609  1084  1084 I SurfaceFlinger: destroyed Surface(name=804b987 StatusBar)/@0x34e3880 - animation-leash of insets_animation#405
02-23 09:39:27.609  1084  1084 I SurfaceFlinger: [90d86b com.android.systemui/com.android.systemui.sensorprivacy.SensorUseStartedActivity#418] attach to parent LayerHierarchy{RequestedLayerState{ActivityRecord{253711889 u0 com.android.systemui/.sensorprivacy.SensorUseStartedActivity t14130}#410 parentId=373} 1 children}
02-23 09:39:27.609  1055  1055 E SecVibrator-HAL-AIDL-CORE: HW_API: [setForceFeedbackAmplitude]amplitude: 10000
02-23 09:39:27.610  1478  2204 I WindowManager: Relayout Window{e140862 u0 Turn on Microphone access?}: viewVisibility=0 req=1080x577 ty=2017 d0
02-23 09:39:27.610  1084  1084 I Layer   : id=404 Destroyed Surface(name=49ff83f NavigationBar0)/@0x35a0081 - animation-leash of insets_animation#404
02-23 09:39:27.610  1084  1084 I Layer   : id=405 Destroyed Surface(name=804b987 StatusBar)/@0x34e3880 - animation-leash of insets_animation#405
02-23 09:39:27.610  1084  1148 I SurfaceFlinger: id=419 createSurf, flag=44004, Turn on Microphone access?$_1952#419
02-23 09:39:27.611  1478  2204 D SurfaceComposerClient: setCornerRadius ## 90d86b com.android.systemui/com.android.systemui.sensorprivacy.SensorUseStartedActivity#418 cornerRadius=0.000000
02-23 09:39:27.611  1478  2204 D SurfaceComposerClient: setCornerRadius ## cb7041 com.sec.android.app.launcher/com.sec.android.app.launcher.activities.LauncherActivity#150 cornerRadius=0.000000
02-23 09:39:27.611  1478  2204 D SurfaceComposerClient: setCornerRadius ## 90d86b com.android.systemui/com.android.systemui.sensorprivacy.SensorUseStartedActivity#418 cornerRadius=0.000000
02-23 09:39:27.611  1478  2204 D SurfaceComposerClient: setCornerRadius ## cb7041 com.sec.android.app.launcher/com.sec.android.app.launcher.activities.LauncherActivity#150 cornerRadius=0.000000
02-23 09:39:27.612  1478  2204 I WindowManager: Relayout hash=e140862, pid=1952, syncId=-1: mAttrs={(0,0)(fillxwrap) gr=BOTTOM CENTER_VERTICAL sim={adjust=pan forwardNavigation} ty=STATUS_BAR_SUB_PANEL fmt=TRANSLUCENT wanim=0x1030309 surfaceInsets=Rect(46, 46 - 46, 46) (manual) (!preservePreviousSurfaceInsets)
02-23 09:39:27.612  1478  2204 I WindowManager:   fl=18a0002
02-23 09:39:27.612  1478  2204 I WindowManager:   pfl=10080880
02-23 09:39:27.612  1478  2204 I WindowManager:   apr=10
02-23 09:39:27.612  1478  2204 I WindowManager:   bhv=1
02-23 09:39:27.612  1478  2204 I WindowManager:   fitTypes=206
02-23 09:39:27.612  1478  2204 I WindowManager:   frameRateBoostOnTouch=true
02-23 09:39:27.612  1478  2204 I WindowManager:   dvrrWindowFrameRateHint=true
02-23 09:39:27.612  1478  2204 I WindowManager:  dimAmount=0.18 dimDuration=150 naviIconColor=0
02-23 09:39:27.612  1478  2204 I WindowManager:   sfl=100000}
02-23 09:39:27.612  1952  1952 I InsetsSourceConsumer: applyRequestedVisibilityToControl: visible=true, type=navigationBars, host=Turn on Microphone access?
02-23 09:39:27.613  1952  1952 I InsetsSourceConsumer: applyRequestedVisibilityToControl: visible=true, type=statusBars, host=Turn on Microphone access?
02-23 09:39:27.613  1952  1952 I BLASTBufferQueue_Java: new BLASTBufferQueue, mName= VRI[Turn on Microphone access?]@209a2c9 mNativeObject= 0xb4000075f8b24cd0 caller= android.view.ViewRootImpl.updateBlastSurfaceIfNeeded:3585 android.view.ViewRootImpl.relayoutWindow:11685 android.view.ViewRootImpl.performTraversals:4804 android.view.ViewRootImpl.doTraversal:3924 android.view.ViewRootImpl$TraversalRunnable.run:12903 android.view.Choreographer$CallbackRecord.run:1901 android.view.Choreographer$CallbackRecord.run:1910 android.view.Choreographer.doCallbacks:1367 android.view.Choreographer.doFrame:1292 android.view.Choreographer$FrameDisplayEventReceiver.run:1870
02-23 09:39:27.613  1952  1952 I BLASTBufferQueue_Java: update, w= 1172 h= 669 mName = VRI[Turn on Microphone access?]@209a2c9 mNativeObject= 0xb4000075f8b24cd0 sc.mNativeObject= 0xb4000075c86bcdd0 format= -3 caller= android.view.ViewRootImpl.updateBlastSurfaceIfNeeded:3590 android.view.ViewRootImpl.relayoutWindow:11685 android.view.ViewRootImpl.performTraversals:4804 android.view.ViewRootImpl.doTraversal:3924 android.view.ViewRootImpl$TraversalRunnable.run:12903 android.view.Choreographer$CallbackRecord.run:1901
02-23 09:39:27.613  1952  1952 I VRI[Turn on Microphone access?]@209a2c9: Relayout returned: old=(0,74,1080,2298) new=(0,1721,1080,2298) relayoutAsync=false req=(1080,577)0 dur=3 res=0x3 s={true 0xb400007758c074b0} ch=true seqId=0
02-23 09:39:27.613  1952  1952 I VRI[Turn on Microphone access?]@209a2c9: performConfigurationChange setNightDimText nightDimLevel=0
02-23 09:39:27.614  1952  1952 D VRI[Turn on Microphone access?]@209a2c9: mThreadedRenderer.initialize() mSurface={isValid=true 0xb400007758c074b0} hwInitialized=true
02-23 09:39:27.614  1952  1952 D ScrollView:  onsize change changed
02-23 09:39:27.614  1952  1952 D ScrollView:  onsize change changed
02-23 09:39:27.614  1952  1952 D VRI[Turn on Microphone access?]@209a2c9: reportNextDraw android.view.ViewRootImpl.performTraversals:5443 android.view.ViewRootImpl.doTraversal:3924 android.view.ViewRootImpl$TraversalRunnable.run:12903 android.view.Choreographer$CallbackRecord.run:1901 android.view.Choreographer$CallbackRecord.run:1910
02-23 09:39:27.615  1952  1952 D VRI[Turn on Microphone access?]@209a2c9: Setup new sync=wmsSync-VRI[Turn on Microphone access?]@209a2c9#76
02-23 09:39:27.615  1952  1952 I VRI[Turn on Microphone access?]@209a2c9: Creating new active sync group VRI[Turn on Microphone access?]@209a2c9#77
02-23 09:39:27.615  1952  1952 D VRI[Turn on Microphone access?]@209a2c9: registerCallbacksForSync syncBuffer=false
02-23 09:39:27.616  1084  1084 I SurfaceFlinger: [Turn on Microphone access?$_1952#419] attach to parent LayerHierarchy{RequestedLayerState{e140862 Turn on Microphone access?#415 parentId=414} 1 children}
02-23 09:39:27.616  1952  2087 D SurfaceComposerClient: [SEC_SF_EFFECTS] setBlurRegions Turn on Microphone access?$_1952#419 ## {radius=300, cornerRadii=[73.125, 73.125, 73.125, 73.125], alpha=1.000, rect=[74, 91, 1098, 578], clipRect=[0, 0, 2147483647, 2147483647], colorCurve=[15.000000, 208.100006, 235.000000, 246.300003], curveBias=25.000000, saturation=0.750000, vibrance=[0.000000, (0.000000, 1.000000)], pathData size=0, BlurTint=[(0.000000 0.000000 0.000000) 0.000000, DISABLED]
02-23 09:39:27.617  1952  2087 D VRI[Turn on Microphone access?]@209a2c9: Received frameDrawingCallback syncResult=0 frameNum=1.
02-23 09:39:27.617  1952  2087 I VRI[Turn on Microphone access?]@209a2c9: mWNT: t=0xb4000075988593d0 mBlastBufferQueue=0xb4000075f8b24cd0 fn= 1 HdrRenderState mRenderHdrSdrRatio=1.0 caller= android.view.ViewRootImpl$12.onFrameDraw:15441 android.view.ThreadedRenderer$1.onFrameDraw:718 <bottom of call stack>
02-23 09:39:27.617  1952  2087 I VRI[Turn on Microphone access?]@209a2c9: Setting up sync and frameCommitCallback
02-23 09:39:27.623  1952  2088 I BLASTBufferQueue: [VRI[Turn on Microphone access?]@209a2c9#27](f:0,a:0,s:0) onFrameAvailable the first frame is available
02-23 09:39:27.623  1952  2088 I VRI[Turn on Microphone access?]@209a2c9: Received frameCommittedCallback lastAttemptedDrawFrameNum=1 didProduceBuffer=true
02-23 09:39:27.623  1055  1055 E SecVibrator-HAL-AIDL-CORE: HW_API: [uploadForceFeedbackeffect]ioctl success ,uploaded effect with ID: 0
02-23 09:39:27.623  1055  1055 E SecVibrator-HAL-AIDL-CORE: HW_API: do_on for timeoutMs: 1000
02-23 09:39:27.623  1084  2537 I SurfaceFlinger: [Turn on Microphone access?$_1952#419] setTransactionState with the first frame. bufferData(ID: 8383776161979, frameNumber: 1)
02-23 09:39:27.624  1055  1055 E SecVibrator-HAL-AIDL-CORE: HW_API: [triggerForceFeedbackVibration]on: 1
02-23 09:39:27.625  1952  2088 D HWUI    : CFMS:: SetUp Pid : 1952    Tid : 2088
02-23 09:39:27.625  1952  1952 D VRI[Turn on Microphone access?]@209a2c9: reportDrawFinished seqId=0
02-23 09:39:27.626  1478  1544 D SurfaceComposerClient: setCornerRadius ## cb7041 com.sec.android.app.launcher/com.sec.android.app.launcher.activities.LauncherActivity#150 cornerRadius=0.000000
02-23 09:39:27.627  1478  3192 D MotionRecognitionService: inject vibrator info = 1.0
02-23 09:39:27.629  1084  2802 I SurfaceFlinger: id=420 createSurf, flag=24004, Surface(name=e140862 Turn on Microphone access?)/@0xe1efe0 - animation-leash of window_animation#420
02-23 09:39:27.630  1478  1544 D SurfaceComposerClient: setCornerRadius ## 90d86b com.android.systemui/com.android.systemui.sensorprivacy.SensorUseStartedActivity#418 cornerRadius=0.000000
02-23 09:39:27.630  1478  1544 D SurfaceComposerClient: setCornerRadius ## cb7041 com.sec.android.app.launcher/com.sec.android.app.launcher.activities.LauncherActivity#150 cornerRadius=0.000000
02-23 09:39:27.630  1478  1518 I WindowManager: Relayout Window{90d86b u0 com.android.systemui/com.android.systemui.sensorprivacy.SensorUseStartedActivity}: viewVisibility=0 req=1068x0 ty=1 d0
02-23 09:39:27.631  1084  2537 I SurfaceFlinger: id=421 createSurf, flag=44004, com.android.systemui/com.android.systemui.sensorprivacy.SensorUseStartedActivity$_1952#421
02-23 09:39:27.631  1478  1518 D SurfaceComposerClient: setCornerRadius ## 90d86b com.android.systemui/com.android.systemui.sensorprivacy.SensorUseStartedActivity#418 cornerRadius=0.000000
02-23 09:39:27.631  1478  1518 D SurfaceComposerClient: setCornerRadius ## cb7041 com.sec.android.app.launcher/com.sec.android.app.launcher.activities.LauncherActivity#150 cornerRadius=0.000000
02-23 09:39:27.632  1478  1518 D SurfaceComposerClient: setCornerRadius ## 90d86b com.android.systemui/com.android.systemui.sensorprivacy.SensorUseStartedActivity#418 cornerRadius=0.000000
02-23 09:39:27.632  1478  1518 D SurfaceComposerClient: setCornerRadius ## cb7041 com.sec.android.app.launcher/com.sec.android.app.launcher.activities.LauncherActivity#150 cornerRadius=0.000000
02-23 09:39:27.632  1478  1518 I WindowManager: Relayout hash=90d86b, pid=1952, syncId=-1: mAttrs={(0,0)(wrapxwrap) gr=BOTTOM CENTER sim={adjust=pan} ty=BASE_APPLICATION fmt=TRANSPARENT wanim=0x1030309 surfaceInsets=Rect(6, 6 - 6, 6)
02-23 09:39:27.632  1478  1518 I WindowManager:   fl=1800002
02-23 09:39:27.632  1478  1518 I WindowManager:   pfl=40000890
02-23 09:39:27.632  1478  1518 I WindowManager:   apr=10
02-23 09:39:27.632  1478  1518 I WindowManager:   bhv=1
02-23 09:39:27.632  1478  1518 I WindowManager:   fitTypes=207
02-23 09:39:27.632  1478  1518 I WindowManager:   frameRateBoostOnTouch=true
02-23 09:39:27.632  1478  1518 I WindowManager:   dvrrWindowFrameRateHint=true
02-23 09:39:27.632  1478  1518 I WindowManager:  dimAmount=0.18 naviIconColor=0
02-23 09:39:27.632  1478  1518 I WindowManager:   sfl=100000}
02-23 09:39:27.633  1952  1952 I InsetsController: onStateChanged: host=com.android.systemui/com.android.systemui.sensorprivacy.SensorUseStartedActivity, from=android.view.ViewRootImpl.onInsetsStateChanged:3026, state=InsetsState: {mDisplayFrame=Rect(0, 0 - 1080, 2340), mDisplayCutout=DisplayCutout{insets=Rect(0, 74 - 0, 0) waterfall=Insets{left=0, top=0, right=0, bottom=0} boundingRect={Bounds=[Rect(0, 0 - 0, 0), Rect(514, 0 - 566, 74), Rect(0, 0 - 0, 0), Rect(0, 0 - 0, 0)]} cutoutPathParserInfo={CutoutPathParserInfo{displayWidth=1080 displayHeight=2340 physicalDisplayWidth=1080 physicalDisplayHeight=2340 density={2.8125} cutoutSpec={M 0,0 H -9.244444444444444 V 26.31111111111111 H 9.244444444444444 V 0 H 0 Z @dp} rotation={0} scale={1.0} physicalPixelDisplaySizeRatio={1.0}}} sideOverrides={}}, mRoundedCorners=RoundedCorners{[RoundedCorner{position=TopLeft, radius=101, center=Point(101, 101)}, RoundedCorner{position=TopRight, radius=101, center=Point(979, 101)}, RoundedCorner{position=BottomRight, radius=101, center=Point(979, 2239)}, RoundedCorner{position=BottomLeft, radius=101, center=Point(101, 2239)}]}  mRoundedCornerFrame=Rect(0, 0 - 1080, 2340), mPrivacyIndicatorBounds=PrivacyIndicatorBounds {static bounds=Rect(956, 0 - 1080, 74) rotation=0}, mDisplayShape=DisplayShape{ spec=-311912193 displayWidth=1080 displayHeight=2340 physicalPixelDisplaySizeRatio=1.0 rotation=0 offsetX=0 offsetY=0 scale=1.0}, mSources= { InsetsSource: {df280000 mType=statusBars mFrame=[0,0][1080,74] mVisible=true mFlags= mSideHint=TOP mBoundingRects=null}, InsetsSource: {df280005 mType=mandatorySystemGestures mFrame=[0,0][1080,108] mVisible=true mFlags= mSideHint=TOP mBoundingRects=null}, InsetsSource: {df280006 mType=tappableElement mFrame=[0,0][1080,74] mVisible=true mFlags= mSideHint=TOP mBoundingRects=null}, InsetsSource: {3 mType=ime mFrame=[0,0][0,0] mVisible=false mFlags= mSideHint=NONE mBoundingRects=null}, InsetsSource: {27 mType=displayCutout mFrame=[0,0][1080,74] mVisible=true mFlags= mSideHint=TOP mBoundingRects=null}, InsetsSource: {9ab0001 mType=navigationBars mFrame=[0,2298][1080,2340] mVisible=true mFlags=SUPPRESS_SCRIM mSideHint=BOTTOM mBoundingRects=null}, InsetsSource: {9ab0004 mType=systemGestures mFrame=[0,0][84,2340] mVisible=true mFlags= mSideHint=LEFT mBoundingRects=null}, InsetsSource: {9ab0005 mType=mandatorySystemGestures mFrame=[0,2250][1080,2340] mVisible=true mFlags= mSideHint=BOTTOM mBoundingRects=null}, InsetsSource: {9ab0006 mType=tappableElement mFrame=[0,0][0,0] mVisible=true mFlags= mSideHint=NONE mBoundingRects=null}, InsetsSource: {9ab0024 mType=systemGestures mFrame=[996,0][1080,2340] mVisible=true mFlags= mSideHint=RIGHT mBoundingRects=null} }
02-23 09:39:27.633  1084  1084 I SurfaceFlinger: [Surface(name=e140862 Turn on Microphone access?)/@0xe1efe0 - animation-leash of window_animation#420] attach to parent LayerHierarchy{RequestedLayerState{WindowToken{8e2eb2d type=2017 android.os.BinderProxy@565be44}#414 parentId=27} 2 children}
02-23 09:39:27.633  1084  1084 I SurfaceFlinger: [com.android.systemui/com.android.systemui.sensorprivacy.SensorUseStartedActivity$_1952#421] attach to parent LayerHierarchy{RequestedLayerState{90d86b com.android.systemui/com.android.systemui.sensorprivacy.SensorUseStartedActivity#418 parentId=410} 1 children}
02-23 09:39:27.633  1952  1952 I BLASTBufferQueue_Java: new BLASTBufferQueue, mName= VRI[SensorUseStartedActivity]@34ab932 mNativeObject= 0xb4000075f8b58000 caller= android.view.ViewRootImpl.updateBlastSurfaceIfNeeded:3585 android.view.ViewRootImpl.relayoutWindow:11685 android.view.ViewRootImpl.performTraversals:4804 android.view.ViewRootImpl.doTraversal:3924 android.view.ViewRootImpl$TraversalRunnable.run:12903 android.view.Choreographer$CallbackRecord.run:1901 android.view.Choreographer$CallbackRecord.run:1910 android.view.Choreographer.doCallbacks:1367 android.view.Choreographer.doFrame:1292 android.view.Choreographer$FrameDisplayEventReceiver.run:1870
02-23 09:39:27.634  1952  1952 I BLASTBufferQueue_Java: update, w= 1080 h= 13 mName = VRI[SensorUseStartedActivity]@34ab932 mNativeObject= 0xb4000075f8b58000 sc.mNativeObject= 0xb4000075c86c1c90 format= -2 caller= android.view.ViewRootImpl.updateBlastSurfaceIfNeeded:3590 android.view.ViewRootImpl.relayoutWindow:11685 android.view.ViewRootImpl.performTraversals:4804 android.view.ViewRootImpl.doTraversal:3924 android.view.ViewRootImpl$TraversalRunnable.run:12903 android.view.Choreographer$CallbackRecord.run:1901
02-23 09:39:27.634  1084  1309 D SurfaceFlinger: [input] setFocusedWindow: e140862 Turn on Microphone access?
02-23 09:39:27.634  1952  1952 I VRI[SensorUseStartedActivity]@34ab932: Relayout returned: old=(0,74,1080,2298) new=(6,2298,1074,2298) relayoutAsync=false req=(1068,0)0 dur=7 res=0x3 s={true 0xb400007758c0f570} ch=true seqId=0
02-23 09:39:27.634  1478  2204 D InputDispatcher: Once focus requested (0): e140862 Turn on Microphone access?
02-23 09:39:27.634  1952  1952 I VRI[SensorUseStartedActivity]@34ab932: performConfigurationChange setNightDimText nightDimLevel=0
02-23 09:39:27.634  1478  2204 D InputDispatcher: Focus request (0): e140862 Turn on Microphone access? but waiting because NO_WINDOW
02-23 09:39:27.634  1952  1952 D VRI[SensorUseStartedActivity]@34ab932: mThreadedRenderer.initialize() mSurface={isValid=true 0xb400007758c0f570} hwInitialized=true
02-23 09:39:27.635  1952  1952 D VRI[SensorUseStartedActivity]@34ab932: reportNextDraw android.view.ViewRootImpl.performTraversals:5443 android.view.ViewRootImpl.doTraversal:3924 android.view.ViewRootImpl$TraversalRunnable.run:12903 android.view.Choreographer$CallbackRecord.run:1901 android.view.Choreographer$CallbackRecord.run:1910
02-23 09:39:27.635  1952  1952 D VRI[SensorUseStartedActivity]@34ab932: Setup new sync=wmsSync-VRI[SensorUseStartedActivity]@34ab932#78
02-23 09:39:27.635  1952  1952 I VRI[SensorUseStartedActivity]@34ab932: Creating new active sync group VRI[SensorUseStartedActivity]@34ab932#79
02-23 09:39:27.635  1952  1952 D VRI[SensorUseStartedActivity]@34ab932: reportDrawFinished seqId=0
02-23 09:39:27.636  1952  2088 D HWUI    : HWUI - treat SMPTE_170M as sRGB
02-23 09:39:27.637  1084  1148 I SurfaceFlinger: id=422 createSurf, flag=20004, Dim Layer for - Display 0 name="Built-in Screen"#422
02-23 09:39:27.638  1952  1952 I VRI[SensorUseStartedActivity]@34ab932: handleResized, frames=ClientWindowFrames{frame=[6,2298][1074,2298] display=[0,74][1080,2298] parentFrame=[0,0][0,0]} displayId=0 dragResizing=false compatScale=1.0 frameChanged=false attachedFrameChanged=false configChanged=false displayChanged=false compatScaleChanged=false dragResizingChanged=false
02-23 09:39:27.638  1952  1952 I VRI[SensorUseStartedActivity]@34ab932: handleResized mSyncSeqId = 0
02-23 09:39:27.638  1952  1952 D VRI[SensorUseStartedActivity]@34ab932: reportNextDraw android.view.ViewRootImpl.handleResized:2983 android.view.ViewRootImpl.-$$Nest$mhandleResized:0 android.view.ViewRootImpl$W.resized:14082 android.app.servertransaction.WindowStateResizeItem.execute:93 android.app.servertransaction.WindowStateTransactionItem.execute:62
02-23 09:39:27.638  1478  1544 D SurfaceComposerClient: setCornerRadius ## 90d86b com.android.systemui/com.android.systemui.sensorprivacy.SensorUseStartedActivity#418 cornerRadius=0.000000
02-23 09:39:27.638  1478  1544 D SurfaceComposerClient: setCornerRadius ## cb7041 com.sec.android.app.launcher/com.sec.android.app.launcher.activities.LauncherActivity#150 cornerRadius=0.000000
02-23 09:39:27.640  1478  1544 D SurfaceComposerClient: setCornerRadius ## 90d86b com.android.systemui/com.android.systemui.sensorprivacy.SensorUseStartedActivity#418 cornerRadius=0.000000
02-23 09:39:27.640  1478  1544 D SurfaceComposerClient: setCornerRadius ## cb7041 com.sec.android.app.launcher/com.sec.android.app.launcher.activities.LauncherActivity#150 cornerRadius=0.000000
02-23 09:39:27.641  1024  1135 I HYPER-HAL: [RequestManager.cpp]releaseLocked(): Released ID : 1137816
02-23 09:39:27.641  1084  1148 I SurfaceFlinger: id=423 createSurf, flag=84004, Transition Root: Task=14130#423
02-23 09:39:27.642  1084  1084 E SurfaceFlinger: alpha changed 1.000 -> 0.000 - Surface(name=e140862 Turn on Microphone access?)/@0xe1efe0 - animation-leash of window_animation#420
02-23 09:39:27.642  1084  1084 I SurfaceFlinger: RequestedLayer [Surface(name=e140862 Turn on Microph[...]mation-leash of window_animation#420] hidden!! flag  from(1) --> to(0)
02-23 09:39:27.642  1084  1084 E SurfaceFlinger: alpha changed 0.000 -> 0.000 - Surface(name=e140862 Turn on Microphone access?)/@0xe1efe0 - animation-leash of window_animation#420
02-23 09:39:27.642  1084  1084 I SurfaceFlinger: RequestedLayer [Turn on Microphone access?$_1952#419] hidden!! flag  from(1) --> to(0)
02-23 09:39:27.642  1084  1084 I SurfaceFlinger: RequestedLayer [Dim Layer for - Display 0 name="Built-in Screen"#422] hidden!! flag  from(1) --> to(0)
02-23 09:39:27.642  1084  1084 E SurfaceFlinger: alpha changed 1.000 -> 0.000 - Dim Layer for - Display 0 name="Built-in Screen"#422
02-23 09:39:27.642  1478  1545 D SurfaceComposerClient: [SEC_SF_EFFECTS] setBackgroundBlurRadius ## Dim Layer for - Display 0 name="Built-in Screen"#422 backgroundBlurRadius=0
02-23 09:39:27.642  1478  1545 D SurfaceComposerClient: [SEC_SF_EFFECTS] setBackgroundBlurRadius ## Dim Layer for - Display 0 name="Built-in Screen"#422 backgroundBlurRadius=0
02-23 09:39:27.642  1084  1084 I SurfaceFlinger: [LayerHierarchy{RequestedLayerState{e140862 Turn on Microphone access?#415 parentId=420} 1 children}] reparent to LayerHierarchy{RequestedLayerState{Surface(name=e140862 Turn on Microphone access?)/@0xe1efe0 - animation-leash of window_animation#420 parentId=414} 1 children}
02-23 09:39:27.642  1084  1084 I SurfaceFlinger: [Dim Layer for - Display 0 name="Built-in Screen"#422] attach to parent LayerHierarchy{RequestedLayerState{Display 0 name="Built-in Screen"#49} 7 children}
02-23 09:39:27.642  1084  1084 I SurfaceFlinger: [Transition Root: Task=14130#423] attach to parent LayerHierarchy{RequestedLayerState{DefaultTaskDisplayArea_d0#10 parentId=9} 9 children}
02-23 09:39:27.642  1952  2087 D SurfaceComposerClient: [SEC_SF_EFFECTS] setBlurRegions Turn on Microphone access?$_1952#419 ## {radius=300, cornerRadii=[73.125, 73.125, 73.125, 73.125], alpha=1.000, rect=[74, 91, 1098, 578], clipRect=[0, 0, 2147483647, 2147483647], colorCurve=[15.000000, 208.100006, 235.000000, 246.300003], curveBias=25.000000, saturation=0.750000, vibrance=[0.000000, (0.000000, 1.000000)], pathData size=0, BlurTint=[(0.000000 0.000000 0.000000) 0.000000, DISABLED]
02-23 09:39:27.643 30975 31251 I Routine@Core[4.9.04.13]: AppFunctionsActionHandler: isSupported: supportStatus = SUPPORTED, tag = appfunction://com.samsung.android.app.reminder.data.crossappactions#TaskFunctions_createTask
02-23 09:39:27.643  1952  1952 D VRI[SensorUseStartedActivity]@34ab932: Setup new sync=wmsSync-VRI[SensorUseStartedActivity]@34ab932#80
02-23 09:39:27.644  1952  1952 I VRI[SensorUseStartedActivity]@34ab932: Creating new active sync group VRI[SensorUseStartedActivity]@34ab932#81
02-23 09:39:27.644  1478  1544 I SurfaceControlRegistry: show, t=StartTransaction_SyncId<26> sc=ActivityRecord{253711889 u0 com.android.systemui/.sensorprivacy.SensorUseStartedActivity t14130}, caller=android.view.SurfaceControl$Transaction.show:3557 com.android.server.wm.Transition.onTransactionReady:2048 com.android.server.wm.BLASTSyncEngine$SyncGroup.finishNow:240 com.android.server.wm.BLASTSyncEngine.onSurfacePlacement:263 com.android.server.wm.RootWindowContainer.performSurfacePlacementNoTrace:1083 com.android.server.wm.WindowSurfacePlacer.performSurfacePlacement:166
02-23 09:39:27.644  1478  1544 I SurfaceControlRegistry: show, t=StartTransaction_SyncId<26> sc=ActivityRecord{179311858 u0 com.sec.android.app.launcher/.activities.LauncherActivity t8}, caller=android.view.SurfaceControl$Transaction.show:3557 com.android.server.wm.Transition.onTransactionReady:2048 com.android.server.wm.BLASTSyncEngine$SyncGroup.finishNow:240 com.android.server.wm.BLASTSyncEngine.onSurfacePlacement:263 com.android.server.wm.RootWindowContainer.performSurfacePlacementNoTrace:1083 com.android.server.wm.WindowSurfacePlacer.performSurfacePlacement:166
02-23 09:39:27.644  1952  1952 D VRI[SensorUseStartedActivity]@34ab932: reportDrawFinished seqId=0
02-23 09:39:27.644  1478  1544 I SurfaceControlRegistry: show, t=StartTransaction_SyncId<26> sc=Task=8, caller=android.view.SurfaceControl$Transaction.show:3557 com.android.server.wm.Transition.onTransactionReady:2081 com.android.server.wm.BLASTSyncEngine$SyncGroup.finishNow:240 com.android.server.wm.BLASTSyncEngine.onSurfacePlacement:263 com.android.server.wm.RootWindowContainer.performSurfacePlacementNoTrace:1083 com.android.server.wm.WindowSurfacePlacer.performSurfacePlacement:166
02-23 09:39:27.644  1478  1544 D SurfaceComposerClient: setCornerRadius ## WallpaperWindowToken{f91ff89 showWhenLocked=false}#74 cornerRadius=0.000000
02-23 09:39:27.644  1478  1544 D SurfaceComposerClient: setCornerRadius ## Task=14131#399 cornerRadius=0.000000
02-23 09:39:27.644  1478  1544 D SurfaceComposerClient: setCornerRadius ## Task=1#53 cornerRadius=0.000000
02-23 09:39:27.644  1478  1544 D SurfaceComposerClient: setCornerRadius ## Task=14130#373 cornerRadius=0.000000
02-23 09:39:27.644  1952  1952 D NavigationBar: onSystemBarAttributesChanged() -  displayId:0, appearance:0, packageName: com.android.systemui, navbarColorManagedByIme:false
02-23 09:39:27.645 30975 31251 I Routine@Core[4.9.04.13]: ConflictItemConverter: convertConflictActions - 15
02-23 09:39:27.645 30975 31251 I Routine@Core[4.9.04.13]: RoutineDataMigrator: migration - begin
02-23 09:39:27.645  1478  1544 D ScreenCapture: [Capture_TEST] : setIsScreenShotBySystem false
02-23 09:39:27.645  1478  1544 I SurfaceComposerClient: captureLayers:childrenOnly:1, sync:1
02-23 09:39:27.646  1952  1996 I SurfaceControlRegistry: show, t=StartTransaction_SyncId<26> sc=WallpaperWindowToken{f91ff89 showWhenLocked=false}, caller=android.view.SurfaceControl$Transaction.show:3557 com.android.wm.shell.transition.Transitions.dispatchReady:907 com.android.wm.shell.transition.Transitions.onTransitionReady:251 com.android.wm.shell.transition.Transitions$TransitionPlayerImpl$$ExternalSyntheticLambda0.run:13 android.os.Handler.handleCallback:995 android.os.Handler.dispatchMessage:103
02-23 09:39:27.646  1952  1996 I SurfaceControlRegistry: hide, t=FinishTransaction_SyncId<26> sc=Task=14131, caller=android.view.SurfaceControl$Transaction.hide:3583 com.android.wm.shell.transition.Transitions.dispatchReady:1263 com.android.wm.shell.transition.Transitions.onTransitionReady:251 com.android.wm.shell.transition.Transitions$TransitionPlayerImpl$$ExternalSyntheticLambda0.run:13 android.os.Handler.handleCallback:995 android.os.Handler.dispatchMessage:103
02-23 09:39:27.646  1952  1996 I SurfaceControlRegistry: show, t=StartTransaction_SyncId<26> sc=Task=1, caller=android.view.SurfaceControl$Transaction.show:3557 com.android.wm.shell.transition.Transitions.dispatchReady:1279 com.android.wm.shell.transition.Transitions.onTransitionReady:251 com.android.wm.shell.transition.Transitions$TransitionPlayerImpl$$ExternalSyntheticLambda0.run:13 android.os.Handler.handleCallback:995 android.os.Handler.dispatchMessage:103
02-23 09:39:27.646  1952  1996 I SurfaceControlRegistry: show, t=FinishTransaction_SyncId<26> sc=Task=1, caller=android.view.SurfaceControl$Transaction.show:3557 com.android.wm.shell.transition.Transitions.dispatchReady:1330 com.android.wm.shell.transition.Transitions.onTransitionReady:251 com.android.wm.shell.transition.Transitions$TransitionPlayerImpl$$ExternalSyntheticLambda0.run:13 android.os.Handler.handleCallback:995 android.os.Handler.dispatchMessage:103
02-23 09:39:27.646  1952  1996 I SurfaceControlRegistry: show, t=StartTransaction_SyncId<26> sc=Task=14130, caller=android.view.SurfaceControl$Transaction.show:3557 com.android.wm.shell.transition.Transitions.dispatchReady:1279 com.android.wm.shell.transition.Transitions.onTransitionReady:251 com.android.wm.shell.transition.Transitions$TransitionPlayerImpl$$ExternalSyntheticLambda0.run:13 android.os.Handler.handleCallback:995 android.os.Handler.dispatchMessage:103
02-23 09:39:27.646  1952  1996 I SurfaceControlRegistry: show, t=FinishTransaction_SyncId<26> sc=Task=14130, caller=android.view.SurfaceControl$Transaction.show:3557 com.android.wm.shell.transition.Transitions.dispatchReady:1330 com.android.wm.shell.transition.Transitions.onTransitionReady:251 com.android.wm.shell.transition.Transitions$TransitionPlayerImpl$$ExternalSyntheticLambda0.run:13 android.os.Handler.handleCallback:995 android.os.Handler.dispatchMessage:103
02-23 09:39:27.647  1952  1996 I SurfaceControlRegistry: apply, t=FinishTransaction_SyncId<25>, caller=android.view.SurfaceControl$Transaction.apply:3459 android.view.SurfaceControl$Transaction.apply:3447 android.view.SurfaceControl$Transaction.apply:3397 com.android.wm.shell.transition.Transitions.onFinish:315 com.android.wm.shell.transition.Transitions$$ExternalSyntheticLambda7.onTransitionFinished:12 com.android.wm.shell.transition.DefaultTransitionHandler$$ExternalSyntheticLambda2.run:36
02-23 09:39:27.649  1478  1545 D SurfaceComposerClient: [SEC_SF_EFFECTS] setBackgroundBlurRadius ## Dim Layer for - Display 0 name="Built-in Screen"#422 backgroundBlurRadius=0
02-23 09:39:27.650  1084  1084 D SurfaceFlinger: Display 4633128672291735999 HWC layers:
02-23 09:39:27.650  1084  1084 D SurfaceFlinger:        CLIENT |          138886357450753 | 00002102 | RGBA_8888    |  337.0    0.0 1080.0 2340.0 |    0    0 1080 2340 | com.innosage.androidagentictemplate/[...]ntictemplate.MainActivity$_32337#381 (48)
02-23 09:39:27.650  1084  1084 D SurfaceFlinger:        CLIENT |                        0 | 00000000 | N/A          |    0.0    0.0    0.0    0.0 |    0    0 1080 2340 | DimTransitionLayer for Surface(name=Task=14131)/@0x1517fc3#407 (0)
02-23 09:39:27.650  1084  1084 D SurfaceFlinger:        CLIENT |          139247134703616 | 00002102 | RGBA_8888    |    0.0    0.0 1078.0 2340.0 |    2    0 1080 2340 | com.innosage.androidagentictemplate.[...]vityInvoker$EmptyActivity$_32421#409 (1)
02-23 09:39:27.650  1084  1084 D SurfaceFlinger:        CLIENT |            8383776161966 | 00002100 | RGBA_8888    |    0.0    0.0 1078.0 2340.0 |    2    0 1080 2340 | Splash Screen com.innosage.androidagentictemplate.test$_1952#402 (1)
02-23 09:39:27.650  1084  1084 D SurfaceFlinger:        CLIENT |            8383776161845 | 00002100 | RGBA_8888    |    0.0    0.0 1080.0   74.0 |    0    0 1080   74 | StatusBar$_1952#104 (8686)
02-23 09:39:27.650  1084  1084 D SurfaceFlinger:        DEVICE |            8383776161982 | 0000210
02-23 09:39:27.650  1084  1084 D SurfaceFlinger: 0 | RGBA_8888    |   46.0    0.0 1126.0  565.0 |    0 1775 1080 2340 | Turn on Microphone access?$_1952#419 (blurRegions) (2)
02-23 09:39:27.650  1084  1084 D SurfaceFlinger:        DEVICE |           10402410790924 | 00002100 | RGBA_8888    |    0.0    0.0   67.0  332.0 | 1013  898 1080 1230 | com.sec.android.app.launcher/com.sam[...]nel.app.CocktailBarService$_2422#215 (7)
02-23 09:39:27.650  1084  1084 D SurfaceFlinger:        DEVICE |            8383776161848 | 00002100 | RGBA_8888    |    0.0    0.0 1080.0  135.0 |    0 2205 1080 2340 | NavigationBar0$_1952#100 (307)
02-23 09:39:27.650  1084  1084 D SurfaceFlinger:
02-23 09:39:27.651  1084  1084 E SurfaceFlinger: alpha changed 0.000 -> 0.094 - Surface(name=e140862 Turn on Microphone access?)/@0xe1efe0 - animation-leash of window_animation#420
02-23 09:39:27.651  1084  1084 I SurfaceFlinger: RequestedLayer [Task=14130#373] hidden!! flag  from(0) --> to(1)
02-23 09:39:27.651  1084  1084 I SurfaceFlinger: [LayerHierarchy{RequestedLayerState{DimTransitionLayer for Surface(name=Task=14131)/@0x1517fc3#407 z=-1} no children}] reparent to OffscreenRoot
02-23 09:39:27.651  1084  1084 I SurfaceFlinger: [LayerHierarchy{RequestedLayerState{DimTransitionLayer for Surface(name=Task=14131)/@0x1517fc3#407 z=-1} no children}] RelativeParent to null
02-23 09:39:27.651  1084  1084 I SurfaceFlinger: [LayerHierarchy{RequestedLayerState{Task=14130#373 parentId=10 z=5} 2 children}] reparent to LayerHierarchy{RequestedLayerState{DefaultTaskDisplayArea_d0#10 parentId=9} 10 children}
02-23 09:39:27.651  1084  1084 I SurfaceFlinger: [LayerHierarchy{RequestedLayerState{Task=14131#399 parentId=10 z=6} 1 children}] reparent to LayerHierarchy{RequestedLayerState{DefaultTaskDisplayArea_d0#10 parentId=9} 11 children}
02-23 09:39:27.651  1084  1084 I SurfaceFlinger: [LayerHierarchy{RequestedLayerState{Transition Root: Task=14131#403 z=6} no children}] reparent to OffscreenRoot
02-23 09:39:27.651  1084  1084 I SurfaceFlinger: [LayerHierarchy{RequestedLayerState{Transition Root: Task=14131#403 z=6} no children}] RelativeParent to null
02-23 09:39:27.651  1084  1084 I SurfaceFlinger: id=407 Removed DimTransitionLayer for Surface(name=Task=14131)/@0x1517fc3#407 (157)
